Component: ARM Compiler 5.05 update 2 (build 169) Tool: armlink [4d0f33]

==============================================================================

Section Cross References

    main.o(i.main) refers to system_stm32f30x.o(i.Delay_ms) for Delay_ms
    main.o(i.main) refers to onboard_led.o(i.LED_Init) for LED_Init
    main.o(i.main) refers to onboard_led.o(i.LED1_On) for LED1_On
    main.o(i.main) refers to onboard_led.o(i.LED2_On) for LED2_On
    main.o(i.main) refers to onboard_led.o(i.LED1_Off) for LED1_Off
    main.o(i.main) refers to onboard_led.o(i.LED2_Off) for LED2_Off
    main.o(i.main) refers to system_stm32f30x.o(.data) for SystemCoreClock
    stm32f3xx_it.o(i.SysTick_Handler) refers to system_stm32f30x.o(i.TimingDelay_Decrement) for TimingDelay_Decrement
    system_stm32f30x.o(i.Delay_ms) refers to system_stm32f30x.o(.data) for .data
    system_stm32f30x.o(i.Delay_us) refers to system_stm32f30x.o(.data) for .data
    system_stm32f30x.o(i.SystemCoreClockUpdate) refers to system_stm32f30x.o(.data) for .data
    system_stm32f30x.o(i.SystemInit) refers to system_stm32f30x.o(i.System_HSIClockInit) for System_HSIClockInit
    system_stm32f30x.o(i.System_HSIClockInit) refers to stm32f30x_rcc.o(i.RCC_DeInit) for RCC_DeInit
    system_stm32f30x.o(i.TimingDelay_Decrement) refers to system_stm32f30x.o(.data) for .data
    oled.o(i.IIC_Start) refers to virtual_i2c.o(i.I2C_Start) for I2C_Start
    oled.o(i.IIC_Stop) refers to virtual_i2c.o(i.I2C_Stop) for I2C_Stop
    oled.o(i.OLED_CLS) refers to oled.o(i.OLED_WrCmd) for OLED_WrCmd
    oled.o(i.OLED_CLS) refers to oled.o(i.OLED_WrDat) for OLED_WrDat
    oled.o(i.OLED_Fill) refers to oled.o(i.OLED_WrCmd) for OLED_WrCmd
    oled.o(i.OLED_Fill) refers to oled.o(i.OLED_WrDat) for OLED_WrDat
    oled.o(i.OLED_Init) refers to virtual_i2c.o(i.Virtual_I2C_init) for Virtual_I2C_init
    oled.o(i.OLED_Init) refers to oled.o(i.delay) for delay
    oled.o(i.OLED_Init) refers to oled.o(i.OLED_WrCmd) for OLED_WrCmd
    oled.o(i.OLED_Init) refers to oled.o(i.OLED_Fill) for OLED_Fill
    oled.o(i.OLED_Init) refers to oled.o(i.OLED_Set_Pos) for OLED_Set_Pos
    oled.o(i.OLED_P6x8Str) refers to oled.o(i.OLED_Set_Pos) for OLED_Set_Pos
    oled.o(i.OLED_P6x8Str) refers to oled.o(i.OLED_WrDat) for OLED_WrDat
    oled.o(i.OLED_P6x8Str) refers to oled.o(.constdata) for .constdata
    oled.o(i.OLED_P8x16Str) refers to oled.o(i.OLED_Set_Pos) for OLED_Set_Pos
    oled.o(i.OLED_P8x16Str) refers to oled.o(i.OLED_WrDat) for OLED_WrDat
    oled.o(i.OLED_P8x16Str) refers to oled.o(.constdata) for .constdata
    oled.o(i.OLED_Set_Pos) refers to oled.o(i.OLED_WrCmd) for OLED_WrCmd
    oled.o(i.OLED_WrCmd) refers to virtual_i2c.o(i.I2C_Start) for I2C_Start
    oled.o(i.OLED_WrCmd) refers to virtual_i2c.o(i.I2C_SendByte) for I2C_SendByte
    oled.o(i.OLED_WrCmd) refers to virtual_i2c.o(i.I2C_Stop) for I2C_Stop
    oled.o(i.OLED_WrDat) refers to virtual_i2c.o(i.I2C_Start) for I2C_Start
    oled.o(i.OLED_WrDat) refers to virtual_i2c.o(i.I2C_SendByte) for I2C_SendByte
    oled.o(i.OLED_WrDat) refers to virtual_i2c.o(i.I2C_Stop) for I2C_Stop
    oled.o(i.Write_IIC_Byte) refers to virtual_i2c.o(i.I2C_SendByte) for I2C_SendByte
    hp_pid_code.o(RAMCODE) refers to fadd.o(.text) for __aeabi_fsub
    hp_pid_code.o(RAMCODE) refers to fmul.o(.text) for __aeabi_fmul
    hp_pid_code.o(RAMCODE) refers to cfrcmple.o(.text) for __aeabi_cfrcmple
    hp_pid_code.o(RAMCODE) refers to cfcmple.o(.text) for __aeabi_cfcmple
    hp_pid_code.o(i.PID_init) refers to ddiv.o(.text) for __aeabi_ddiv
    hp_pid_code.o(i.PID_init) refers to dadd.o(.text) for __aeabi_dadd
    hp_pid_code.o(i.PID_init) refers to dmul.o(.text) for __aeabi_dmul
    hp_pid_code.o(i.PID_init) refers to d2f.o(.text) for __aeabi_d2f
    hp_pid_code.o(i.PID_init) refers to dscalb.o(.text) for __ARM_scalbn
    hp_pid_code.o(i.PI_init) refers to ddiv.o(.text) for __aeabi_ddiv
    hp_pid_code.o(i.PI_init) refers to dadd.o(.text) for __aeabi_dadd
    hp_pid_code.o(i.PI_init) refers to dmul.o(.text) for __aeabi_dmul
    hp_pid_code.o(i.PI_init) refers to d2f.o(.text) for __aeabi_d2f
    hp_pid_code.o(i.PI_init) refers to dscalb.o(.text) for __ARM_scalbn
    onboard_led.o(i.LED_Init) refers to stm32f30x_rcc.o(i.RCC_AHBPeriphClockCmd) for RCC_AHBPeriphClockCmd
    onboard_led.o(i.LED_Init) refers to stm32f30x_gpio.o(i.GPIO_Init) for GPIO_Init
    usart.o(i.USART1_PrintString) refers to usart.o(i.USART1_TxSend) for USART1_TxSend
    usart.o(i.USART1_TxSend) refers to stm32f30x_usart.o(i.USART_SendData) for USART_SendData
    usart.o(i.USART1_TxSend) refers to stm32f30x_usart.o(i.USART_ClearFlag) for USART_ClearFlag
    usart.o(i.USART1_TxSend) refers to stm32f30x_usart.o(i.USART_GetFlagStatus) for USART_GetFlagStatus
    usart.o(i.USART1_init) refers to stm32f30x_rcc.o(i.RCC_AHBPeriphClockCmd) for RCC_AHBPeriphClockCmd
    usart.o(i.USART1_init) refers to stm32f30x_rcc.o(i.RCC_APB2PeriphClockCmd) for RCC_APB2PeriphClockCmd
[...]
    stm32f30x_hrtim.o(i.HRTIM_Waveform_Init) refers to stm32f30x_hrtim.o(i.HRTIM_TimingUnitWaveform_Config) for HRTIM_TimingUnitWaveform_Config
    stm32f30x_hrtim.o(i.HRTIM_Waveform_Init) refers to stm32f30x_hrtim.o(i.HRTIM_MasterBase_Config) for HRTIM_MasterBase_Config
    stm32f30x_i2c.o(i.I2C_DeInit) refers to stm32f30x_rcc.o(i.RCC_APB1PeriphResetCmd) for RCC_APB1PeriphResetCmd
    stm32f30x_pwr.o(i.PWR_DeInit) refers to stm32f30x_rcc.o(i.RCC_APB1PeriphResetCmd) for RCC_APB1PeriphResetCmd
    stm32f30x_rcc.o(i.RCC_GetClocksFreq) refers to stm32f30x_rcc.o(.data) for .data
    stm32f30x_rcc.o(i.RCC_WaitForHSEStartUp) refers to stm32f30x_rcc.o(i.RCC_GetFlagStatus) for RCC_GetFlagStatus
    stm32f30x_rtc.o(i.RTC_DeInit) refers to stm32f30x_rtc.o(i.RTC_EnterInitMode) for RTC_EnterInitMode
    stm32f30x_rtc.o(i.RTC_DeInit) refers to stm32f30x_rtc.o(i.RTC_WaitForSynchro) for RTC_WaitForSynchro
    stm32f30x_rtc.o(i.RTC_GetAlarm) refers to stm32f30x_rtc.o(i.RTC_Bcd2ToByte) for RTC_Bcd2ToByte
    stm32f30x_rtc.o(i.RTC_GetDate) refers to stm32f30x_rtc.o(i.RTC_Bcd2ToByte) for RTC_Bcd2ToByte
    stm32f30x_rtc.o(i.RTC_GetTime) refers to stm32f30x_rtc.o(i.RTC_Bcd2ToByte) for RTC_Bcd2ToByte
    stm32f30x_rtc.o(i.RTC_GetTimeStamp) refers to stm32f30x_rtc.o(i.RTC_Bcd2ToByte) for RTC_Bcd2ToByte
    stm32f30x_rtc.o(i.RTC_Init) refers to stm32f30x_rtc.o(i.RTC_EnterInitMode) for RTC_EnterInitMode
    stm32f30x_rtc.o(i.RTC_Init) refers to stm32f30x_rtc.o(i.RTC_ExitInitMode) for RTC_ExitInitMode
    stm32f30x_rtc.o(i.RTC_RefClockCmd) refers to stm32f30x_rtc.o(i.RTC_EnterInitMode) for RTC_EnterInitMode
    stm32f30x_rtc.o(i.RTC_RefClockCmd) refers to stm32f30x_rtc.o(i.RTC_ExitInitMode) for RTC_ExitInitMode
    stm32f30x_rtc.o(i.RTC_SetAlarm) refers to stm32f30x_rtc.o(i.RTC_Bcd2ToByte) for RTC_Bcd2ToByte
    stm32f30x_rtc.o(i.RTC_SetAlarm) refers to stm32f30x_rtc.o(i.RTC_ByteToBcd2) for RTC_ByteToBcd2
    stm32f30x_rtc.o(i.RTC_SetDate) refers to stm32f30x_rtc.o(i.RTC_Bcd2ToByte) for RTC_Bcd2ToByte
    stm32f30x_rtc.o(i.RTC_SetDate) refers to stm32f30x_rtc.o(i.RTC_ByteToBcd2) for RTC_ByteToBcd2
    stm32f30x_rtc.o(i.RTC_SetDate) refers to stm32f30x_rtc.o(i.RTC_EnterInitMode) for RTC_EnterInitMode
    stm32f30x_rtc.o(i.RTC_SetDate) refers to stm32f30x_rtc.o(i.RTC_ExitInitMode) for RTC_ExitInitMode
    stm32f30x_rtc.o(i.RTC_SetDate) refers to stm32f30x_rtc.o(i.RTC_WaitForSynchro) for RTC_WaitForSynchro
    stm32f30x_rtc.o(i.RTC_SetTime) refers to stm32f30x_rtc.o(i.RTC_Bcd2ToByte) for RTC_Bcd2ToByte
    stm32f30x_rtc.o(i.RTC_SetTime) refers to stm32f30x_rtc.o(i.RTC_ByteToBcd2) for RTC_ByteToBcd2
    stm32f30x_rtc.o(i.RTC_SetTime) refers to stm32f30x_rtc.o(i.RTC_EnterInitMode) for RTC_EnterInitMode
    stm32f30x_rtc.o(i.RTC_SetTime) refers to stm32f30x_rtc.o(i.RTC_ExitInitMode) for RTC_ExitInitMode
    stm32f30x_rtc.o(i.RTC_SetTime) refers to stm32f30x_rtc.o(i.RTC_WaitForSynchro) for RTC_WaitForSynchro
    stm32f30x_rtc.o(i.RTC_SynchroShiftConfig) refers to stm32f30x_rtc.o(i.RTC_WaitForSynchro) for RTC_WaitForSynchro
    stm32f30x_spi.o(i.I2S_Init) refers to stm32f30x_rcc.o(i.RCC_GetClocksFreq) for RCC_GetClocksFreq
    stm32f30x_spi.o(i.SPI_I2S_DeInit) refers to stm32f30x_rcc.o(i.RCC_APB2PeriphResetCmd) for RCC_APB2PeriphResetCmd
    stm32f30x_spi.o(i.SPI_I2S_DeInit) refers to stm32f30x_rcc.o(i.RCC_APB1PeriphResetCmd) for RCC_APB1PeriphResetCmd
    stm32f30x_tim.o(i.TIM_DeInit) refers to stm32f30x_rcc.o(i.RCC_APB1PeriphResetCmd) for RCC_APB1PeriphResetCmd
    stm32f30x_tim.o(i.TIM_DeInit) refers to stm32f30x_rcc.o(i.RCC_APB2PeriphResetCmd) for RCC_APB2PeriphResetCmd
    stm32f30x_tim.o(i.TIM_ETRClockMode1Config) refers to stm32f30x_tim.o(i.TIM_ETRConfig) for TIM_ETRConfig
    stm32f30x_tim.o(i.TIM_ETRClockMode2Config) refers to stm32f30x_tim.o(i.TIM_ETRConfig) for TIM_ETRConfig
    stm32f30x_tim.o(i.TIM_ICInit) refers to stm32f30x_tim.o(i.TIM_SetIC4Prescaler) for TIM_SetIC4Prescaler
    stm32f30x_tim.o(i.TIM_ICInit) refers to stm32f30x_tim.o(i.TI1_Config) for TI1_Config
    stm32f30x_tim.o(i.TIM_ICInit) refers to stm32f30x_tim.o(i.TIM_SetIC1Prescaler) for TIM_SetIC1Prescaler
    stm32f30x_tim.o(i.TIM_ICInit) refers to stm32f30x_tim.o(i.TI2_Config) for TI2_Config
    stm32f30x_tim.o(i.TIM_ICInit) refers to stm32f30x_tim.o(i.TIM_SetIC2Prescaler) for TIM_SetIC2Prescaler
    stm32f30x_tim.o(i.TIM_ICInit) refers to stm32f30x_tim.o(i.TIM_SetIC3Prescaler) for TIM_SetIC3Prescaler
    stm32f30x_tim.o(i.TIM_ITRxExternalClockConfig) refers to stm32f30x_tim.o(i.TIM_SelectInputTrigger) for TIM_SelectInputTrigger
    stm32f30x_tim.o(i.TIM_PWMIConfig) refers to stm32f30x_tim.o(i.TI2_Config) for TI2_Config
    stm32f30x_tim.o(i.TIM_PWMIConfig) refers to stm32f30x_tim.o(i.TIM_SetIC2Prescaler) for TIM_SetIC2Prescaler
    stm32f30x_tim.o(i.TIM_PWMIConfig) refers to stm32f30x_tim.o(i.TI1_Config) for TI1_Config
    stm32f30x_tim.o(i.TIM_PWMIConfig) refers to stm32f30x_tim.o(i.TIM_SetIC1Prescaler) for TIM_SetIC1Prescaler
    stm32f30x_tim.o(i.TIM_TIxExternalClockConfig) refers to stm32f30x_tim.o(i.TI1_Config) for TI1_Config
    stm32f30x_tim.o(i.TIM_TIxExternalClockConfig) refers to stm32f30x_tim.o(i.TIM_SelectInputTrigger) for TIM_SelectInputTrigger
    stm32f30x_tim.o(i.TIM_TIxExternalClockConfig) refers to stm32f30x_tim.o(i.TI2_Config) for TI2_Config
    stm32f30x_usart.o(i.USART_DeInit) refers to stm32f30x_rcc.o(i.RCC_APB2PeriphResetCmd) for RCC_APB2PeriphResetCmd
    stm32f30x_usart.o(i.USART_DeInit) refers to stm32f30x_rcc.o(i.RCC_APB1PeriphResetCmd) for RCC_APB1PeriphResetCmd
    stm32f30x_usart.o(i.USART_Init) refers to stm32f30x_rcc.o(i.RCC_GetClocksFreq) for RCC_GetClocksFreq
    stm32f30x_wwdg.o(i.WWDG_DeInit) refers to stm32f30x_rcc.o(i.RCC_APB1PeriphResetCmd) for RCC_APB1PeriphResetCmd
    startup_stm32f334x8.o(RESET) refers to startup_stm32f334x8.o(STACK) for __initial_sp
    startup_stm32f334x8.o(RESET) refers to startup_stm32f334x8.o(.text) for Reset_Handler
    startup_stm32f334x8.o(RESET) refers to stm32f3xx_it.o(i.NMI_Handler) for NMI_Handler
    startup_stm32f334x8.o(RESET) refers to stm32f3xx_it.o(i.HardFault_Handler) for HardFault_Handler
    startup_stm32f334x8.o(RESET) refers to stm32f3xx_it.o(i.MemManage_Handler) for MemManage_Handler
    startup_stm32f334x8.o(RESET) refers to stm32f3xx_it.o(i.BusFault_Handler) for BusFault_Handler
    startup_stm32f334x8.o(RESET) refers to stm32f3xx_it.o(i.UsageFault_Handler) for UsageFault_Handler
    startup_stm32f334x8.o(RESET) refers to stm32f3xx_it.o(i.SVC_Handler) for SVC_Handler
    startup_stm32f334x8.o(RESET) refers to stm32f3xx_it.o(i.DebugMon_Handler) for DebugMon_Handler
    startup_stm32f334x8.o(RESET) refers to stm32f3xx_it.o(i.PendSV_Handler) for PendSV_Handler
    startup_stm32f334x8.o(RESET) refers to stm32f3xx_it.o(i.SysTick_Handler) for SysTick_Handler
    startup_stm32f334x8.o(RESET) refers to stm32f3xx_it.o(i.EXTI0_IRQHandler) for EXTI0_IRQHandler
    startup_stm32f334x8.o(RESET) refers to usart.o(i.USART1_IRQHandler) for USART1_IRQHandler
    startup_stm32f334x8.o(RESET) refers to hrpwm.o(i.HRTIM1_TIMA_IRQHandler) for HRTIM1_TIMA_IRQHandler
    startup_stm32f334x8.o(.text) refers to system_stm32f30x.o(i.SystemInit) for SystemInit
    startup_stm32f334x8.o(.text) refers to entry.o(.ARM.Collect$$$$00000000) for __main
    entry.o(.ARM.Collect$$$$00000000) refers (Special) to entry10a.o(.ARM.Collect$$$$0000000D) for __rt_final_cpp
    entry.o(.ARM.Collect$$$$00000000) refers (Special) to entry11a.o(.ARM.Collect$$$$0000000F) for __rt_final_exit
    entry.o(.ARM.Collect$$$$00000000) refers (Special) to entry7b.o(.ARM.Collect$$$$00000008) for _main_clock
    entry.o(.ARM.Collect$$$$00000000) refers (Special) to entry8b.o(.ARM.Collect$$$$0000000A) for _main_cpp_init
    entry.o(.ARM.Collect$$$$00000000) refers (Special) to entry9a.o(.ARM.Collect$$$$0000000B) for _main_init
    entry.o(.ARM.Collect$$$$00000000) refers (Special) to entry5.o(.ARM.Collect$$$$00000004) for _main_scatterload
    entry.o(.ARM.Collect$$$$00000000) refers (Special) to entry2.o(.ARM.Collect$$$$00000001) for _main_stk
    fadd.o(.text) refers (Special) to iusefp.o(.text) for __I$use$fp
    fadd.o(.text) refers to fepilogue.o(.text) for _float_epilogue
    fmul.o(.text) refers (Special) to iusefp.o(.text) for __I$use$fp
    dadd.o(.text) refers (Special) to iusefp.o(.text) for __I$use$fp
    dadd.o(.text) refers to llshl.o(.text) for __aeabi_llsl
    dadd.o(.text) refers to llsshr.o(.text) for __aeabi_lasr
    dadd.o(.text) refers to depilogue.o(.text) for _double_epilogue
    dmul.o(.text) refers (Special) to iusefp.o(.text) for __I$use$fp
    dmul.o(.text) refers to depilogue.o(.text) for _double_epilogue
    ddiv.o(.text) refers (Special) to iusefp.o(.text) for __I$use$fp
    ddiv.o(.text) refers to depilogue.o(.text) for _double_round
    dscalb.o(.text) refers (Special) to iusefp.o(.text) for __I$use$fp
    dfltui.o(.text) refers (Special) to iusefp.o(.text) for __I$use$fp
    dfltui.o(.text) refers to depilogue.o(.text) for _double_epilogue
    dfixui.o(.text) refers (Special) to iusefp.o(.text) for __I$use$fp
    dfixui.o(.text) refers to llushr.o(.text) for __aeabi_llsr
    d2f.o(.text) refers (Special) to iusefp.o(.text) for __I$use$fp
    d2f.o(.text) refers to fepilogue.o(.text) for _float_round
    cfcmple.o(.text) refers (Special) to iusefp.o(.text) for __I$use$fp
    cfrcmple.o(.text) refers (Special) to iusefp.o(.text) for __I$use$fp
    entry2.o(.ARM.Collect$$$$00000001) refers to entry2.o(.ARM.Collect$$$$00002712) for __lit__00000000
    entry2.o(.ARM.Collect$$$$00002712) refers to startup_stm32f334x8.o(STACK) for __initial_sp
    entry2.o(__vectab_stack_and_reset_area) refers to startup_stm32f334x8.o(STACK) for __initial_sp
    entry2.o(__vectab_stack_and_reset_area) refers to entry.o(.ARM.Collect$$$$00000000) for __main
    entry5.o(.ARM.Collect$$$$00000004) refers to init.o(.text) for __scatterload
    entry9a.o(.ARM.Collect$$$$0000000B) refers to main.o(i.main) for main
    entry9b.o(.ARM.Collect$$$$0000000C) refers to main.o(i.main) for main
    depilogue.o(.text) refers to llshl.o(.text) for __aeabi_llsl
    depilogue.o(.text) refers to llushr.o(.text) for __aeabi_llsr
    init.o(.text) refers to entry5.o(.ARM.Collect$$$$00000004) for __main_after_scatterload


==============================================================================

Removing Unused input sections from the image.

    Removing main.o(.rev16_text), (4 bytes).
    Removing main.o(.revsh_text), (4 bytes).
    Removing main.o(.bss), (88 bytes).
    Removing main.o(.data), (2 bytes).
    Removing main.o(.data), (4 bytes).
    Removing main.o(.data), (4 bytes).
    Removing main.o(.data), (4 bytes).
    Removing main.o(.data), (4 bytes).
    Removing main.o(.data), (4 bytes).
    Removing main.o(.data), (4 bytes).
    Removing main.o(.data), (4 bytes).
    Removing main.o(.data), (4 bytes).
    Removing main.o(.data), (2 bytes).
    Removing main.o(.data), (2 bytes).
    Removing main.o(.data), (2 bytes).
    Removing main.o(.data), (2 bytes).
    Removing main.o(.data), (4 bytes).
    Removing main.o(.data), (4 bytes).
    Removing stm32f3xx_it.o(.rev16_text), (4 bytes).
    Removing stm32f3xx_it.o(.revsh_text), (4 bytes).
    Removing system_stm32f30x.o(.rev16_text), (4 bytes).
    Removing system_stm32f30x.o(.revsh_text), (4 bytes).
    Removing system_stm32f30x.o(i.Delay_us), (20 bytes).
    Removing system_stm32f30x.o(i.SystemCoreClockUpdate), (108 bytes).
    Removing system_stm32f30x.o(.data), (1 bytes).
    Removing oled.o(.rev16_text), (4 bytes).
    Removing oled.o(.revsh_text), (4 bytes).
    Removing oled.o(i.IIC_Start), (4 bytes).
    Removing oled.o(i.IIC_Stop), (4 bytes).
    Removing oled.o(i.OLED_CLS), (52 bytes).
    Removing oled.o(i.OLED_Fill), (54 bytes).
    Removing oled.o(i.OLED_Init), (200 bytes).
    Removing oled.o(i.OLED_P6x8Str), (92 bytes).
    Removing oled.o(i.OLED_P8x16Str), (128 bytes).
    Removing oled.o(i.OLED_Set_Pos), (38 bytes).
    Removing oled.o(i.OLED_WrCmd), (34 bytes).
    Removing oled.o(i.OLED_WrDat), (34 bytes).
    Removing oled.o(i.Write_IIC_Byte), (4 bytes).
    Removing oled.o(i.delay), (16 bytes).
    Removing oled.o(.constdata), (2072 bytes).
    Removing dplib.o(i.Fault), (4 bytes).
    Removing dplib.o(.bss), (28 bytes).
    Removing dplib.o(.bss), (28 bytes).
    Removing hp_pid_code.o(RAMCODE), (204 bytes).
    Removing hp_pid_code.o(i.PID_Clean), (16 bytes).
    Removing hp_pid_code.o(i.PID_DeInit), (46 bytes).
    Removing hp_pid_code.o(i.PID_init), (156 bytes).
    Removing hp_pid_code.o(i.PI_Clean), (16 bytes).
    Removing hp_pid_code.o(i.PI_DeInit), (46 bytes).
    Removing hp_pid_code.o(i.PI_init), (128 bytes).
    Removing onboard_led.o(.rev16_text), (4 bytes).
    Removing onboard_led.o(.revsh_text), (4 bytes).
    Removing onboard_led.o(i.LED1_Toggle), (16 bytes).
    Removing onboard_led.o(i.LED2_Toggle), (16 bytes).
    Removing usart.o(.rev16_text), (4 bytes).
    Removing usart.o(.revsh_text), (4 bytes).
    Removing usart.o(i.USART1_PrintString), (24 bytes).
    Removing usart.o(i.USART1_TxSend), (56 bytes).
    Removing usart.o(i.USART1_init), (132 bytes).
    Removing usart.o(i.USART1_printf), (252 bytes).
    Removing usart.o(i.fputc), (14 bytes).
    Removing hrpwm.o(.rev16_text), (4 bytes).
    Removing hrpwm.o(.revsh_text), (4 bytes).
    Removing hrpwm.o(i.HrPWM_CHA_Init), (516 bytes).
    Removing hrpwm.o(i.HrPWM_CHA_Update), (44 bytes).
    Removing hrpwm.o(.bss), (16 bytes).
    Removing adc.o(.rev16_text), (4 bytes).
    Removing adc.o(.revsh_text), (4 bytes).
    Removing adc.o(i.ADC_init), (246 bytes).
    Removing virtual_i2c.o(.rev16_text), (4 bytes).
    Removing virtual_i2c.o(.revsh_text), (4 bytes).
    Removing virtual_i2c.o(i.I2C_Ack), (48 bytes).
    Removing virtual_i2c.o(i.I2C_Delay), (10 bytes).
    Removing virtual_i2c.o(i.I2C_NoAck), (48 bytes).
    Removing virtual_i2c.o(i.I2C_SendByte), (60 bytes).
    Removing virtual_i2c.o(i.I2C_Start), (36 bytes).
    Removing virtual_i2c.o(i.I2C_Stop), (36 bytes).
    Removing virtual_i2c.o(i.Virtual_I2C_init), (64 bytes).
    Removing virtual_i2c.o(i.Write), (42 bytes).
    Removing timer.o(.rev16_text), (4 bytes).
    Removing timer.o(.revsh_text), (4 bytes).
    Removing timer.o(i.TIMER3_init), (92 bytes).
    Removing stm32f30x_adc.o(.rev16_text), (4 bytes).
    Removing stm32f30x_adc.o(.revsh_text), (4 bytes).
    Removing stm32f30x_adc.o(i.ADC_AnalogWatchdog1SingleChannelConfig), (14 bytes).
    Removing stm32f30x_adc.o(i.ADC_AnalogWatchdog1ThresholdsConfig), (40 bytes).
    Removing stm32f30x_adc.o(i.ADC_AnalogWatchdog2SingleChannelConfig), (28 bytes).
    Removing stm32f30x_adc.o(i.ADC_AnalogWatchdog2ThresholdsConfig), (32 bytes).
    Removing stm32f30x_adc.o(i.ADC_AnalogWatchdog3SingleChannelConfig), (28 bytes).
    Removing stm32f30x_adc.o(i.ADC_AnalogWatchdog3ThresholdsConfig), (32 bytes).
    Removing stm32f30x_adc.o(i.ADC_AnalogWatchdogCmd), (12 bytes).
    Removing stm32f30x_adc.o(i.ADC_AutoDelayCmd), (20 bytes).
    Removing stm32f30x_adc.o(i.ADC_AutoInjectedConvCmd), (20 bytes).
    Removing stm32f30x_adc.o(i.ADC_ChannelOffset1Cmd), (20 bytes).
    Removing stm32f30x_adc.o(i.ADC_ChannelOffset2Cmd), (20 bytes).
    Removing stm32f30x_adc.o(i.ADC_ChannelOffset3Cmd), (20 bytes).
    Removing stm32f30x_adc.o(i.ADC_ChannelOffset4Cmd), (20 bytes).
    Removing stm32f30x_adc.o(i.ADC_ClearCommonFlag), (44 bytes).
    Removing stm32f30x_adc.o(i.ADC_ClearFlag), (4 bytes).
    Removing stm32f30x_adc.o(i.ADC_ClearITPendingBit), (4 bytes).
    Removing stm32f30x_adc.o(i.ADC_Cmd), (20 bytes).
    Removing stm32f30x_adc.o(i.ADC_CommonInit), (84 bytes).
    Removing stm32f30x_adc.o(i.ADC_CommonStructInit), (14 bytes).
    Removing stm32f30x_adc.o(i.ADC_DMACmd), (20 bytes).
    Removing stm32f30x_adc.o(i.ADC_DMAConfig), (16 bytes).
    Removing stm32f30x_adc.o(i.ADC_DeInit), (68 bytes).
    Removing stm32f30x_adc.o(i.ADC_DisableCmd), (10 bytes).
    Removing stm32f30x_adc.o(i.ADC_DiscModeChannelCountConfig), (16 bytes).
    Removing stm32f30x_adc.o(i.ADC_DiscModeCmd), (20 bytes).
    Removing stm32f30x_adc.o(i.ADC_ExternalTriggerConfig), (18 bytes).
    Removing stm32f30x_adc.o(i.ADC_GetCalibrationStatus), (14 bytes).
    Removing stm32f30x_adc.o(i.ADC_GetCalibrationValue), (6 bytes).
    Removing stm32f30x_adc.o(i.ADC_GetCommonFlagStatus), (48 bytes).
    Removing stm32f30x_adc.o(i.ADC_GetConversionValue), (6 bytes).
    Removing stm32f30x_adc.o(i.ADC_GetDisableCmdStatus), (14 bytes).
    Removing stm32f30x_adc.o(i.ADC_GetDualModeConversionValue), (36 bytes).
    Removing stm32f30x_adc.o(i.ADC_GetFlagStatus), (14 bytes).
    Removing stm32f30x_adc.o(i.ADC_GetITStatus), (26 bytes).
    Removing stm32f30x_adc.o(i.ADC_GetInjectedConversionValue), (16 bytes).
    Removing stm32f30x_adc.o(i.ADC_GetStartConversionStatus), (14 bytes).
    Removing stm32f30x_adc.o(i.ADC_GetStartInjectedConversionStatus), (14 bytes).
    Removing stm32f30x_adc.o(i.ADC_ITConfig), (16 bytes).
    Removing stm32f30x_adc.o(i.ADC_Init), (60 bytes).
    Removing stm32f30x_adc.o(i.ADC_InjectedChannelSampleTimeConfig), (62 bytes).
    Removing stm32f30x_adc.o(i.ADC_InjectedDiscModeCmd), (20 bytes).
    Removing stm32f30x_adc.o(i.ADC_InjectedInit), (44 bytes).
    Removing stm32f30x_adc.o(i.ADC_InjectedStructInit), (20 bytes).
    Removing stm32f30x_adc.o(i.ADC_RegularChannelConfig), (172 bytes).
    Removing stm32f30x_adc.o(i.ADC_RegularChannelSequencerLengthConfig), (18 bytes).
    Removing stm32f30x_adc.o(i.ADC_SelectCalibrationMode), (16 bytes).
    Removing stm32f30x_adc.o(i.ADC_SelectDifferentialMode), (20 bytes).
    Removing stm32f30x_adc.o(i.ADC_SelectQueueOfContextMode), (20 bytes).
    Removing stm32f30x_adc.o(i.ADC_SetCalibrationValue), (6 bytes).
    Removing stm32f30x_adc.o(i.ADC_SetChannelOffset1), (32 bytes).
    Removing stm32f30x_adc.o(i.ADC_SetChannelOffset2), (32 bytes).
    Removing stm32f30x_adc.o(i.ADC_SetChannelOffset3), (32 bytes).
    Removing stm32f30x_adc.o(i.ADC_SetChannelOffset4), (32 bytes).
    Removing stm32f30x_adc.o(i.ADC_StartCalibration), (10 bytes).
    Removing stm32f30x_adc.o(i.ADC_StartConversion), (10 bytes).
    Removing stm32f30x_adc.o(i.ADC_StartInjectedConversion), (10 bytes).
    Removing stm32f30x_adc.o(i.ADC_StopConversion), (10 bytes).
    Removing stm32f30x_adc.o(i.ADC_StopInjectedConversion), (10 bytes).
    Removing stm32f30x_adc.o(i.ADC_StructInit), (22 bytes).
    Removing stm32f30x_adc.o(i.ADC_TempSensorCmd), (28 bytes).
    Removing stm32f30x_adc.o(i.ADC_VbatCmd), (28 bytes).
    Removing stm32f30x_adc.o(i.ADC_VoltageRegulatorCmd), (28 bytes).
    Removing stm32f30x_adc.o(i.ADC_VrefintCmd), (68 bytes).
    Removing stm32f30x_can.o(.rev16_text), (4 bytes).
    Removing stm32f30x_can.o(.revsh_text), (4 bytes).
    Removing stm32f30x_can.o(i.CAN_CancelTransmit), (36 bytes).
    Removing stm32f30x_can.o(i.CAN_ClearFlag), (48 bytes).
    Removing stm32f30x_can.o(i.CAN_ClearITPendingBit), (120 bytes).
    Removing stm32f30x_can.o(i.CAN_DBGFreeze), (20 bytes).
    Removing stm32f30x_can.o(i.CAN_DeInit), (24 bytes).
    Removing stm32f30x_can.o(i.CAN_FIFORelease), (22 bytes).
    Removing stm32f30x_can.o(i.CAN_FilterInit), (204 bytes).
    Removing stm32f30x_can.o(i.CAN_GetFlagStatus), (52 bytes).
    Removing stm32f30x_can.o(i.CAN_GetITStatus), (168 bytes).
    Removing stm32f30x_can.o(i.CAN_GetLSBTransmitErrorCounter), (8 bytes).
    Removing stm32f30x_can.o(i.CAN_GetLastErrorCode), (10 bytes).
    Removing stm32f30x_can.o(i.CAN_GetReceiveErrorCounter), (6 bytes).
    Removing stm32f30x_can.o(i.CAN_ITConfig), (16 bytes).
    Removing stm32f30x_can.o(i.CAN_Init), (242 bytes).
    Removing stm32f30x_can.o(i.CAN_MessagePending), (22 bytes).
    Removing stm32f30x_can.o(i.CAN_OperatingModeRequest), (140 bytes).
    Removing stm32f30x_can.o(i.CAN_Receive), (142 bytes).
    Removing stm32f30x_can.o(i.CAN_SlaveStartBank), (44 bytes).
    Removing stm32f30x_can.o(i.CAN_Sleep), (30 bytes).
    Removing stm32f30x_can.o(i.CAN_StructInit), (32 bytes).
    Removing stm32f30x_can.o(i.CAN_TTComModeCmd), (90 bytes).
    Removing stm32f30x_can.o(i.CAN_Transmit), (164 bytes).
    Removing stm32f30x_can.o(i.CAN_TransmitStatus), (108 bytes).
    Removing stm32f30x_can.o(i.CAN_WakeUp), (40 bytes).
    Removing stm32f30x_can.o(i.CheckITStatus), (12 bytes).
    Removing stm32f30x_comp.o(.rev16_text), (4 bytes).
    Removing stm32f30x_comp.o(.revsh_text), (4 bytes).
    Removing stm32f30x_comp.o(i.COMP_Cmd), (28 bytes).
    Removing stm32f30x_comp.o(i.COMP_DeInit), (16 bytes).
    Removing stm32f30x_comp.o(i.COMP_GetOutputLevel), (24 bytes).
    Removing stm32f30x_comp.o(i.COMP_Init), (48 bytes).
    Removing stm32f30x_comp.o(i.COMP_LockConfig), (20 bytes).
    Removing stm32f30x_comp.o(i.COMP_StructInit), (20 bytes).
    Removing stm32f30x_comp.o(i.COMP_SwitchCmd), (28 bytes).
    Removing stm32f30x_comp.o(i.COMP_WindowCmd), (28 bytes).
    Removing stm32f30x_crc.o(.rev16_text), (4 bytes).
    Removing stm32f30x_crc.o(.revsh_text), (4 bytes).
    Removing stm32f30x_crc.o(i.CRC_CalcBlockCRC), (28 bytes).
    Removing stm32f30x_crc.o(i.CRC_CalcCRC), (12 bytes).
    Removing stm32f30x_crc.o(i.CRC_CalcCRC16bits), (12 bytes).
    Removing stm32f30x_crc.o(i.CRC_CalcCRC8bits), (12 bytes).
    Removing stm32f30x_crc.o(i.CRC_DeInit), (32 bytes).
    Removing stm32f30x_crc.o(i.CRC_GetCRC), (12 bytes).
    Removing stm32f30x_crc.o(i.CRC_GetIDRegister), (12 bytes).
    Removing stm32f30x_crc.o(i.CRC_PolynomialSizeSelect), (20 bytes).
    Removing stm32f30x_crc.o(i.CRC_ResetDR), (16 bytes).
    Removing stm32f30x_crc.o(i.CRC_ReverseInputDataSelect), (20 bytes).
    Removing stm32f30x_crc.o(i.CRC_ReverseOutputDataCmd), (28 bytes).
    Removing stm32f30x_crc.o(i.CRC_SetIDRegister), (12 bytes).
    Removing stm32f30x_crc.o(i.CRC_SetInitRegister), (12 bytes).
    Removing stm32f30x_crc.o(i.CRC_SetPolynomial), (12 bytes).
    Removing stm32f30x_dac.o(.rev16_text), (4 bytes).
    Removing stm32f30x_dac.o(.revsh_text), (4 bytes).
    Removing stm32f30x_dac.o(i.DAC_ClearFlag), (6 bytes).
    Removing stm32f30x_dac.o(i.DAC_ClearITPendingBit), (6 bytes).
    Removing stm32f30x_dac.o(i.DAC_Cmd), (18 bytes).
    Removing stm32f30x_dac.o(i.DAC_DMACmd), (20 bytes).
    Removing stm32f30x_dac.o(i.DAC_DeInit), (44 bytes).
    Removing stm32f30x_dac.o(i.DAC_DualSoftwareTriggerCmd), (20 bytes).
    Removing stm32f30x_dac.o(i.DAC_GetDataOutputValue), (16 bytes).
    Removing stm32f30x_dac.o(i.DAC_GetFlagStatus), (16 bytes).
    Removing stm32f30x_dac.o(i.DAC_GetITStatus), (26 bytes).
    Removing stm32f30x_dac.o(i.DAC_ITConfig), (16 bytes).
    Removing stm32f30x_dac.o(i.DAC_Init), (34 bytes).
    Removing stm32f30x_dac.o(i.DAC_SetChannel1Data), (12 bytes).
    Removing stm32f30x_dac.o(i.DAC_SetChannel2Data), (12 bytes).
    Removing stm32f30x_dac.o(i.DAC_SetDualChannelData), (20 bytes).
    Removing stm32f30x_dac.o(i.DAC_SoftwareTriggerCmd), (22 bytes).
    Removing stm32f30x_dac.o(i.DAC_StructInit), (14 bytes).
    Removing stm32f30x_dac.o(i.DAC_WaveGenerationCmd), (16 bytes).
    Removing stm32f30x_dbgmcu.o(.rev16_text), (4 bytes).
    Removing stm32f30x_dbgmcu.o(.revsh_text), (4 bytes).
    Removing stm32f30x_dbgmcu.o(i.DBGMCU_APB1PeriphConfig), (24 bytes).
    Removing stm32f30x_dbgmcu.o(i.DBGMCU_APB2PeriphConfig), (24 bytes).
    Removing stm32f30x_dbgmcu.o(i.DBGMCU_Config), (24 bytes).
    Removing stm32f30x_dbgmcu.o(i.DBGMCU_GetDEVID), (16 bytes).
    Removing stm32f30x_dbgmcu.o(i.DBGMCU_GetREVID), (12 bytes).
    Removing stm32f30x_dma.o(.rev16_text), (4 bytes).
    Removing stm32f30x_dma.o(.revsh_text), (4 bytes).
    Removing stm32f30x_dma.o(i.DMA_ClearFlag), (24 bytes).
    Removing stm32f30x_dma.o(i.DMA_ClearITPendingBit), (24 bytes).
    Removing stm32f30x_dma.o(i.DMA_Cmd), (22 bytes).
    Removing stm32f30x_dma.o(i.DMA_DeInit), (228 bytes).
    Removing stm32f30x_dma.o(i.DMA_GetCurrDataCounter), (6 bytes).
    Removing stm32f30x_dma.o(i.DMA_GetFlagStatus), (32 bytes).
    Removing stm32f30x_dma.o(i.DMA_GetITStatus), (32 bytes).
    Removing stm32f30x_dma.o(i.DMA_ITConfig), (16 bytes).
    Removing stm32f30x_dma.o(i.DMA_Init), (58 bytes).
    Removing stm32f30x_dma.o(i.DMA_SetCurrDataCounter), (4 bytes).
    Removing stm32f30x_dma.o(i.DMA_StructInit), (26 bytes).
    Removing stm32f30x_exti.o(.rev16_text), (4 bytes).
    Removing stm32f30x_exti.o(.revsh_text), (4 bytes).
    Removing stm32f30x_exti.o(i.EXTI_ClearFlag), (28 bytes).
    Removing stm32f30x_exti.o(i.EXTI_ClearITPendingBit), (28 bytes).
    Removing stm32f30x_exti.o(i.EXTI_DeInit), (72 bytes).
    Removing stm32f30x_exti.o(i.EXTI_GenerateSWInterrupt), (32 bytes).
    Removing stm32f30x_exti.o(i.EXTI_GetFlagStatus), (36 bytes).
    Removing stm32f30x_exti.o(i.EXTI_GetITStatus), (36 bytes).
    Removing stm32f30x_exti.o(i.EXTI_Init), (248 bytes).
    Removing stm32f30x_exti.o(i.EXTI_StructInit), (14 bytes).
    Removing stm32f30x_flash.o(.rev16_text), (4 bytes).
    Removing stm32f30x_flash.o(.revsh_text), (4 bytes).
    Removing stm32f30x_flash.o(i.FLASH_ClearFlag), (12 bytes).
    Removing stm32f30x_flash.o(i.FLASH_EraseAllPages), (56 bytes).
    Removing stm32f30x_flash.o(i.FLASH_ErasePage), (60 bytes).
    Removing stm32f30x_flash.o(i.FLASH_GetFlagStatus), (20 bytes).
    Removing stm32f30x_flash.o(i.FLASH_GetStatus), (40 bytes).
    Removing stm32f30x_flash.o(i.FLASH_HalfCycleAccessCmd), (28 bytes).
    Removing stm32f30x_flash.o(i.FLASH_ITConfig), (24 bytes).
    Removing stm32f30x_flash.o(i.FLASH_Lock), (16 bytes).
    Removing stm32f30x_flash.o(i.FLASH_OB_BOOTConfig), (80 bytes).
    Removing stm32f30x_flash.o(i.FLASH_OB_EnableWRP), (92 bytes).
    Removing stm32f30x_flash.o(i.FLASH_OB_Erase), (104 bytes).
    Removing stm32f30x_flash.o(i.FLASH_OB_GetRDP), (20 bytes).
    Removing stm32f30x_flash.o(i.FLASH_OB_GetUser), (16 bytes).
    Removing stm32f30x_flash.o(i.FLASH_OB_GetWRP), (12 bytes).
    Removing stm32f30x_flash.o(i.FLASH_OB_Launch), (16 bytes).
    Removing stm32f30x_flash.o(i.FLASH_OB_Lock), (16 bytes).
    Removing stm32f30x_flash.o(i.FLASH_OB_RDPConfig), (108 bytes).
    Removing stm32f30x_flash.o(i.FLASH_OB_SRAMParityConfig), (64 bytes).
    Removing stm32f30x_flash.o(i.FLASH_OB_Unlock), (32 bytes).
    Removing stm32f30x_flash.o(i.FLASH_OB_UserConfig), (92 bytes).
    Removing stm32f30x_flash.o(i.FLASH_OB_VDDAConfig), (80 bytes).
    Removing stm32f30x_flash.o(i.FLASH_OB_WriteUser), (80 bytes).
    Removing stm32f30x_flash.o(i.FLASH_PrefetchBufferCmd), (28 bytes).
    Removing stm32f30x_flash.o(i.FLASH_ProgramHalfWord), (52 bytes).
    Removing stm32f30x_flash.o(i.FLASH_ProgramOptionByteData), (56 bytes).
    Removing stm32f30x_flash.o(i.FLASH_ProgramWord), (76 bytes).
    Removing stm32f30x_flash.o(i.FLASH_SetLatency), (20 bytes).
    Removing stm32f30x_flash.o(i.FLASH_Unlock), (32 bytes).
    Removing stm32f30x_flash.o(i.FLASH_WaitForLastOperation), (34 bytes).
    Removing stm32f30x_gpio.o(.rev16_text), (4 bytes).
    Removing stm32f30x_gpio.o(.revsh_text), (4 bytes).
    Removing stm32f30x_gpio.o(i.GPIO_DeInit), (112 bytes).
    Removing stm32f30x_gpio.o(i.GPIO_PinAFConfig), (32 bytes).
    Removing stm32f30x_gpio.o(i.GPIO_PinLockConfig), (16 bytes).
    Removing stm32f30x_gpio.o(i.GPIO_ReadInputData), (4 bytes).
    Removing stm32f30x_gpio.o(i.GPIO_ReadInputDataBit), (14 bytes).
    Removing stm32f30x_gpio.o(i.GPIO_ReadOutputData), (4 bytes).
    Removing stm32f30x_gpio.o(i.GPIO_ReadOutputDataBit), (14 bytes).
    Removing stm32f30x_gpio.o(i.GPIO_ResetBits), (4 bytes).
    Removing stm32f30x_gpio.o(i.GPIO_SetBits), (4 bytes).
    Removing stm32f30x_gpio.o(i.GPIO_StructInit), (20 bytes).
    Removing stm32f30x_gpio.o(i.GPIO_Write), (4 bytes).
    Removing stm32f30x_gpio.o(i.GPIO_WriteBit), (10 bytes).
    Removing stm32f30x_hrtim.o(.rev16_text), (4 bytes).
    Removing stm32f30x_hrtim.o(.revsh_text), (4 bytes).
    Removing stm32f30x_hrtim.o(i.HRTIM_ADCTriggerConfig), (94 bytes).
    Removing stm32f30x_hrtim.o(i.HRTIM_BurstDMAConfig), (50 bytes).
    Removing stm32f30x_hrtim.o(i.HRTIM_BurstModeConfig), (60 bytes).
    Removing stm32f30x_hrtim.o(i.HRTIM_BurstModeCtl), (16 bytes).
    Removing stm32f30x_hrtim.o(i.HRTIM_ChopperModeConfig), (32 bytes).
    Removing stm32f30x_hrtim.o(i.HRTIM_ClearCommonFlag), (12 bytes).
    Removing stm32f30x_hrtim.o(i.HRTIM_ClearCommonITPendingBit), (12 bytes).
    Removing stm32f30x_hrtim.o(i.HRTIM_ClearFlag), (36 bytes).
    Removing stm32f30x_hrtim.o(i.HRTIM_CompareUnitConfig), (96 bytes).
    Removing stm32f30x_hrtim.o(i.HRTIM_DLLCalibrationStart), (34 bytes).
    Removing stm32f30x_hrtim.o(i.HRTIM_DMACmd), (50 bytes).
    Removing stm32f30x_hrtim.o(i.HRTIM_DeInit), (24 bytes).
    Removing stm32f30x_hrtim.o(i.HRTIM_DeadTimeConfig), (60 bytes).
    Removing stm32f30x_hrtim.o(i.HRTIM_EventConfig), (4 bytes).
    Removing stm32f30x_hrtim.o(i.HRTIM_EventPrescalerConfig), (16 bytes).
    Removing stm32f30x_hrtim.o(i.HRTIM_ExternalEventConfig), (418 bytes).
    Removing stm32f30x_hrtim.o(i.HRTIM_FaultConfig), (178 bytes).
    Removing stm32f30x_hrtim.o(i.HRTIM_FaultModeCtl), (90 bytes).
    Removing stm32f30x_hrtim.o(i.HRTIM_FaultPrescalerConfig), (16 bytes).
    Removing stm32f30x_hrtim.o(i.HRTIM_GetBurstStatus), (10 bytes).
    Removing stm32f30x_hrtim.o(i.HRTIM_GetCapturedValue), (28 bytes).
    Removing stm32f30x_hrtim.o(i.HRTIM_GetCommonFlagStatus), (16 bytes).
    Removing stm32f30x_hrtim.o(i.HRTIM_GetCommonITStatus), (30 bytes).
    Removing stm32f30x_hrtim.o(i.HRTIM_GetCurrentPushPullStatus), (14 bytes).
    Removing stm32f30x_hrtim.o(i.HRTIM_GetDelayedProtectionStatus), (82 bytes).
    Removing stm32f30x_hrtim.o(i.HRTIM_GetFlagStatus), (42 bytes).
    Removing stm32f30x_hrtim.o(i.HRTIM_GetIdlePushPullStatus), (14 bytes).
    Removing stm32f30x_hrtim.o(i.HRTIM_ITCommonConfig), (20 bytes).
    Removing stm32f30x_hrtim.o(i.HRTIM_ITConfig), (50 bytes).
    Removing stm32f30x_hrtim.o(i.HRTIM_MasterBase_Config), (42 bytes).
    Removing stm32f30x_hrtim.o(i.HRTIM_MasterSetCompare), (32 bytes).
    Removing stm32f30x_hrtim.o(i.HRTIM_OutputConfig), (142 bytes).
    Removing stm32f30x_hrtim.o(i.HRTIM_SimpleBaseStart), (20 bytes).
    Removing stm32f30x_hrtim.o(i.HRTIM_SimpleBaseStop), (152 bytes).
    Removing stm32f30x_hrtim.o(i.HRTIM_SimpleBase_Init), (14 bytes).
    Removing stm32f30x_hrtim.o(i.HRTIM_SimpleCaptureChannelConfig), (160 bytes).
    Removing stm32f30x_hrtim.o(i.HRTIM_SimpleCaptureStart), (20 bytes).
    Removing stm32f30x_hrtim.o(i.HRTIM_SimpleCaptureStop), (196 bytes).
    Removing stm32f30x_hrtim.o(i.HRTIM_SimpleCapture_Init), (4 bytes).
    Removing stm32f30x_hrtim.o(i.HRTIM_SimpleOCChannelConfig), (182 bytes).
    Removing stm32f30x_hrtim.o(i.HRTIM_SimpleOCStart), (28 bytes).
    Removing stm32f30x_hrtim.o(i.HRTIM_SimpleOCStop), (164 bytes).
    Removing stm32f30x_hrtim.o(i.HRTIM_SimpleOC_Init), (4 bytes).
    Removing stm32f30x_hrtim.o(i.HRTIM_SimpleOnePulseChannelConfig), (172 bytes).
    Removing stm32f30x_hrtim.o(i.HRTIM_SimpleOnePulseStart), (28 bytes).
    Removing stm32f30x_hrtim.o(i.HRTIM_SimpleOnePulseStop), (164 bytes).
    Removing stm32f30x_hrtim.o(i.HRTIM_SimpleOnePulse_Init), (4 bytes).
    Removing stm32f30x_hrtim.o(i.HRTIM_SimplePWMChannelConfig), (136 bytes).
    Removing stm32f30x_hrtim.o(i.HRTIM_SimplePWMStart), (28 bytes).
    Removing stm32f30x_hrtim.o(i.HRTIM_SimplePWMStop), (164 bytes).
    Removing stm32f30x_hrtim.o(i.HRTIM_SimplePWM_Init), (4 bytes).
    Removing stm32f30x_hrtim.o(i.HRTIM_SlaveSetCompare), (44 bytes).
    Removing stm32f30x_hrtim.o(i.HRTIM_SoftwareCapture), (30 bytes).
    Removing stm32f30x_hrtim.o(i.HRTIM_SoftwareReset), (12 bytes).
    Removing stm32f30x_hrtim.o(i.HRTIM_SoftwareUpdate), (12 bytes).
    Removing stm32f30x_hrtim.o(i.HRTIM_SynchronizationConfig), (30 bytes).
    Removing stm32f30x_hrtim.o(i.HRTIM_TIM_ResetConfig), (114 bytes).
    Removing stm32f30x_hrtim.o(i.HRTIM_TimerEventFilteringConfig), (194 bytes).
    Removing stm32f30x_hrtim.o(i.HRTIM_TimingUnitBase_Config), (48 bytes).
    Removing stm32f30x_hrtim.o(i.HRTIM_TimingUnitWaveform_Config), (160 bytes).
    Removing stm32f30x_hrtim.o(i.HRTIM_WaveformCaptureConfig), (28 bytes).
    Removing stm32f30x_hrtim.o(i.HRTIM_WaveformCompareConfig), (120 bytes).
    Removing stm32f30x_hrtim.o(i.HRTIM_WaveformCounterStart), (8 bytes).
    Removing stm32f30x_hrtim.o(i.HRTIM_WaveformCounterStop), (8 bytes).
    Removing stm32f30x_hrtim.o(i.HRTIM_WaveformGetOutputLevel), (82 bytes).
    Removing stm32f30x_hrtim.o(i.HRTIM_WaveformGetOutputState), (120 bytes).
    Removing stm32f30x_hrtim.o(i.HRTIM_WaveformOutputConfig), (4 bytes).
    Removing stm32f30x_hrtim.o(i.HRTIM_WaveformOutputStart), (6 bytes).
    Removing stm32f30x_hrtim.o(i.HRTIM_WaveformOutputStop), (6 bytes).
    Removing stm32f30x_hrtim.o(i.HRTIM_WaveformSetOutputLevel), (94 bytes).
    Removing stm32f30x_hrtim.o(i.HRTIM_WaveformTimerConfig), (88 bytes).
    Removing stm32f30x_hrtim.o(i.HRTIM_Waveform_Init), (116 bytes).
    Removing stm32f30x_hrtim.o(.data), (24 bytes).
    Removing stm32f30x_i2c.o(.rev16_text), (4 bytes).
    Removing stm32f30x_i2c.o(.revsh_text), (4 bytes).
    Removing stm32f30x_i2c.o(i.I2C_10BitAddressHeaderCmd), (20 bytes).
    Removing stm32f30x_i2c.o(i.I2C_10BitAddressingModeCmd), (20 bytes).
    Removing stm32f30x_i2c.o(i.I2C_AcknowledgeConfig), (20 bytes).
    Removing stm32f30x_i2c.o(i.I2C_AutoEndCmd), (20 bytes).
    Removing stm32f30x_i2c.o(i.I2C_CalculatePEC), (20 bytes).
    Removing stm32f30x_i2c.o(i.I2C_ClearFlag), (4 bytes).
    Removing stm32f30x_i2c.o(i.I2C_ClearITPendingBit), (4 bytes).
    Removing stm32f30x_i2c.o(i.I2C_ClockTimeoutCmd), (20 bytes).
    Removing stm32f30x_i2c.o(i.I2C_Cmd), (20 bytes).
    Removing stm32f30x_i2c.o(i.I2C_DMACmd), (16 bytes).
    Removing stm32f30x_i2c.o(i.I2C_DeInit), (44 bytes).
    Removing stm32f30x_i2c.o(i.I2C_DualAddressCmd), (20 bytes).
    Removing stm32f30x_i2c.o(i.I2C_ExtendedClockTimeoutCmd), (20 bytes).
    Removing stm32f30x_i2c.o(i.I2C_GeneralCallCmd), (20 bytes).
    Removing stm32f30x_i2c.o(i.I2C_GenerateSTART), (20 bytes).
    Removing stm32f30x_i2c.o(i.I2C_GenerateSTOP), (20 bytes).
    Removing stm32f30x_i2c.o(i.I2C_GetAddressMatched), (10 bytes).
    Removing stm32f30x_i2c.o(i.I2C_GetFlagStatus), (14 bytes).
    Removing stm32f30x_i2c.o(i.I2C_GetITStatus), (46 bytes).
    Removing stm32f30x_i2c.o(i.I2C_GetPEC), (6 bytes).
    Removing stm32f30x_i2c.o(i.I2C_GetTransferDirection), (18 bytes).
    Removing stm32f30x_i2c.o(i.I2C_ITConfig), (16 bytes).
    Removing stm32f30x_i2c.o(i.I2C_IdleClockTimeoutCmd), (20 bytes).
    Removing stm32f30x_i2c.o(i.I2C_Init), (96 bytes).
    Removing stm32f30x_i2c.o(i.I2C_MasterRequestConfig), (20 bytes).
    Removing stm32f30x_i2c.o(i.I2C_NumberOfBytesConfig), (14 bytes).
    Removing stm32f30x_i2c.o(i.I2C_OwnAddress2Config), (30 bytes).
    Removing stm32f30x_i2c.o(i.I2C_PECRequestCmd), (20 bytes).
    Removing stm32f30x_i2c.o(i.I2C_ReadRegister), (10 bytes).
    Removing stm32f30x_i2c.o(i.I2C_ReceiveData), (6 bytes).
    Removing stm32f30x_i2c.o(i.I2C_ReloadCmd), (20 bytes).
    Removing stm32f30x_i2c.o(i.I2C_SMBusAlertCmd), (20 bytes).
    Removing stm32f30x_i2c.o(i.I2C_SendData), (4 bytes).
    Removing stm32f30x_i2c.o(i.I2C_SlaveAddressConfig), (16 bytes).
    Removing stm32f30x_i2c.o(i.I2C_SlaveByteControlCmd), (20 bytes).
    Removing stm32f30x_i2c.o(i.I2C_SoftwareResetCmd), (20 bytes).
    Removing stm32f30x_i2c.o(i.I2C_StopModeCmd), (20 bytes).
    Removing stm32f30x_i2c.o(i.I2C_StretchClockCmd), (20 bytes).
    Removing stm32f30x_i2c.o(i.I2C_StructInit), (22 bytes).
    Removing stm32f30x_i2c.o(i.I2C_TimeoutAConfig), (16 bytes).
    Removing stm32f30x_i2c.o(i.I2C_TimeoutBConfig), (24 bytes).
    Removing stm32f30x_i2c.o(i.I2C_TransferHandling), (32 bytes).
    Removing stm32f30x_iwdg.o(.rev16_text), (4 bytes).
    Removing stm32f30x_iwdg.o(.revsh_text), (4 bytes).
    Removing stm32f30x_iwdg.o(i.IWDG_Enable), (16 bytes).
    Removing stm32f30x_iwdg.o(i.IWDG_GetFlagStatus), (20 bytes).
    Removing stm32f30x_iwdg.o(i.IWDG_ReloadCounter), (16 bytes).
    Removing stm32f30x_iwdg.o(i.IWDG_SetPrescaler), (12 bytes).
    Removing stm32f30x_iwdg.o(i.IWDG_SetReload), (12 bytes).
    Removing stm32f30x_iwdg.o(i.IWDG_SetWindowValue), (12 bytes).
    Removing stm32f30x_iwdg.o(i.IWDG_WriteAccessCmd), (12 bytes).
    Removing stm32f30x_misc.o(.rev16_text), (4 bytes).
    Removing stm32f30x_misc.o(.revsh_text), (4 bytes).
    Removing stm32f30x_misc.o(i.NVIC_Init), (100 bytes).
    Removing stm32f30x_misc.o(i.NVIC_PriorityGroupConfig), (20 bytes).
    Removing stm32f30x_misc.o(i.NVIC_SetVectorTable), (20 bytes).
    Removing stm32f30x_misc.o(i.NVIC_SystemLPConfig), (24 bytes).
    Removing stm32f30x_misc.o(i.SysTick_CLKSourceConfig), (24 bytes).
    Removing stm32f30x_opamp.o(.rev16_text), (4 bytes).
    Removing stm32f30x_opamp.o(.revsh_text), (4 bytes).
    Removing stm32f30x_opamp.o(i.OPAMP_Cmd), (28 bytes).
    Removing stm32f30x_opamp.o(i.OPAMP_DeInit), (16 bytes).
    Removing stm32f30x_opamp.o(i.OPAMP_GetOutputLevel), (24 bytes).
    Removing stm32f30x_opamp.o(i.OPAMP_Init), (28 bytes).
    Removing stm32f30x_opamp.o(i.OPAMP_LockConfig), (20 bytes).
    Removing stm32f30x_opamp.o(i.OPAMP_OffsetTrimConfig), (28 bytes).
    Removing stm32f30x_opamp.o(i.OPAMP_OffsetTrimModeSelect), (24 bytes).
    Removing stm32f30x_opamp.o(i.OPAMP_PGAConfig), (28 bytes).
    Removing stm32f30x_opamp.o(i.OPAMP_StartCalibration), (28 bytes).
    Removing stm32f30x_opamp.o(i.OPAMP_StructInit), (8 bytes).
    Removing stm32f30x_opamp.o(i.OPAMP_TimerControlledMuxCmd), (28 bytes).
    Removing stm32f30x_opamp.o(i.OPAMP_TimerControlledMuxConfig), (32 bytes).
    Removing stm32f30x_opamp.o(i.OPAMP_VrefConfig), (20 bytes).
    Removing stm32f30x_opamp.o(i.OPAMP_VrefConnectADCCmd), (28 bytes).
    Removing stm32f30x_opamp.o(i.OPAMP_VrefConnectNonInvertingInput), (28 bytes).
    Removing stm32f30x_pwr.o(.rev16_text), (4 bytes).
    Removing stm32f30x_pwr.o(.revsh_text), (4 bytes).
    Removing stm32f30x_pwr.o(i.PWR_BackupAccessCmd), (12 bytes).
    Removing stm32f30x_pwr.o(i.PWR_ClearFlag), (16 bytes).
    Removing stm32f30x_pwr.o(i.PWR_DeInit), (24 bytes).
    Removing stm32f30x_pwr.o(i.PWR_EnterSTANDBYMode), (40 bytes).
    Removing stm32f30x_pwr.o(i.PWR_EnterSTOPMode), (52 bytes).
    Removing stm32f30x_pwr.o(i.PWR_EnterSleepMode), (28 bytes).
    Removing stm32f30x_pwr.o(i.PWR_GetFlagStatus), (20 bytes).
    Removing stm32f30x_pwr.o(i.PWR_PVDCmd), (12 bytes).
    Removing stm32f30x_pwr.o(i.PWR_PVDLevelConfig), (20 bytes).
    Removing stm32f30x_pwr.o(i.PWR_WakeUpPinCmd), (24 bytes).
    Removing stm32f30x_rcc.o(.rev16_text), (4 bytes).
    Removing stm32f30x_rcc.o(.revsh_text), (4 bytes).
    Removing stm32f30x_rcc.o(i.RCC_ADCCLKConfig), (32 bytes).
    Removing stm32f30x_rcc.o(i.RCC_AHBPeriphResetCmd), (24 bytes).
    Removing stm32f30x_rcc.o(i.RCC_APB1PeriphClockCmd), (24 bytes).
    Removing stm32f30x_rcc.o(i.RCC_APB1PeriphResetCmd), (24 bytes).
    Removing stm32f30x_rcc.o(i.RCC_APB2PeriphClockCmd), (24 bytes).
    Removing stm32f30x_rcc.o(i.RCC_APB2PeriphResetCmd), (24 bytes).
    Removing stm32f30x_rcc.o(i.RCC_AdjustHSICalibrationValue), (20 bytes).
    Removing stm32f30x_rcc.o(i.RCC_BackupResetCmd), (12 bytes).
    Removing stm32f30x_rcc.o(i.RCC_ClearFlag), (16 bytes).
    Removing stm32f30x_rcc.o(i.RCC_ClearITPendingBit), (12 bytes).
    Removing stm32f30x_rcc.o(i.RCC_ClockSecuritySystemCmd), (12 bytes).
    Removing stm32f30x_rcc.o(i.RCC_GetClocksFreq), (736 bytes).
    Removing stm32f30x_rcc.o(i.RCC_GetFlagStatus), (52 bytes).
    Removing stm32f30x_rcc.o(i.RCC_GetITStatus), (20 bytes).
    Removing stm32f30x_rcc.o(i.RCC_GetSYSCLKSource), (16 bytes).
    Removing stm32f30x_rcc.o(i.RCC_HCLKConfig), (20 bytes).
    Removing stm32f30x_rcc.o(i.RCC_HRTIM1CLKConfig), (24 bytes).
    Removing stm32f30x_rcc.o(i.RCC_HSEConfig), (16 bytes).
    Removing stm32f30x_rcc.o(i.RCC_HSICmd), (12 bytes).
    Removing stm32f30x_rcc.o(i.RCC_I2CCLKConfig), (52 bytes).
    Removing stm32f30x_rcc.o(i.RCC_I2SCLKConfig), (12 bytes).
    Removing stm32f30x_rcc.o(i.RCC_ITConfig), (24 bytes).
    Removing stm32f30x_rcc.o(i.RCC_LSEConfig), (32 bytes).
    Removing stm32f30x_rcc.o(i.RCC_LSEDriveConfig), (24 bytes).
    Removing stm32f30x_rcc.o(i.RCC_LSICmd), (12 bytes).
    Removing stm32f30x_rcc.o(i.RCC_MCOConfig), (24 bytes).
    Removing stm32f30x_rcc.o(i.RCC_PCLK1Config), (20 bytes).
    Removing stm32f30x_rcc.o(i.RCC_PCLK2Config), (20 bytes).
    Removing stm32f30x_rcc.o(i.RCC_PLLCmd), (12 bytes).
    Removing stm32f30x_rcc.o(i.RCC_PLLConfig), (24 bytes).
    Removing stm32f30x_rcc.o(i.RCC_PREDIV1Config), (20 bytes).
    Removing stm32f30x_rcc.o(i.RCC_RTCCLKCmd), (12 bytes).
    Removing stm32f30x_rcc.o(i.RCC_RTCCLKConfig), (16 bytes).
    Removing stm32f30x_rcc.o(i.RCC_SYSCLKConfig), (20 bytes).
    Removing stm32f30x_rcc.o(i.RCC_TIMCLKConfig), (72 bytes).
    Removing stm32f30x_rcc.o(i.RCC_USARTCLKConfig), (72 bytes).
    Removing stm32f30x_rcc.o(i.RCC_USBCLKConfig), (12 bytes).
    Removing stm32f30x_rcc.o(i.RCC_WaitForHSEStartUp), (44 bytes).
    Removing stm32f30x_rcc.o(.data), (48 bytes).
    Removing stm32f30x_rtc.o(.rev16_text), (4 bytes).
    Removing stm32f30x_rtc.o(.revsh_text), (4 bytes).
    Removing stm32f30x_rtc.o(i.RTC_AlarmCmd), (84 bytes).
    Removing stm32f30x_rtc.o(i.RTC_AlarmStructInit), (20 bytes).
    Removing stm32f30x_rtc.o(i.RTC_AlarmSubSecondConfig), (44 bytes).
    Removing stm32f30x_rtc.o(i.RTC_Bcd2ToByte), (18 bytes).
    Removing stm32f30x_rtc.o(i.RTC_BypassShadowCmd), (44 bytes).
    Removing stm32f30x_rtc.o(i.RTC_ByteToBcd2), (24 bytes).
    Removing stm32f30x_rtc.o(i.RTC_CalibOutputCmd), (44 bytes).
    Removing stm32f30x_rtc.o(i.RTC_CalibOutputConfig), (40 bytes).
    Removing stm32f30x_rtc.o(i.RTC_ClearFlag), (28 bytes).
    Removing stm32f30x_rtc.o(i.RTC_ClearITPendingBit), (28 bytes).
    Removing stm32f30x_rtc.o(i.RTC_DateStructInit), (14 bytes).
    Removing stm32f30x_rtc.o(i.RTC_DayLightSavingConfig), (44 bytes).
    Removing stm32f30x_rtc.o(i.RTC_DeInit), (172 bytes).
    Removing stm32f30x_rtc.o(i.RTC_EnterInitMode), (60 bytes).
    Removing stm32f30x_rtc.o(i.RTC_ExitInitMode), (16 bytes).
    Removing stm32f30x_rtc.o(i.RTC_GetAlarm), (108 bytes).
    Removing stm32f30x_rtc.o(i.RTC_GetAlarmSubSecond), (28 bytes).
    Removing stm32f30x_rtc.o(i.RTC_GetDate), (76 bytes).
    Removing stm32f30x_rtc.o(i.RTC_GetFlagStatus), (28 bytes).
    Removing stm32f30x_rtc.o(i.RTC_GetITStatus), (64 bytes).
    Removing stm32f30x_rtc.o(i.RTC_GetStoreOperation), (16 bytes).
    Removing stm32f30x_rtc.o(i.RTC_GetSubSecond), (16 bytes).
    Removing stm32f30x_rtc.o(i.RTC_GetTime), (80 bytes).
    Removing stm32f30x_rtc.o(i.RTC_GetTimeStamp), (136 bytes).
    Removing stm32f30x_rtc.o(i.RTC_GetTimeStampSubSecond), (12 bytes).
    Removing stm32f30x_rtc.o(i.RTC_GetWakeUpCounter), (12 bytes).
    Removing stm32f30x_rtc.o(i.RTC_ITConfig), (64 bytes).
    Removing stm32f30x_rtc.o(i.RTC_Init), (80 bytes).
    Removing stm32f30x_rtc.o(i.RTC_OutputConfig), (44 bytes).
    Removing stm32f30x_rtc.o(i.RTC_OutputTypeConfig), (24 bytes).
    Removing stm32f30x_rtc.o(i.RTC_ReadBackupRegister), (20 bytes).
    Removing stm32f30x_rtc.o(i.RTC_RefClockCmd), (60 bytes).
    Removing stm32f30x_rtc.o(i.RTC_SetAlarm), (164 bytes).
    Removing stm32f30x_rtc.o(i.RTC_SetDate), (152 bytes).
    Removing stm32f30x_rtc.o(i.RTC_SetTime), (160 bytes).
    Removing stm32f30x_rtc.o(i.RTC_SetWakeUpCounter), (28 bytes).
    Removing stm32f30x_rtc.o(i.RTC_SmoothCalibConfig), (72 bytes).
    Removing stm32f30x_rtc.o(i.RTC_StructInit), (14 bytes).
    Removing stm32f30x_rtc.o(i.RTC_SynchroShiftConfig), (88 bytes).
    Removing stm32f30x_rtc.o(i.RTC_TamperCmd), (24 bytes).
    Removing stm32f30x_rtc.o(i.RTC_TamperFilterConfig), (24 bytes).
    Removing stm32f30x_rtc.o(i.RTC_TamperPinsPrechargeDuration), (24 bytes).
    Removing stm32f30x_rtc.o(i.RTC_TamperPullUpCmd), (28 bytes).
    Removing stm32f30x_rtc.o(i.RTC_TamperSamplingFreqConfig), (24 bytes).
    Removing stm32f30x_rtc.o(i.RTC_TamperTriggerConfig), (28 bytes).
    Removing stm32f30x_rtc.o(i.RTC_TimeStampCmd), (48 bytes).
    Removing stm32f30x_rtc.o(i.RTC_TimeStampOnTamperDetectionCmd), (28 bytes).
    Removing stm32f30x_rtc.o(i.RTC_TimeStructInit), (12 bytes).
    Removing stm32f30x_rtc.o(i.RTC_WaitForSynchro), (88 bytes).
    Removing stm32f30x_rtc.o(i.RTC_WakeUpClockConfig), (40 bytes).
    Removing stm32f30x_rtc.o(i.RTC_WakeUpCmd), (88 bytes).
    Removing stm32f30x_rtc.o(i.RTC_WriteBackupRegister), (20 bytes).
    Removing stm32f30x_rtc.o(i.RTC_WriteProtectionCmd), (24 bytes).
    Removing stm32f30x_spi.o(.rev16_text), (4 bytes).
    Removing stm32f30x_spi.o(.revsh_text), (4 bytes).
    Removing stm32f30x_spi.o(i.I2S_Cmd), (20 bytes).
    Removing stm32f30x_spi.o(i.I2S_FullDuplexConfig), (58 bytes).
    Removing stm32f30x_spi.o(i.I2S_Init), (150 bytes).
    Removing stm32f30x_spi.o(i.I2S_StructInit), (18 bytes).
    Removing stm32f30x_spi.o(i.SPI_BiDirectionalLineConfig), (22 bytes).
    Removing stm32f30x_spi.o(i.SPI_CRCLengthConfig), (16 bytes).
    Removing stm32f30x_spi.o(i.SPI_CalculateCRC), (20 bytes).
    Removing stm32f30x_spi.o(i.SPI_Cmd), (20 bytes).
    Removing stm32f30x_spi.o(i.SPI_DataSizeConfig), (12 bytes).
    Removing stm32f30x_spi.o(i.SPI_GetCRC), (12 bytes).
    Removing stm32f30x_spi.o(i.SPI_GetCRCPolynomial), (4 bytes).
    Removing stm32f30x_spi.o(i.SPI_GetReceptionFIFOStatus), (8 bytes).
    Removing stm32f30x_spi.o(i.SPI_GetTransmissionFIFOStatus), (8 bytes).
    Removing stm32f30x_spi.o(i.SPI_I2S_ClearFlag), (6 bytes).
    Removing stm32f30x_spi.o(i.SPI_I2S_DMACmd), (16 bytes).
    Removing stm32f30x_spi.o(i.SPI_I2S_DeInit), (84 bytes).
    Removing stm32f30x_spi.o(i.SPI_I2S_GetFlagStatus), (14 bytes).
    Removing stm32f30x_spi.o(i.SPI_I2S_GetITStatus), (44 bytes).
    Removing stm32f30x_spi.o(i.SPI_I2S_ITConfig), (24 bytes).
    Removing stm32f30x_spi.o(i.SPI_I2S_ReceiveData16), (4 bytes).
    Removing stm32f30x_spi.o(i.SPI_I2S_SendData16), (4 bytes).
    Removing stm32f30x_spi.o(i.SPI_Init), (122 bytes).
    Removing stm32f30x_spi.o(i.SPI_LastDMATransferCmd), (16 bytes).
    Removing stm32f30x_spi.o(i.SPI_NSSInternalSoftwareConfig), (24 bytes).
    Removing stm32f30x_spi.o(i.SPI_NSSPulseModeCmd), (20 bytes).
    Removing stm32f30x_spi.o(i.SPI_ReceiveData8), (4 bytes).
    Removing stm32f30x_spi.o(i.SPI_RxFIFOThresholdConfig), (16 bytes).
    Removing stm32f30x_spi.o(i.SPI_SSOutputCmd), (20 bytes).
    Removing stm32f30x_spi.o(i.SPI_SendData8), (4 bytes).
    Removing stm32f30x_spi.o(i.SPI_StructInit), (28 bytes).
    Removing stm32f30x_spi.o(i.SPI_TIModeCmd), (20 bytes).
    Removing stm32f30x_spi.o(i.SPI_TransmitCRC), (10 bytes).
    Removing stm32f30x_syscfg.o(.rev16_text), (4 bytes).
    Removing stm32f30x_syscfg.o(.revsh_text), (4 bytes).
    Removing stm32f30x_syscfg.o(i.SYSCFG_BreakConfig), (16 bytes).
    Removing stm32f30x_syscfg.o(i.SYSCFG_BypassParityCheckDisable), (16 bytes).
    Removing stm32f30x_syscfg.o(i.SYSCFG_ClearFlag), (16 bytes).
    Removing stm32f30x_syscfg.o(i.SYSCFG_DMAChannelRemapConfig), (44 bytes).
    Removing stm32f30x_syscfg.o(i.SYSCFG_DeInit), (40 bytes).
    Removing stm32f30x_syscfg.o(i.SYSCFG_EXTILineConfig), (40 bytes).
    Removing stm32f30x_syscfg.o(i.SYSCFG_EncoderRemapConfig), (24 bytes).
    Removing stm32f30x_syscfg.o(i.SYSCFG_GetFlagStatus), (20 bytes).
    Removing stm32f30x_syscfg.o(i.SYSCFG_I2CFastModePlusConfig), (24 bytes).
    Removing stm32f30x_syscfg.o(i.SYSCFG_ITConfig), (24 bytes).
    Removing stm32f30x_syscfg.o(i.SYSCFG_MemoryRemapConfig), (20 bytes).
    Removing stm32f30x_syscfg.o(i.SYSCFG_SRAMWRPEnable), (16 bytes).
    Removing stm32f30x_syscfg.o(i.SYSCFG_TriggerRemapConfig), (44 bytes).
    Removing stm32f30x_syscfg.o(i.SYSCFG_USBInterruptLineRemapCmd), (12 bytes).
    Removing stm32f30x_tim.o(.rev16_text), (4 bytes).
    Removing stm32f30x_tim.o(.revsh_text), (4 bytes).
    Removing stm32f30x_tim.o(i.TI1_Config), (40 bytes).
    Removing stm32f30x_tim.o(i.TI2_Config), (54 bytes).
    Removing stm32f30x_tim.o(i.TIM_ARRPreloadConfig), (20 bytes).
    Removing stm32f30x_tim.o(i.TIM_BDTRConfig), (32 bytes).
    Removing stm32f30x_tim.o(i.TIM_BDTRStructInit), (18 bytes).
    Removing stm32f30x_tim.o(i.TIM_Break1Cmd), (20 bytes).
    Removing stm32f30x_tim.o(i.TIM_Break1Config), (20 bytes).
    Removing stm32f30x_tim.o(i.TIM_Break2Cmd), (20 bytes).
    Removing stm32f30x_tim.o(i.TIM_Break2Config), (20 bytes).
    Removing stm32f30x_tim.o(i.TIM_CCPreloadControl), (22 bytes).
    Removing stm32f30x_tim.o(i.TIM_CCxCmd), (22 bytes).
    Removing stm32f30x_tim.o(i.TIM_CCxNCmd), (22 bytes).
    Removing stm32f30x_tim.o(i.TIM_ClearFlag), (8 bytes).
    Removing stm32f30x_tim.o(i.TIM_ClearITPendingBit), (8 bytes).
    Removing stm32f30x_tim.o(i.TIM_ClearOC1Ref), (12 bytes).
    Removing stm32f30x_tim.o(i.TIM_ClearOC2Ref), (14 bytes).
    Removing stm32f30x_tim.o(i.TIM_ClearOC3Ref), (12 bytes).
    Removing stm32f30x_tim.o(i.TIM_ClearOC4Ref), (14 bytes).
    Removing stm32f30x_tim.o(i.TIM_ClearOC5Ref), (12 bytes).
    Removing stm32f30x_tim.o(i.TIM_ClearOC6Ref), (14 bytes).
    Removing stm32f30x_tim.o(i.TIM_Cmd), (20 bytes).
    Removing stm32f30x_tim.o(i.TIM_CounterModeConfig), (12 bytes).
    Removing stm32f30x_tim.o(i.TIM_CtrlPWMOutputs), (20 bytes).
    Removing stm32f30x_tim.o(i.TIM_DMACmd), (20 bytes).
    Removing stm32f30x_tim.o(i.TIM_DMAConfig), (8 bytes).
    Removing stm32f30x_tim.o(i.TIM_DeInit), (224 bytes).
    Removing stm32f30x_tim.o(i.TIM_ETRClockMode1Config), (20 bytes).
    Removing stm32f30x_tim.o(i.TIM_ETRClockMode2Config), (18 bytes).
    Removing stm32f30x_tim.o(i.TIM_ETRConfig), (24 bytes).
    Removing stm32f30x_tim.o(i.TIM_EncoderInterfaceConfig), (56 bytes).
    Removing stm32f30x_tim.o(i.TIM_ForcedOC1Config), (16 bytes).
    Removing stm32f30x_tim.o(i.TIM_ForcedOC2Config), (20 bytes).
    Removing stm32f30x_tim.o(i.TIM_ForcedOC3Config), (12 bytes).
    Removing stm32f30x_tim.o(i.TIM_ForcedOC4Config), (14 bytes).
    Removing stm32f30x_tim.o(i.TIM_ForcedOC5Config), (12 bytes).
    Removing stm32f30x_tim.o(i.TIM_ForcedOC6Config), (14 bytes).
    Removing stm32f30x_tim.o(i.TIM_GenerateEvent), (4 bytes).
    Removing stm32f30x_tim.o(i.TIM_GetCapture1), (4 bytes).
    Removing stm32f30x_tim.o(i.TIM_GetCapture2), (4 bytes).
    Removing stm32f30x_tim.o(i.TIM_GetCapture3), (4 bytes).
    Removing stm32f30x_tim.o(i.TIM_GetCapture4), (4 bytes).
    Removing stm32f30x_tim.o(i.TIM_GetCounter), (4 bytes).
    Removing stm32f30x_tim.o(i.TIM_GetFlagStatus), (14 bytes).
    Removing stm32f30x_tim.o(i.TIM_GetITStatus), (24 bytes).
    Removing stm32f30x_tim.o(i.TIM_GetPrescaler), (4 bytes).
    Removing stm32f30x_tim.o(i.TIM_ICInit), (188 bytes).
    Removing stm32f30x_tim.o(i.TIM_ICStructInit), (16 bytes).
    Removing stm32f30x_tim.o(i.TIM_ITConfig), (20 bytes).
    Removing stm32f30x_tim.o(i.TIM_ITRxExternalClockConfig), (18 bytes).
    Removing stm32f30x_tim.o(i.TIM_InternalClockConfig), (12 bytes).
    Removing stm32f30x_tim.o(i.TIM_OC1FastConfig), (12 bytes).
    Removing stm32f30x_tim.o(i.TIM_OC1Init), (136 bytes).
    Removing stm32f30x_tim.o(i.TIM_OC1NPolarityConfig), (12 bytes).
    Removing stm32f30x_tim.o(i.TIM_OC1PolarityConfig), (12 bytes).
    Removing stm32f30x_tim.o(i.TIM_OC1PreloadConfig), (12 bytes).
    Removing stm32f30x_tim.o(i.TIM_OC2FastConfig), (14 bytes).
    Removing stm32f30x_tim.o(i.TIM_OC2Init), (120 bytes).
    Removing stm32f30x_tim.o(i.TIM_OC2NPolarityConfig), (14 bytes).
    Removing stm32f30x_tim.o(i.TIM_OC2PolarityConfig), (14 bytes).
    Removing stm32f30x_tim.o(i.TIM_OC2PreloadConfig), (14 bytes).
    Removing stm32f30x_tim.o(i.TIM_OC3FastConfig), (12 bytes).
    Removing stm32f30x_tim.o(i.TIM_OC3Init), (108 bytes).
    Removing stm32f30x_tim.o(i.TIM_OC3NPolarityConfig), (14 bytes).
    Removing stm32f30x_tim.o(i.TIM_OC3PolarityConfig), (14 bytes).
    Removing stm32f30x_tim.o(i.TIM_OC3PreloadConfig), (12 bytes).
    Removing stm32f30x_tim.o(i.TIM_OC4FastConfig), (14 bytes).
    Removing stm32f30x_tim.o(i.TIM_OC4Init), (84 bytes).
    Removing stm32f30x_tim.o(i.TIM_OC4PolarityConfig), (14 bytes).
    Removing stm32f30x_tim.o(i.TIM_OC4PreloadConfig), (14 bytes).
    Removing stm32f30x_tim.o(i.TIM_OC5Init), (84 bytes).
    Removing stm32f30x_tim.o(i.TIM_OC5PolarityConfig), (14 bytes).
    Removing stm32f30x_tim.o(i.TIM_OC5PreloadConfig), (12 bytes).
    Removing stm32f30x_tim.o(i.TIM_OC6Init), (80 bytes).
    Removing stm32f30x_tim.o(i.TIM_OC6PolarityConfig), (14 bytes).
    Removing stm32f30x_tim.o(i.TIM_OC6PreloadConfig), (14 bytes).
    Removing stm32f30x_tim.o(i.TIM_OCStructInit), (20 bytes).
    Removing stm32f30x_tim.o(i.TIM_PWMIConfig), (108 bytes).
    Removing stm32f30x_tim.o(i.TIM_PrescalerConfig), (6 bytes).
    Removing stm32f30x_tim.o(i.TIM_RemapConfig), (6 bytes).
    Removing stm32f30x_tim.o(i.TIM_SelectCCDMA), (22 bytes).
    Removing stm32f30x_tim.o(i.TIM_SelectCOM), (22 bytes).
    Removing stm32f30x_tim.o(i.TIM_SelectGC5C1), (20 bytes).
    Removing stm32f30x_tim.o(i.TIM_SelectGC5C2), (20 bytes).
    Removing stm32f30x_tim.o(i.TIM_SelectGC5C3), (20 bytes).
    Removing stm32f30x_tim.o(i.TIM_SelectHallSensor), (22 bytes).
    Removing stm32f30x_tim.o(i.TIM_SelectInputTrigger), (14 bytes).
    Removing stm32f30x_tim.o(i.TIM_SelectMasterSlaveMode), (18 bytes).
    Removing stm32f30x_tim.o(i.TIM_SelectOCREFClear), (18 bytes).
    Removing stm32f30x_tim.o(i.TIM_SelectOCxM), (76 bytes).
    Removing stm32f30x_tim.o(i.TIM_SelectOnePulseMode), (16 bytes).
    Removing stm32f30x_tim.o(i.TIM_SelectOutputTrigger), (18 bytes).
    Removing stm32f30x_tim.o(i.TIM_SelectOutputTrigger2), (16 bytes).
    Removing stm32f30x_tim.o(i.TIM_SelectSlaveMode), (20 bytes).
    Removing stm32f30x_tim.o(i.TIM_SetAutoreload), (4 bytes).
    Removing stm32f30x_tim.o(i.TIM_SetClockDivision), (16 bytes).
    Removing stm32f30x_tim.o(i.TIM_SetCompare1), (4 bytes).
    Removing stm32f30x_tim.o(i.TIM_SetCompare2), (4 bytes).
    Removing stm32f30x_tim.o(i.TIM_SetCompare3), (4 bytes).
    Removing stm32f30x_tim.o(i.TIM_SetCompare4), (4 bytes).
    Removing stm32f30x_tim.o(i.TIM_SetCompare5), (4 bytes).
    Removing stm32f30x_tim.o(i.TIM_SetCompare6), (4 bytes).
    Removing stm32f30x_tim.o(i.TIM_SetCounter), (4 bytes).
    Removing stm32f30x_tim.o(i.TIM_SetIC1Prescaler), (16 bytes).
    Removing stm32f30x_tim.o(i.TIM_SetIC2Prescaler), (18 bytes).
    Removing stm32f30x_tim.o(i.TIM_SetIC3Prescaler), (18 bytes).
    Removing stm32f30x_tim.o(i.TIM_SetIC4Prescaler), (26 bytes).
    Removing stm32f30x_tim.o(i.TIM_TIxExternalClockConfig), (46 bytes).
    Removing stm32f30x_tim.o(i.TIM_TimeBaseInit), (144 bytes).
    Removing stm32f30x_tim.o(i.TIM_TimeBaseStructInit), (18 bytes).
    Removing stm32f30x_tim.o(i.TIM_UIFRemap), (20 bytes).
    Removing stm32f30x_tim.o(i.TIM_UpdateDisableConfig), (20 bytes).
    Removing stm32f30x_tim.o(i.TIM_UpdateRequestConfig), (20 bytes).
    Removing stm32f30x_usart.o(.rev16_text), (4 bytes).
    Removing stm32f30x_usart.o(.revsh_text), (4 bytes).
    Removing stm32f30x_usart.o(i.USART_AddressDetectionConfig), (16 bytes).
    Removing stm32f30x_usart.o(i.USART_AutoBaudRateCmd), (20 bytes).
    Removing stm32f30x_usart.o(i.USART_AutoBaudRateConfig), (16 bytes).
    Removing stm32f30x_usart.o(i.USART_ClearFlag), (4 bytes).
    Removing stm32f30x_usart.o(i.USART_ClearITPendingBit), (10 bytes).
    Removing stm32f30x_usart.o(i.USART_ClockInit), (28 bytes).
    Removing stm32f30x_usart.o(i.USART_ClockStructInit), (12 bytes).
    Removing stm32f30x_usart.o(i.USART_Cmd), (20 bytes).
    Removing stm32f30x_usart.o(i.USART_DECmd), (20 bytes).
    Removing stm32f30x_usart.o(i.USART_DEPolarityConfig), (16 bytes).
    Removing stm32f30x_usart.o(i.USART_DMACmd), (16 bytes).
    Removing stm32f30x_usart.o(i.USART_DMAReceptionErrorConfig), (16 bytes).
    Removing stm32f30x_usart.o(i.USART_DataInvCmd), (20 bytes).
    Removing stm32f30x_usart.o(i.USART_DeInit), (116 bytes).
    Removing stm32f30x_usart.o(i.USART_DirectionModeCmd), (16 bytes).
    Removing stm32f30x_usart.o(i.USART_GetFlagStatus), (14 bytes).
    Removing stm32f30x_usart.o(i.USART_GetITStatus), (58 bytes).
    Removing stm32f30x_usart.o(i.USART_HalfDuplexCmd), (20 bytes).
    Removing stm32f30x_usart.o(i.USART_ITConfig), (40 bytes).
    Removing stm32f30x_usart.o(i.USART_Init), (180 bytes).
    Removing stm32f30x_usart.o(i.USART_InvPinCmd), (16 bytes).
    Removing stm32f30x_usart.o(i.USART_IrDACmd), (20 bytes).
    Removing stm32f30x_usart.o(i.USART_IrDAConfig), (16 bytes).
    Removing stm32f30x_usart.o(i.USART_LINBreakDetectLengthConfig), (16 bytes).
    Removing stm32f30x_usart.o(i.USART_LINCmd), (20 bytes).
    Removing stm32f30x_usart.o(i.USART_MSBFirstCmd), (20 bytes).
    Removing stm32f30x_usart.o(i.USART_MuteModeCmd), (20 bytes).
    Removing stm32f30x_usart.o(i.USART_MuteModeWakeUpConfig), (16 bytes).
    Removing stm32f30x_usart.o(i.USART_OneBitMethodCmd), (20 bytes).
    Removing stm32f30x_usart.o(i.USART_OverSampling8Cmd), (20 bytes).
    Removing stm32f30x_usart.o(i.USART_OverrunDetectionConfig), (16 bytes).
    Removing stm32f30x_usart.o(i.USART_ReceiveData), (8 bytes).
    Removing stm32f30x_usart.o(i.USART_ReceiverTimeOutCmd), (20 bytes).
    Removing stm32f30x_usart.o(i.USART_RequestCmd), (16 bytes).
    Removing stm32f30x_usart.o(i.USART_STOPModeCmd), (20 bytes).
    Removing stm32f30x_usart.o(i.USART_SWAPPinCmd), (20 bytes).
    Removing stm32f30x_usart.o(i.USART_SendData), (8 bytes).
    Removing stm32f30x_usart.o(i.USART_SetAddress), (18 bytes).
    Removing stm32f30x_usart.o(i.USART_SetAutoRetryCount), (18 bytes).
    Removing stm32f30x_usart.o(i.USART_SetBlockLength), (18 bytes).
    Removing stm32f30x_usart.o(i.USART_SetDEAssertionTime), (18 bytes).
    Removing stm32f30x_usart.o(i.USART_SetDEDeassertionTime), (18 bytes).
    Removing stm32f30x_usart.o(i.USART_SetGuardTime), (16 bytes).
    Removing stm32f30x_usart.o(i.USART_SetPrescaler), (16 bytes).
    Removing stm32f30x_usart.o(i.USART_SetReceiverTimeOut), (16 bytes).
    Removing stm32f30x_usart.o(i.USART_SmartCardCmd), (20 bytes).
    Removing stm32f30x_usart.o(i.USART_SmartCardNACKCmd), (20 bytes).
    Removing stm32f30x_usart.o(i.USART_StopModeWakeUpSourceConfig), (16 bytes).
    Removing stm32f30x_usart.o(i.USART_StructInit), (22 bytes).
    Removing stm32f30x_wwdg.o(.rev16_text), (4 bytes).
    Removing stm32f30x_wwdg.o(.revsh_text), (4 bytes).
    Removing stm32f30x_wwdg.o(i.WWDG_ClearFlag), (12 bytes).
    Removing stm32f30x_wwdg.o(i.WWDG_DeInit), (24 bytes).
    Removing stm32f30x_wwdg.o(i.WWDG_Enable), (16 bytes).
    Removing stm32f30x_wwdg.o(i.WWDG_EnableIT), (16 bytes).
    Removing stm32f30x_wwdg.o(i.WWDG_GetFlagStatus), (20 bytes).
    Removing stm32f30x_wwdg.o(i.WWDG_SetCounter), (16 bytes).
    Removing stm32f30x_wwdg.o(i.WWDG_SetPrescaler), (20 bytes).
    Removing stm32f30x_wwdg.o(i.WWDG_SetWindowValue), (28 bytes).
    Removing startup_stm32f334x8.o(HEAP), (512 bytes).
    Removing fadd.o(.text), (176 bytes).
    Removing fmul.o(.text), (100 bytes).
    Removing dadd.o(.text), (334 bytes).
    Removing dmul.o(.text), (228 bytes).
    Removing ddiv.o(.text), (222 bytes).
    Removing dscalb.o(.text), (46 bytes).
    Removing dfltui.o(.text), (26 bytes).
    Removing dfixui.o(.text), (50 bytes).
    Removing d2f.o(.text), (56 bytes).
    Removing cfcmple.o(.text), (20 bytes).
    Removing cfrcmple.o(.text), (20 bytes).
    Removing fepilogue.o(.text), (110 bytes).
    Removing depilogue.o(.text), (186 bytes).

793 unused section(s) (total 31185 bytes) removed from the image.

==============================================================================

Image Symbol Table

    Local Symbols

    Symbol Name                              Value     Ov Type        Size  Object(Section)

    ../clib/microlib/init/entry.s            0x00000000   Number         0  entry9b.o ABSOLUTE
    ../clib/microlib/init/entry.s            0x00000000   Number         0  entry2.o ABSOLUTE
    ../clib/microlib/init/entry.s            0x00000000   Number         0  entry.o ABSOLUTE
    ../clib/microlib/init/entry.s            0x00000000   Number         0  entry5.o ABSOLUTE
    ../clib/microlib/init/entry.s            0x00000000   Number         0  entry7a.o ABSOLUTE
    ../clib/microlib/init/entry.s            0x00000000   Number         0  entry7b.o ABSOLUTE
    ../clib/microlib/init/entry.s            0x00000000   Number         0  entry8a.o ABSOLUTE
    ../clib/microlib/init/entry.s            0x00000000   Number         0  entry8b.o ABSOLUTE
    ../clib/microlib/init/entry.s            0x00000000   Number         0  entry9a.o ABSOLUTE
    ../clib/microlib/init/entry.s            0x00000000   Number         0  entry10a.o ABSOLUTE
    ../clib/microlib/init/entry.s            0x00000000   Number         0  entry10b.o ABSOLUTE
    ../clib/microlib/init/entry.s            0x00000000   Number         0  entry11a.o ABSOLUTE
    ../clib/microlib/init/entry.s            0x00000000   Number         0  entry11b.o ABSOLUTE
    ../clib/microlib/longlong.c              0x00000000   Number         0  llsshr.o ABSOLUTE
    ../clib/microlib/longlong.c              0x00000000   Number         0  llushr.o ABSOLUTE
    ../clib/microlib/longlong.c              0x00000000   Number         0  llshl.o ABSOLUTE
    ../clib/microlib/stubs.s                 0x00000000   Number         0  iusefp.o ABSOLUTE
    ../fplib/microlib/d2f.c                  0x00000000   Number         0  d2f.o ABSOLUTE
    ../fplib/microlib/fpadd.c                0x00000000   Number         0  fadd.o ABSOLUTE
    ../fplib/microlib/fpadd.c                0x00000000   Number         0  dadd.o ABSOLUTE
    ../fplib/microlib/fpdiv.c                0x00000000   Number         0  ddiv.o ABSOLUTE
    ../fplib/microlib/fpepilogue.c           0x00000000   Number         0  depilogue.o ABSOLUTE
    ../fplib/microlib/fpepilogue.c           0x00000000   Number         0  fepilogue.o ABSOLUTE
    ../fplib/microlib/fpfix.c                0x00000000   Number         0  dfixui.o ABSOLUTE
    ../fplib/microlib/fpflt.c                0x00000000   Number         0  dfltui.o ABSOLUTE
    ../fplib/microlib/fpmul.c                0x00000000   Number         0  fmul.o ABSOLUTE
    ../fplib/microlib/fpmul.c                0x00000000   Number         0  dmul.o ABSOLUTE
    ../fplib/microlib/fpscalb.c              0x00000000   Number         0  dscalb.o ABSOLUTE
    ..\DPlib\DPlib.c                         0x00000000   Number         0  dplib.o ABSOLUTE
    ..\\api\\oled.c                          0x00000000   Number         0  oled.o ABSOLUTE
    ..\\driver\\adc.c                        0x00000000   Number         0  adc.o ABSOLUTE
    ..\\driver\\hrpwm.c                      0x00000000   Number         0  hrpwm.o ABSOLUTE
    ..\\driver\\onboard_led.c                0x00000000   Number         0  onboard_led.o ABSOLUTE
    ..\\driver\\timer.c                      0x00000000   Number         0  timer.o ABSOLUTE
    ..\\driver\\usart.c                      0x00000000   Number         0  usart.o ABSOLUTE
    ..\\driver\\virtual_i2c.c                0x00000000   Number         0  virtual_i2c.o ABSOLUTE
    ..\\fwlib\\src\\stm32f30x_adc.c          0x00000000   Number         0  stm32f30x_adc.o ABSOLUTE
    ..\\fwlib\\src\\stm32f30x_can.c          0x00000000   Number         0  stm32f30x_can.o ABSOLUTE
    ..\\fwlib\\src\\stm32f30x_comp.c         0x00000000   Number         0  stm32f30x_comp.o ABSOLUTE
    ..\\fwlib\\src\\stm32f30x_crc.c          0x00000000   Number         0  stm32f30x_crc.o ABSOLUTE
    ..\\fwlib\\src\\stm32f30x_dac.c          0x00000000   Number         0  stm32f30x_dac.o ABSOLUTE
    ..\\fwlib\\src\\stm32f30x_dbgmcu.c       0x00000000   Number         0  stm32f30x_dbgmcu.o ABSOLUTE
    ..\\fwlib\\src\\stm32f30x_dma.c          0x00000000   Number         0  stm32f30x_dma.o ABSOLUTE
    ..\\fwlib\\src\\stm32f30x_exti.c         0x00000000   Number         0  stm32f30x_exti.o ABSOLUTE
    ..\\fwlib\\src\\stm32f30x_flash.c        0x00000000   Number         0  stm32f30x_flash.o ABSOLUTE
    ..\\fwlib\\src\\stm32f30x_gpio.c         0x00000000   Number         0  stm32f30x_gpio.o ABSOLUTE
    ..\\fwlib\\src\\stm32f30x_hrtim.c        0x00000000   Number         0  stm32f30x_hrtim.o ABSOLUTE
    ..\\fwlib\\src\\stm32f30x_i2c.c          0x00000000   Number         0  stm32f30x_i2c.o ABSOLUTE
    ..\\fwlib\\src\\stm32f30x_iwdg.c         0x00000000   Number         0  stm32f30x_iwdg.o ABSOLUTE
    ..\\fwlib\\src\\stm32f30x_misc.c         0x00000000   Number         0  stm32f30x_misc.o ABSOLUTE
    ..\\fwlib\\src\\stm32f30x_opamp.c        0x00000000   Number         0  stm32f30x_opamp.o ABSOLUTE
    ..\\fwlib\\src\\stm32f30x_pwr.c          0x00000000   Number         0  stm32f30x_pwr.o ABSOLUTE
    ..\\fwlib\\src\\stm32f30x_rcc.c          0x00000000   Number         0  stm32f30x_rcc.o ABSOLUTE
    ..\\fwlib\\src\\stm32f30x_rtc.c          0x00000000   Number         0  stm32f30x_rtc.o ABSOLUTE
    ..\\fwlib\\src\\stm32f30x_spi.c          0x00000000   Number         0  stm32f30x_spi.o ABSOLUTE
    ..\\fwlib\\src\\stm32f30x_syscfg.c       0x00000000   Number         0  stm32f30x_syscfg.o ABSOLUTE
    ..\\fwlib\\src\\stm32f30x_tim.c          0x00000000   Number         0  stm32f30x_tim.o ABSOLUTE
    ..\\fwlib\\src\\stm32f30x_usart.c        0x00000000   Number         0  stm32f30x_usart.o ABSOLUTE
    ..\\fwlib\\src\\stm32f30x_wwdg.c         0x00000000   Number         0  stm32f30x_wwdg.o ABSOLUTE
    ..\\main\\main.c                         0x00000000   Number         0  main.o ABSOLUTE
    ..\\main\\stm32f3xx_it.c                 0x00000000   Number         0  stm32f3xx_it.o ABSOLUTE
    ..\\main\\system_stm32f30x.c             0x00000000   Number         0  system_stm32f30x.o ABSOLUTE
    ..\alg\hp_pid_code.c                     0x00000000   Number         0  hp_pid_code.o ABSOLUTE
    ..\api\oled.c                            0x00000000   Number         0  oled.o ABSOLUTE
    ..\cm4_core\startup_stm32f334x8.s        0x00000000   Number         0  startup_stm32f334x8.o ABSOLUTE
    ..\driver\adc.c                          0x00000000   Number         0  adc.o ABSOLUTE
    ..\driver\hrpwm.c                        0x00000000   Number         0  hrpwm.o ABSOLUTE
    ..\driver\onboard_led.c                  0x00000000   Number         0  onboard_led.o ABSOLUTE
    ..\driver\timer.c                        0x00000000   Number         0  timer.o ABSOLUTE
    ..\driver\usart.c                        0x00000000   Number         0  usart.o ABSOLUTE
    ..\driver\virtual_i2c.c                  0x00000000   Number         0  virtual_i2c.o ABSOLUTE
    ..\fwlib\src\stm32f30x_adc.c             0x00000000   Number         0  stm32f30x_adc.o ABSOLUTE
    ..\fwlib\src\stm32f30x_can.c             0x00000000   Number         0  stm32f30x_can.o ABSOLUTE
    ..\fwlib\src\stm32f30x_comp.c            0x00000000   Number         0  stm32f30x_comp.o ABSOLUTE
    ..\fwlib\src\stm32f30x_crc.c             0x00000000   Number         0  stm32f30x_crc.o ABSOLUTE
    ..\fwlib\src\stm32f30x_dac.c             0x00000000   Number         0  stm32f30x_dac.o ABSOLUTE
    ..\fwlib\src\stm32f30x_dbgmcu.c          0x00000000   Number         0  stm32f30x_dbgmcu.o ABSOLUTE
    ..\fwlib\src\stm32f30x_dma.c             0x00000000   Number         0  stm32f30x_dma.o ABSOLUTE
    ..\fwlib\src\stm32f30x_exti.c            0x00000000   Number         0  stm32f30x_exti.o ABSOLUTE
    ..\fwlib\src\stm32f30x_flash.c           0x00000000   Number         0  stm32f30x_flash.o ABSOLUTE
    ..\fwlib\src\stm32f30x_gpio.c            0x00000000   Number         0  stm32f30x_gpio.o ABSOLUTE
    ..\fwlib\src\stm32f30x_hrtim.c           0x00000000   Number         0  stm32f30x_hrtim.o ABSOLUTE
    ..\fwlib\src\stm32f30x_i2c.c             0x00000000   Number         0  stm32f30x_i2c.o ABSOLUTE
    ..\fwlib\src\stm32f30x_iwdg.c            0x00000000   Number         0  stm32f30x_iwdg.o ABSOLUTE
    ..\fwlib\src\stm32f30x_misc.c            0x00000000   Number         0  stm32f30x_misc.o ABSOLUTE
    ..\fwlib\src\stm32f30x_opamp.c           0x00000000   Number         0  stm32f30x_opamp.o ABSOLUTE
    ..\fwlib\src\stm32f30x_pwr.c             0x00000000   Number         0  stm32f30x_pwr.o ABSOLUTE
    ..\fwlib\src\stm32f30x_rcc.c             0x00000000   Number         0  stm32f30x_rcc.o ABSOLUTE
    ..\fwlib\src\stm32f30x_rtc.c             0x00000000   Number         0  stm32f30x_rtc.o ABSOLUTE
    ..\fwlib\src\stm32f30x_spi.c             0x00000000   Number         0  stm32f30x_spi.o ABSOLUTE
    ..\fwlib\src\stm32f30x_syscfg.c          0x00000000   Number         0  stm32f30x_syscfg.o ABSOLUTE
    ..\fwlib\src\stm32f30x_tim.c             0x00000000   Number         0  stm32f30x_tim.o ABSOLUTE
    ..\fwlib\src\stm32f30x_usart.c           0x00000000   Number         0  stm32f30x_usart.o ABSOLUTE
    ..\fwlib\src\stm32f30x_wwdg.c            0x00000000   Number         0  stm32f30x_wwdg.o ABSOLUTE
    ..\main\main.c                           0x00000000   Number         0  main.o ABSOLUTE
    ..\main\stm32f3xx_it.c                   0x00000000   Number         0  stm32f3xx_it.o ABSOLUTE
    ..\main\system_stm32f30x.c               0x00000000   Number         0  system_stm32f30x.o ABSOLUTE
    cfcmple.s                                0x00000000   Number         0  cfcmple.o ABSOLUTE
    cfrcmple.s                               0x00000000   Number         0  cfrcmple.o ABSOLUTE
    dc.s                                     0x00000000   Number         0  dc.o ABSOLUTE
    handlers.s                               0x00000000   Number         0  handlers.o ABSOLUTE
    init.s                                   0x00000000   Number         0  init.o ABSOLUTE
    RESET                                    0x08000000   Section      392  startup_stm32f334x8.o(RESET)
    .ARM.Collect$$$$00000000                 0x08000188   Section        0  entry.o(.ARM.Collect$$$$00000000)
    .ARM.Collect$$$$00000001                 0x08000188   Section        4  entry2.o(.ARM.Collect$$$$00000001)
    .ARM.Collect$$$$00000004                 0x0800018c   Section        4  entry5.o(.ARM.Collect$$$$00000004)
    .ARM.Collect$$$$00000008                 0x08000190   Section        0  entry7b.o(.ARM.Collect$$$$00000008)
    .ARM.Collect$$$$0000000A                 0x08000190   Section        0  entry8b.o(.ARM.Collect$$$$0000000A)
    .ARM.Collect$$$$0000000B                 0x08000190   Section        8  entry9a.o(.ARM.Collect$$$$0000000B)
    .ARM.Collect$$$$0000000D                 0x08000198   Section        0  entry10a.o(.ARM.Collect$$$$0000000D)
    .ARM.Collect$$$$0000000F                 0x08000198   Section        0  entry11a.o(.ARM.Collect$$$$0000000F)
    .ARM.Collect$$$$00002712                 0x08000198   Section        4  entry2.o(.ARM.Collect$$$$00002712)
    __lit__00000000                          0x08000198   Data           4  entry2.o(.ARM.Collect$$$$00002712)
    .text                                    0x0800019c   Section       36  startup_stm32f334x8.o(.text)
    .text                                    0x080001c0   Section       36  init.o(.text)
    i.BusFault_Handler                       0x080001e4   Section        0  stm32f3xx_it.o(i.BusFault_Handler)
    i.DebugMon_Handler                       0x080001e6   Section        0  stm32f3xx_it.o(i.DebugMon_Handler)
    i.Delay_ms                               0x080001e8   Section        0  system_stm32f30x.o(i.Delay_ms)
    i.EXTI0_IRQHandler                       0x080001fc   Section        0  stm32f3xx_it.o(i.EXTI0_IRQHandler)
    i.GPIO_Init                              0x080001fe   Section        0  stm32f30x_gpio.o(i.GPIO_Init)
    i.HRTIM1_TIMA_IRQHandler                 0x08000274   Section        0  hrpwm.o(i.HRTIM1_TIMA_IRQHandler)
    i.HRTIM_ClearITPendingBit                0x08000294   Section        0  stm32f30x_hrtim.o(i.HRTIM_ClearITPendingBit)
    i.HRTIM_GetITStatus                      0x080002b8   Section        0  stm32f30x_hrtim.o(i.HRTIM_GetITStatus)
    i.HardFault_Handler                      0x080002f6   Section        0  stm32f3xx_it.o(i.HardFault_Handler)
    i.LED1_Off                               0x080002f8   Section        0  onboard_led.o(i.LED1_Off)
    i.LED1_On                                0x08000304   Section        0  onboard_led.o(i.LED1_On)
    i.LED2_Off                               0x08000310   Section        0  onboard_led.o(i.LED2_Off)
    i.LED2_On                                0x0800031c   Section        0  onboard_led.o(i.LED2_On)
    i.LED_Init                               0x08000328   Section        0  onboard_led.o(i.LED_Init)
    i.MemManage_Handler                      0x08000368   Section        0  stm32f3xx_it.o(i.MemManage_Handler)
    i.NMI_Handler                            0x0800036a   Section        0  stm32f3xx_it.o(i.NMI_Handler)
    i.PendSV_Handler                         0x0800036c   Section        0  stm32f3xx_it.o(i.PendSV_Handler)
    i.RCC_AHBPeriphClockCmd                  0x08000370   Section        0  stm32f30x_rcc.o(i.RCC_AHBPeriphClockCmd)
    i.RCC_DeInit                             0x08000388   Section        0  stm32f30x_rcc.o(i.RCC_DeInit)
    i.SVC_Handler                            0x080003d8   Section        0  stm32f3xx_it.o(i.SVC_Handler)
    i.SysTick_Handler                        0x080003da   Section        0  stm32f3xx_it.o(i.SysTick_Handler)
    i.SystemInit                             0x080003e0   Section        0  system_stm32f30x.o(i.SystemInit)
    i.System_HSIClockInit                    0x08000444   Section        0  system_stm32f30x.o(i.System_HSIClockInit)
    System_HSIClockInit                      0x08000445   Thumb Code   144  system_stm32f30x.o(i.System_HSIClockInit)
    i.TimingDelay_Decrement                  0x080004dc   Section        0  system_stm32f30x.o(i.TimingDelay_Decrement)
    i.USART1_IRQHandler                      0x080004f0   Section        0  usart.o(i.USART1_IRQHandler)
    i.UsageFault_Handler                     0x080004f2   Section        0  stm32f3xx_it.o(i.UsageFault_Handler)
    i.__scatterload_copy                     0x080004f4   Section       14  handlers.o(i.__scatterload_copy)
    i.__scatterload_null                     0x08000502   Section        2  handlers.o(i.__scatterload_null)
    i.__scatterload_zeroinit                 0x08000504   Section       14  handlers.o(i.__scatterload_zeroinit)
    i.main                                   0x08000514   Section        0  main.o(i.main)
    .data                                    0x20000000   Section       24  system_stm32f30x.o(.data)
    TimingDelay                              0x20000004   Data           4  system_stm32f30x.o(.data)
    STACK                                    0x20000018   Section     1024  startup_stm32f334x8.o(STACK)

    Global Symbols

    Symbol Name                              Value     Ov Type        Size  Object(Section)

    BuildAttributes$$THM_ISAv4$E$P$D$K$B$S$7EM$PE$A:L22UL41UL21$X:L11$S22US41US21$IEEE1$IW$USESV6$~STKCKD$USESV7$~SHL$OTIME$ROPI$EBA8$MICROLIB$REQ8$PRES8$EABIv2 0x00000000   Number         0  anon$$obj.o ABSOLUTE
    __ARM_use_no_argv                        0x00000000   Number         0  main.o ABSOLUTE
    __cpp_initialize__aeabi_                  - Undefined Weak Reference
    __cxa_finalize                            - Undefined Weak Reference
    __decompress                              - Undefined Weak Reference
    _clock_init                               - Undefined Weak Reference
    _microlib_exit                            - Undefined Weak Reference
    __Vectors_Size                           0x00000188   Number         0  startup_stm32f334x8.o ABSOLUTE
    __Vectors                                0x08000000   Data           4  startup_stm32f334x8.o(RESET)
    __Vectors_End                            0x08000188   Data           0  startup_stm32f334x8.o(RESET)
    __main                                   0x08000189   Thumb Code     0  entry.o(.ARM.Collect$$$$00000000)
    _main_stk                                0x08000189   Thumb Code     0  entry2.o(.ARM.Collect$$$$00000001)
    _main_scatterload                        0x0800018d   Thumb Code     0  entry5.o(.ARM.Collect$$$$00000004)
    __main_after_scatterload                 0x08000191   Thumb Code     0  entry5.o(.ARM.Collect$$$$00000004)
    _main_clock                              0x08000191   Thumb Code     0  entry7b.o(.ARM.Collect$$$$00000008)
    _main_cpp_init                           0x08000191   Thumb Code     0  entry8b.o(.ARM.Collect$$$$0000000A)
    _main_init                               0x08000191   Thumb Code     0  entry9a.o(.ARM.Collect$$$$0000000B)
    __rt_final_cpp                           0x08000199   Thumb Code     0  entry10a.o(.ARM.Collect$$$$0000000D)
    __rt_final_exit                          0x08000199   Thumb Code     0  entry11a.o(.ARM.Collect$$$$0000000F)
    Reset_Handler                            0x0800019d   Thumb Code     8  startup_stm32f334x8.o(.text)
    ADC1_2_IRQHandler                        0x080001b7   Thumb Code     0  startup_stm32f334x8.o(.text)
    CAN1_RX0_IRQHandler                      0x080001b7   Thumb Code     0  startup_stm32f334x8.o(.text)
    CAN1_RX1_IRQHandler                      0x080001b7   Thumb Code     0  startup_stm32f334x8.o(.text)
    CAN1_SCE_IRQHandler                      0x080001b7   Thumb Code     0  startup_stm32f334x8.o(.text)
    CAN1_TX_IRQHandler                       0x080001b7   Thumb Code     0  startup_stm32f334x8.o(.text)
    COMP2_IRQHandler                         0x080001b7   Thumb Code     0  startup_stm32f334x8.o(.text)
    COMP4_6_IRQHandler                       0x080001b7   Thumb Code     0  startup_stm32f334x8.o(.text)
    DMA1_Channel1_IRQHandler                 0x080001b7   Thumb Code     0  startup_stm32f334x8.o(.text)
    DMA1_Channel2_IRQHandler                 0x080001b7   Thumb Code     0  startup_stm32f334x8.o(.text)
    DMA1_Channel3_IRQHandler                 0x080001b7   Thumb Code     0  startup_stm32f334x8.o(.text)
    DMA1_Channel4_IRQHandler                 0x080001b7   Thumb Code     0  startup_stm32f334x8.o(.text)
    DMA1_Channel5_IRQHandler                 0x080001b7   Thumb Code     0  startup_stm32f334x8.o(.text)
    DMA1_Channel6_IRQHandler                 0x080001b7   Thumb Code     0  startup_stm32f334x8.o(.text)
    DMA1_Channel7_IRQHandler                 0x080001b7   Thumb Code     0  startup_stm32f334x8.o(.text)
    EXTI15_10_IRQHandler                     0x080001b7   Thumb Code     0  startup_stm32f334x8.o(.text)
    EXTI1_IRQHandler                         0x080001b7   Thumb Code     0  startup_stm32f334x8.o(.text)
    EXTI2_TS_IRQHandler                      0x080001b7   Thumb Code     0  startup_stm32f334x8.o(.text)
    EXTI3_IRQHandler                         0x080001b7   Thumb Code     0  startup_stm32f334x8.o(.text)
    EXTI4_IRQHandler                         0x080001b7   Thumb Code     0  startup_stm32f334x8.o(.text)
    EXTI9_5_IRQHandler                       0x080001b7   Thumb Code     0  startup_stm32f334x8.o(.text)
    FLASH_IRQHandler                         0x080001b7   Thumb Code     0  startup_stm32f334x8.o(.text)
    FPU_IRQHandler                           0x080001b7   Thumb Code     0  startup_stm32f334x8.o(.text)
    HRTIM1_FLT_IRQHandler                    0x080001b7   Thumb Code     0  startup_stm32f334x8.o(.text)
    HRTIM1_Master_IRQHandler                 0x080001b7   Thumb Code     0  startup_stm32f334x8.o(.text)
    HRTIM1_TIMB_IRQHandler                   0x080001b7   Thumb Code     0  startup_stm32f334x8.o(.text)
    HRTIM1_TIMC_IRQHandler                   0x080001b7   Thumb Code     0  startup_stm32f334x8.o(.text)
    HRTIM1_TIMD_IRQHandler                   0x080001b7   Thumb Code     0  startup_stm32f334x8.o(.text)
    HRTIM1_TIME_IRQHandler                   0x080001b7   Thumb Code     0  startup_stm32f334x8.o(.text)
    I2C1_ER_IRQHandler                       0x080001b7   Thumb Code     0  startup_stm32f334x8.o(.text)
    I2C1_EV_IRQHandler                       0x080001b7   Thumb Code     0  startup_stm32f334x8.o(.text)
    PVD_IRQHandler                           0x080001b7   Thumb Code     0  startup_stm32f334x8.o(.text)
    RCC_IRQHandler                           0x080001b7   Thumb Code     0  startup_stm32f334x8.o(.text)
    RTC_Alarm_IRQHandler                     0x080001b7   Thumb Code     0  startup_stm32f334x8.o(.text)
    RTC_WKUP_IRQHandler                      0x080001b7   Thumb Code     0  startup_stm32f334x8.o(.text)
    SPI1_IRQHandler                          0x080001b7   Thumb Code     0  startup_stm32f334x8.o(.text)
    TAMPER_STAMP_IRQHandler                  0x080001b7   Thumb Code     0  startup_stm32f334x8.o(.text)
    TIM1_BRK_TIM15_IRQHandler                0x080001b7   Thumb Code     0  startup_stm32f334x8.o(.text)
    TIM1_CC_IRQHandler                       0x080001b7   Thumb Code     0  startup_stm32f334x8.o(.text)
    TIM1_TRG_COM_TIM17_IRQHandler            0x080001b7   Thumb Code     0  startup_stm32f334x8.o(.text)
    TIM1_UP_TIM16_IRQHandler                 0x080001b7   Thumb Code     0  startup_stm32f334x8.o(.text)
    TIM2_IRQHandler                          0x080001b7   Thumb Code     0  startup_stm32f334x8.o(.text)
    TIM3_IRQHandler                          0x080001b7   Thumb Code     0  startup_stm32f334x8.o(.text)
    TIM6_DAC1_IRQHandler                     0x080001b7   Thumb Code     0  startup_stm32f334x8.o(.text)
    TIM7_DAC2_IRQHandler                     0x080001b7   Thumb Code     0  startup_stm32f334x8.o(.text)
    USART2_IRQHandler                        0x080001b7   Thumb Code     0  startup_stm32f334x8.o(.text)
    USART3_IRQHandler                        0x080001b7   Thumb Code     0  startup_stm32f334x8.o(.text)
    WWDG_IRQHandler                          0x080001b7   Thumb Code     0  startup_stm32f334x8.o(.text)
    __scatterload                            0x080001c1   Thumb Code    28  init.o(.text)
    __scatterload_rt2                        0x080001c1   Thumb Code     0  init.o(.text)
    BusFault_Handler                         0x080001e5   Thumb Code     2  stm32f3xx_it.o(i.BusFault_Handler)
    DebugMon_Handler                         0x080001e7   Thumb Code     2  stm32f3xx_it.o(i.DebugMon_Handler)
    Delay_ms                                 0x080001e9   Thumb Code    16  system_stm32f30x.o(i.Delay_ms)
    EXTI0_IRQHandler                         0x080001fd   Thumb Code     2  stm32f3xx_it.o(i.EXTI0_IRQHandler)
    GPIO_Init                                0x080001ff   Thumb Code   116  stm32f30x_gpio.o(i.GPIO_Init)
    HRTIM1_TIMA_IRQHandler                   0x08000275   Thumb Code    28  hrpwm.o(i.HRTIM1_TIMA_IRQHandler)
    HRTIM_ClearITPendingBit                  0x08000295   Thumb Code    36  stm32f30x_hrtim.o(i.HRTIM_ClearITPendingBit)
    HRTIM_GetITStatus                        0x080002b9   Thumb Code    62  stm32f30x_hrtim.o(i.HRTIM_GetITStatus)
    HardFault_Handler                        0x080002f7   Thumb Code     2  stm32f3xx_it.o(i.HardFault_Handler)
    LED1_Off                                 0x080002f9   Thumb Code     8  onboard_led.o(i.LED1_Off)
    LED1_On                                  0x08000305   Thumb Code     8  onboard_led.o(i.LED1_On)
    LED2_Off                                 0x08000311   Thumb Code     8  onboard_led.o(i.LED2_Off)
    LED2_On                                  0x0800031d   Thumb Code     8  onboard_led.o(i.LED2_On)
    LED_Init                                 0x08000329   Thumb Code    58  onboard_led.o(i.LED_Init)
    MemManage_Handler                        0x08000369   Thumb Code     2  stm32f3xx_it.o(i.MemManage_Handler)
    NMI_Handler                              0x0800036b   Thumb Code     2  stm32f3xx_it.o(i.NMI_Handler)
    PendSV_Handler                           0x0800036d   Thumb Code     2  stm32f3xx_it.o(i.PendSV_Handler)
    RCC_AHBPeriphClockCmd                    0x08000371   Thumb Code    18  stm32f30x_rcc.o(i.RCC_AHBPeriphClockCmd)
    RCC_DeInit                               0x08000389   Thumb Code    64  stm32f30x_rcc.o(i.RCC_DeInit)
    SVC_Handler                              0x080003d9   Thumb Code     2  stm32f3xx_it.o(i.SVC_Handler)
    SysTick_Handler                          0x080003db   Thumb Code     4  stm32f3xx_it.o(i.SysTick_Handler)
    SystemInit                               0x080003e1   Thumb Code    78  system_stm32f30x.o(i.SystemInit)
    TimingDelay_Decrement                    0x080004dd   Thumb Code    16  system_stm32f30x.o(i.TimingDelay_Decrement)
    USART1_IRQHandler                        0x080004f1   Thumb Code     2  usart.o(i.USART1_IRQHandler)
    UsageFault_Handler                       0x080004f3   Thumb Code     2  stm32f3xx_it.o(i.UsageFault_Handler)
    __scatterload_copy                       0x080004f5   Thumb Code    14  handlers.o(i.__scatterload_copy)
    __scatterload_null                       0x08000503   Thumb Code     2  handlers.o(i.__scatterload_null)
    __scatterload_zeroinit                   0x08000505   Thumb Code    14  handlers.o(i.__scatterload_zeroinit)
    main                                     0x08000515   Thumb Code   124  main.o(i.main)
    Region$$Table$$Base                      0x08000598   Number         0  anon$$obj.o(Region$$Table)
    Region$$Table$$Limit                     0x080005b8   Number         0  anon$$obj.o(Region$$Table)
    SystemCoreClock                          0x20000000   Data           4  system_stm32f30x.o(.data)
    AHBPrescTable                            0x20000008   Data          16  system_stm32f30x.o(.data)
    __initial_sp                             0x20000418   Data           0  startup_stm32f334x8.o(STACK)



==============================================================================

Memory Map of the image

  Image Entry point : 0x08000189

  Load Region LR_IROM1 (Base: 0x08000000, Size: 0x000005d0, Max: 0x00010000, ABSOLUTE)

    Execution Region ER_IROM1 (Base: 0x08000000, Size: 0x000005b8, Max: 0x00010000, ABSOLUTE)

    Base Addr    Size         Type   Attr      Idx    E Section Name        Object

    0x08000000   0x00000188   Data   RO         4943    RESET               startup_stm32f334x8.o
    0x08000188   0x00000000   Code   RO         4948  * .ARM.Collect$$$$00000000  mc_w.l(entry.o)
    0x08000188   0x00000004   Code   RO         4973    .ARM.Collect$$$$00000001  mc_w.l(entry2.o)
    0x0800018c   0x00000004   Code   RO         4976    .ARM.Collect$$$$00000004  mc_w.l(entry5.o)
    0x08000190   0x00000000   Code   RO         4978    .ARM.Collect$$$$00000008  mc_w.l(entry7b.o)
    0x08000190   0x00000000   Code   RO         4980    .ARM.Collect$$$$0000000A  mc_w.l(entry8b.o)
    0x08000190   0x00000008   Code   RO         4981    .ARM.Collect$$$$0000000B  mc_w.l(entry9a.o)
    0x08000198   0x00000000   Code   RO         4983    .ARM.Collect$$$$0000000D  mc_w.l(entry10a.o)
    0x08000198   0x00000000   Code   RO         4985    .ARM.Collect$$$$0000000F  mc_w.l(entry11a.o)
    0x08000198   0x00000004   Code   RO         4974    .ARM.Collect$$$$00002712  mc_w.l(entry2.o)
    0x0800019c   0x00000024   Code   RO         4944    .text               startup_stm32f334x8.o
    0x080001c0   0x00000024   Code   RO         4998    .text               mc_w.l(init.o)
    0x080001e4   0x00000002   Code   RO          170    i.BusFault_Handler  stm32f3xx_it.o
    0x080001e6   0x00000002   Code   RO          171    i.DebugMon_Handler  stm32f3xx_it.o
    0x080001e8   0x00000014   Code   RO          252    i.Delay_ms          system_stm32f30x.o
    0x080001fc   0x00000002   Code   RO          172    i.EXTI0_IRQHandler  stm32f3xx_it.o
    0x080001fe   0x00000074   Code   RO         1916    i.GPIO_Init         stm32f30x_gpio.o
    0x08000272   0x00000002   PAD
    0x08000274   0x00000020   Code   RO          576    i.HRTIM1_TIMA_IRQHandler  hrpwm.o
    0x08000294   0x00000024   Code   RO         2015    i.HRTIM_ClearITPendingBit  stm32f30x_hrtim.o
    0x080002b8   0x0000003e   Code   RO         2034    i.HRTIM_GetITStatus  stm32f30x_hrtim.o
    0x080002f6   0x00000002   Code   RO          173    i.HardFault_Handler  stm32f3xx_it.o
    0x080002f8   0x0000000c   Code   RO          464    i.LED1_Off          onboard_led.o
    0x08000304   0x0000000c   Code   RO          465    i.LED1_On           onboard_led.o
    0x08000310   0x0000000c   Code   RO          467    i.LED2_Off          onboard_led.o
    0x0800031c   0x0000000c   Code   RO          468    i.LED2_On           onboard_led.o
    0x08000328   0x00000040   Code   RO          470    i.LED_Init          onboard_led.o
    0x08000368   0x00000002   Code   RO          174    i.MemManage_Handler  stm32f3xx_it.o
    0x0800036a   0x00000002   Code   RO          175    i.NMI_Handler       stm32f3xx_it.o
    0x0800036c   0x00000002   Code   RO          176    i.PendSV_Handler    stm32f3xx_it.o
    0x0800036e   0x00000002   PAD
    0x08000370   0x00000018   Code   RO         3005    i.RCC_AHBPeriphClockCmd  stm32f30x_rcc.o
    0x08000388   0x00000050   Code   RO         3016    i.RCC_DeInit        stm32f30x_rcc.o
    0x080003d8   0x00000002   Code   RO          177    i.SVC_Handler       stm32f3xx_it.o
    0x080003da   0x00000004   Code   RO          178    i.SysTick_Handler   stm32f3xx_it.o
    0x080003de   0x00000002   PAD
    0x080003e0   0x00000064   Code   RO          255    i.SystemInit        system_stm32f30x.o
    0x08000444   0x00000098   Code   RO          256    i.System_HSIClockInit  system_stm32f30x.o
    0x080004dc   0x00000014   Code   RO          257    i.TimingDelay_Decrement  system_stm32f30x.o
    0x080004f0   0x00000002   Code   RO          519    i.USART1_IRQHandler  usart.o
    0x080004f2   0x00000002   Code   RO          179    i.UsageFault_Handler  stm32f3xx_it.o
    0x080004f4   0x0000000e   Code   RO         5002    i.__scatterload_copy  mc_w.l(handlers.o)
    0x08000502   0x00000002   Code   RO         5003    i.__scatterload_null  mc_w.l(handlers.o)
    0x08000504   0x0000000e   Code   RO         5004    i.__scatterload_zeroinit  mc_w.l(handlers.o)
    0x08000512   0x00000002   PAD
    0x08000514   0x00000084   Code   RO            3    i.main              main.o
    0x08000598   0x00000020   Data   RO         5000    Region$$Table       anon$$obj.o


    Execution Region RW_IRAM1 (Base: 0x20000000, Size: 0x00000418, Max: 0x00002800, ABSOLUTE)

    Base Addr    Size         Type   Attr      Idx    E Section Name        Object

    0x20000000   0x00000018   Data   RW          258    .data               system_stm32f30x.o
    0x20000018   0x00000400   Zero   RW         4941    STACK               startup_stm32f334x8.o


==============================================================================

Image component sizes


      Code (inc. data)   RO Data    RW Data    ZI Data      Debug   Object Name

        32          4          0          0          0        473   hrpwm.o
       132          8          0          0          0     345566   main.o
       112         22          0          0          0       2611   onboard_led.o
        36          8        392          0       1024        796   startup_stm32f334x8.o
       116          0          0          0          0       1084   stm32f30x_gpio.o
        98         12          0          0          0       2702   stm32f30x_hrtim.o
       104         22          0          0          0        993   stm32f30x_rcc.o
        22          0          0          0          0       4217   stm32f3xx_it.o
       292         38          0         24          0       2727   system_stm32f30x.o
         2          0          0          0          0        416   usart.o

    ----------------------------------------------------------------------
       952        114        424         24       1024     361585   Object Totals
         0          0         32          0          0          0   (incl. Generated)
         6          0          0          0          0          0   (incl. Padding)

    ----------------------------------------------------------------------

      Code (inc. data)   RO Data    RW Data    ZI Data      Debug   Library Member Name

         0          0          0          0          0          0   entry.o
         0          0          0          0          0          0   entry10a.o
         0          0          0          0          0          0   entry11a.o
         8          4          0          0          0          0   entry2.o
         4          0          0          0          0          0   entry5.o
         0          0          0          0          0          0   entry7b.o
         0          0          0          0          0          0   entry8b.o
         8          4          0          0          0          0   entry9a.o
        30          0          0          0          0          0   handlers.o
        36          8          0          0          0         68   init.o

    ----------------------------------------------------------------------
        88         16          0          0          0         68   Library Totals
         2          0          0          0          0          0   (incl. Padding)

    ----------------------------------------------------------------------

      Code (inc. data)   RO Data    RW Data    ZI Data      Debug   Library Name

        86         16          0          0          0         68   mc_w.l

    ----------------------------------------------------------------------
        88         16          0          0          0         68   Library Totals

    ----------------------------------------------------------------------

==============================================================================


      Code (inc. data)   RO Data    RW Data    ZI Data      Debug   

      1040        130        424         24       1024     360713   Grand Totals
      1040        130        424         24       1024     360713   ELF Image Totals
      1040        130        424         24          0          0   ROM Totals

==============================================================================

    Total RO  Size (Code + RO Data)                 1464 (   1.43kB)
    Total RW  Size (RW Data + ZI Data)              1048 (   1.02kB)
    Total ROM Size (Code + RO Data + RW Data)       1488 (   1.45kB)

==============================================================================

