Component: ARM Compiler 5.06 update 1 (build 61) Tool: armlink [4d35a8]

==============================================================================

Section Cross References

    main.o(i.TIM3_IRQHandler) refers to stm32f30x_tim.o(i.TIM_GetITStatus) for TIM_GetITStatus
    main.o(i.TIM3_IRQHandler) refers to stm32f30x_adc.o(i.ADC_GetInjectedConversionValue) for ADC_GetInjectedConversionValue
    main.o(i.TIM3_IRQHandler) refers to dfltui.o(.text) for __aeabi_ui2d
    main.o(i.TIM3_IRQHandler) refers to dmul.o(.text) for __aeabi_dmul
    main.o(i.TIM3_IRQHandler) refers to ddiv.o(.text) for __aeabi_ddiv
    main.o(i.TIM3_IRQHandler) refers to dadd.o(.text) for __aeabi_dsub
    main.o(i.TIM3_IRQHandler) refers to d2f.o(.text) for __aeabi_d2f
    main.o(i.TIM3_IRQHandler) refers to hp_pid_code.o(RAMCODE) for PID_Calc
    main.o(i.TIM3_IRQHandler) refers to ffixui.o(.text) for __aeabi_f2uiz
    main.o(i.TIM3_IRQHandler) refers to hrpwm.o(i.HrPWM_CHA_Update) for HrPWM_CHA_Update
    main.o(i.TIM3_IRQHandler) refers to stm32f30x_tim.o(i.TIM_ClearITPendingBit) for TIM_ClearITPendingBit
    main.o(i.TIM3_IRQHandler) refers to main.o(.data) for .data
    main.o(i.TIM3_IRQHandler) refers to main.o(.bss) for .bss
    main.o(i.main) refers to system_stm32f30x.o(i.Delay_ms) for Delay_ms
    main.o(i.main) refers to onboard_led.o(i.LED_Init) for LED_Init
    main.o(i.main) refers to onboard_led.o(i.LED1_On) for LED1_On
    main.o(i.main) refers to onboard_led.o(i.LED2_On) for LED2_On
    main.o(i.main) refers to onboard_led.o(i.LED1_Off) for LED1_Off
    main.o(i.main) refers to onboard_led.o(i.LED2_Off) for LED2_Off
    main.o(i.main) refers to stm32f30x_gpio.o(i.GPIO_Init) for GPIO_Init
    main.o(i.main) refers to timer.o(i.TIMER3_init) for TIMER3_init
    main.o(i.main) refers to usart.o(i.USART1_init) for USART1_init
    main.o(i.main) refers to hrpwm.o(i.HrPWM_CHA_Init) for HrPWM_CHA_Init
    main.o(i.main) refers to adc.o(i.ADC_init) for ADC_init
    main.o(i.main) refers to hp_pid_code.o(i.PID_DeInit) for PID_DeInit
    main.o(i.main) refers to hp_pid_code.o(i.PID_init) for PID_init
    main.o(i.main) refers to dfltui.o(.text) for __aeabi_ui2d
    main.o(i.main) refers to dmul.o(.text) for __aeabi_dmul
    main.o(i.main) refers to d2f.o(.text) for __aeabi_d2f
    main.o(i.main) refers to dfixui.o(.text) for __aeabi_d2uiz
    main.o(i.main) refers to hrpwm.o(i.HrPWM_CHA_Update) for HrPWM_CHA_Update
    main.o(i.main) refers to stm32f30x_hrtim.o(i.HRTIM_WaveformOutputStart) for HRTIM_WaveformOutputStart
    main.o(i.main) refers to ddiv.o(.text) for __aeabi_ddiv
    main.o(i.main) refers to stm32f30x_hrtim.o(i.HRTIM_WaveformOutputStop) for HRTIM_WaveformOutputStop
    main.o(i.main) refers to onboard_led.o(i.LED1_Toggle) for LED1_Toggle
    main.o(i.main) refers to onboard_led.o(i.LED2_Toggle) for LED2_Toggle
    main.o(i.main) refers to hp_pid_code.o(RAMCODE) for PID_Calc
    main.o(i.main) refers to ffltui.o(.text) for __aeabi_ui2f
    main.o(i.main) refers to fdiv.o(.text) for __aeabi_fdiv
    main.o(i.main) refers to f2d.o(.text) for __aeabi_f2d
    main.o(i.main) refers to printfa.o(i.__0printf) for __2printf
    main.o(i.main) refers to system_stm32f30x.o(.data) for SystemCoreClock
    main.o(i.main) refers to main.o(.data) for .data
    main.o(i.main) refers to main.o(.bss) for .bss
    stm32f3xx_it.o(i.SysTick_Handler) refers to system_stm32f30x.o(i.TimingDelay_Decrement) for TimingDelay_Decrement
    system_stm32f30x.o(i.Delay_ms) refers to system_stm32f30x.o(.data) for .data
    system_stm32f30x.o(i.Delay_us) refers to system_stm32f30x.o(.data) for .data
    system_stm32f30x.o(i.SystemCoreClockUpdate) refers to system_stm32f30x.o(.data) for .data
    system_stm32f30x.o(i.SystemInit) refers to system_stm32f30x.o(i.System_HSIClockInit) for System_HSIClockInit
    system_stm32f30x.o(i.System_HSIClockInit) refers to stm32f30x_rcc.o(i.RCC_DeInit) for RCC_DeInit
    system_stm32f30x.o(i.TimingDelay_Decrement) refers to system_stm32f30x.o(.data) for .data
    oled.o(i.IIC_Start) refers to virtual_i2c.o(i.I2C_Start) for I2C_Start
    oled.o(i.IIC_Stop) refers to virtual_i2c.o(i.I2C_Stop) for I2C_Stop
    oled.o(i.OLED_CLS) refers to oled.o(i.OLED_WrCmd) for OLED_WrCmd
    oled.o(i.OLED_CLS) refers to oled.o(i.OLED_WrDat) for OLED_WrDat
    oled.o(i.OLED_Fill) refers to oled.o(i.OLED_WrCmd) for OLED_WrCmd
    oled.o(i.OLED_Fill) refers to oled.o(i.OLED_WrDat) for OLED_WrDat
    oled.o(i.OLED_Init) refers to virtual_i2c.o(i.Virtual_I2C_init) for Virtual_I2C_init
    oled.o(i.OLED_Init) refers to oled.o(i.delay) for delay
    oled.o(i.OLED_Init) refers to oled.o(i.OLED_WrCmd) for OLED_WrCmd
    oled.o(i.OLED_Init) refers to oled.o(i.OLED_Fill) for OLED_Fill
    oled.o(i.OLED_Init) refers to oled.o(i.OLED_Set_Pos) for OLED_Set_Pos
    oled.o(i.OLED_P6x8Str) refers to oled.o(i.OLED_Set_Pos) for OLED_Set_Pos
    oled.o(i.OLED_P6x8Str) refers to oled.o(i.OLED_WrDat) for OLED_WrDat
[...]
    Removing stm32f30x_rcc.o(i.RCC_PCLK1Config), (20 bytes).
    Removing stm32f30x_rcc.o(i.RCC_PCLK2Config), (20 bytes).
    Removing stm32f30x_rcc.o(i.RCC_PLLCmd), (12 bytes).
    Removing stm32f30x_rcc.o(i.RCC_PLLConfig), (24 bytes).
    Removing stm32f30x_rcc.o(i.RCC_PREDIV1Config), (20 bytes).
    Removing stm32f30x_rcc.o(i.RCC_RTCCLKCmd), (12 bytes).
    Removing stm32f30x_rcc.o(i.RCC_RTCCLKConfig), (16 bytes).
    Removing stm32f30x_rcc.o(i.RCC_SYSCLKConfig), (20 bytes).
    Removing stm32f30x_rcc.o(i.RCC_TIMCLKConfig), (72 bytes).
    Removing stm32f30x_rcc.o(i.RCC_USARTCLKConfig), (72 bytes).
    Removing stm32f30x_rcc.o(i.RCC_USBCLKConfig), (12 bytes).
    Removing stm32f30x_rcc.o(i.RCC_WaitForHSEStartUp), (44 bytes).
    Removing stm32f30x_rtc.o(.rev16_text), (4 bytes).
    Removing stm32f30x_rtc.o(.revsh_text), (4 bytes).
    Removing stm32f30x_rtc.o(i.RTC_AlarmCmd), (84 bytes).
    Removing stm32f30x_rtc.o(i.RTC_AlarmStructInit), (20 bytes).
    Removing stm32f30x_rtc.o(i.RTC_AlarmSubSecondConfig), (44 bytes).
    Removing stm32f30x_rtc.o(i.RTC_Bcd2ToByte), (18 bytes).
    Removing stm32f30x_rtc.o(i.RTC_BypassShadowCmd), (44 bytes).
    Removing stm32f30x_rtc.o(i.RTC_ByteToBcd2), (24 bytes).
    Removing stm32f30x_rtc.o(i.RTC_CalibOutputCmd), (44 bytes).
    Removing stm32f30x_rtc.o(i.RTC_CalibOutputConfig), (40 bytes).
    Removing stm32f30x_rtc.o(i.RTC_ClearFlag), (28 bytes).
    Removing stm32f30x_rtc.o(i.RTC_ClearITPendingBit), (28 bytes).
    Removing stm32f30x_rtc.o(i.RTC_DateStructInit), (14 bytes).
    Removing stm32f30x_rtc.o(i.RTC_DayLightSavingConfig), (44 bytes).
    Removing stm32f30x_rtc.o(i.RTC_DeInit), (172 bytes).
    Removing stm32f30x_rtc.o(i.RTC_EnterInitMode), (60 bytes).
    Removing stm32f30x_rtc.o(i.RTC_ExitInitMode), (16 bytes).
    Removing stm32f30x_rtc.o(i.RTC_GetAlarm), (108 bytes).
    Removing stm32f30x_rtc.o(i.RTC_GetAlarmSubSecond), (28 bytes).
    Removing stm32f30x_rtc.o(i.RTC_GetDate), (76 bytes).
    Removing stm32f30x_rtc.o(i.RTC_GetFlagStatus), (28 bytes).
    Removing stm32f30x_rtc.o(i.RTC_GetITStatus), (64 bytes).
    Removing stm32f30x_rtc.o(i.RTC_GetStoreOperation), (16 bytes).
    Removing stm32f30x_rtc.o(i.RTC_GetSubSecond), (16 bytes).
    Removing stm32f30x_rtc.o(i.RTC_GetTime), (80 bytes).
    Removing stm32f30x_rtc.o(i.RTC_GetTimeStamp), (136 bytes).
    Removing stm32f30x_rtc.o(i.RTC_GetTimeStampSubSecond), (12 bytes).
    Removing stm32f30x_rtc.o(i.RTC_GetWakeUpCounter), (12 bytes).
    Removing stm32f30x_rtc.o(i.RTC_ITConfig), (64 bytes).
    Removing stm32f30x_rtc.o(i.RTC_Init), (80 bytes).
    Removing stm32f30x_rtc.o(i.RTC_OutputConfig), (44 bytes).
    Removing stm32f30x_rtc.o(i.RTC_OutputTypeConfig), (24 bytes).
    Removing stm32f30x_rtc.o(i.RTC_ReadBackupRegister), (20 bytes).
    Removing stm32f30x_rtc.o(i.RTC_RefClockCmd), (60 bytes).
    Removing stm32f30x_rtc.o(i.RTC_SetAlarm), (164 bytes).
    Removing stm32f30x_rtc.o(i.RTC_SetDate), (152 bytes).
    Removing stm32f30x_rtc.o(i.RTC_SetTime), (160 bytes).
    Removing stm32f30x_rtc.o(i.RTC_SetWakeUpCounter), (28 bytes).
    Removing stm32f30x_rtc.o(i.RTC_SmoothCalibConfig), (72 bytes).
    Removing stm32f30x_rtc.o(i.RTC_StructInit), (14 bytes).
    Removing stm32f30x_rtc.o(i.RTC_SynchroShiftConfig), (88 bytes).
    Removing stm32f30x_rtc.o(i.RTC_TamperCmd), (24 bytes).
    Removing stm32f30x_rtc.o(i.RTC_TamperFilterConfig), (24 bytes).
    Removing stm32f30x_rtc.o(i.RTC_TamperPinsPrechargeDuration), (24 bytes).
    Removing stm32f30x_rtc.o(i.RTC_TamperPullUpCmd), (28 bytes).
    Removing stm32f30x_rtc.o(i.RTC_TamperSamplingFreqConfig), (24 bytes).
    Removing stm32f30x_rtc.o(i.RTC_TamperTriggerConfig), (28 bytes).
    Removing stm32f30x_rtc.o(i.RTC_TimeStampCmd), (48 bytes).
    Removing stm32f30x_rtc.o(i.RTC_TimeStampOnTamperDetectionCmd), (28 bytes).
    Removing stm32f30x_rtc.o(i.RTC_TimeStructInit), (12 bytes).
    Removing stm32f30x_rtc.o(i.RTC_WaitForSynchro), (88 bytes).
    Removing stm32f30x_rtc.o(i.RTC_WakeUpClockConfig), (40 bytes).
    Removing stm32f30x_rtc.o(i.RTC_WakeUpCmd), (88 bytes).
    Removing stm32f30x_rtc.o(i.RTC_WriteBackupRegister), (20 bytes).
    Removing stm32f30x_rtc.o(i.RTC_WriteProtectionCmd), (24 bytes).
    Removing stm32f30x_spi.o(.rev16_text), (4 bytes).
    Removing stm32f30x_spi.o(.revsh_text), (4 bytes).
    Removing stm32f30x_spi.o(i.I2S_Cmd), (20 bytes).
    Removing stm32f30x_spi.o(i.I2S_FullDuplexConfig), (58 bytes).
    Removing stm32f30x_spi.o(i.I2S_Init), (150 bytes).
    Removing stm32f30x_spi.o(i.I2S_StructInit), (18 bytes).
    Removing stm32f30x_spi.o(i.SPI_BiDirectionalLineConfig), (22 bytes).
    Removing stm32f30x_spi.o(i.SPI_CRCLengthConfig), (16 bytes).
    Removing stm32f30x_spi.o(i.SPI_CalculateCRC), (20 bytes).
    Removing stm32f30x_spi.o(i.SPI_Cmd), (20 bytes).
    Removing stm32f30x_spi.o(i.SPI_DataSizeConfig), (12 bytes).
    Removing stm32f30x_spi.o(i.SPI_GetCRC), (12 bytes).
    Removing stm32f30x_spi.o(i.SPI_GetCRCPolynomial), (4 bytes).
    Removing stm32f30x_spi.o(i.SPI_GetReceptionFIFOStatus), (8 bytes).
    Removing stm32f30x_spi.o(i.SPI_GetTransmissionFIFOStatus), (8 bytes).
    Removing stm32f30x_spi.o(i.SPI_I2S_ClearFlag), (6 bytes).
    Removing stm32f30x_spi.o(i.SPI_I2S_DMACmd), (16 bytes).
    Removing stm32f30x_spi.o(i.SPI_I2S_DeInit), (84 bytes).
    Removing stm32f30x_spi.o(i.SPI_I2S_GetFlagStatus), (14 bytes).
    Removing stm32f30x_spi.o(i.SPI_I2S_GetITStatus), (44 bytes).
    Removing stm32f30x_spi.o(i.SPI_I2S_ITConfig), (24 bytes).
    Removing stm32f30x_spi.o(i.SPI_I2S_ReceiveData16), (4 bytes).
    Removing stm32f30x_spi.o(i.SPI_I2S_SendData16), (4 bytes).
    Removing stm32f30x_spi.o(i.SPI_Init), (122 bytes).
    Removing stm32f30x_spi.o(i.SPI_LastDMATransferCmd), (16 bytes).
    Removing stm32f30x_spi.o(i.SPI_NSSInternalSoftwareConfig), (24 bytes).
    Removing stm32f30x_spi.o(i.SPI_NSSPulseModeCmd), (20 bytes).
    Removing stm32f30x_spi.o(i.SPI_ReceiveData8), (4 bytes).
    Removing stm32f30x_spi.o(i.SPI_RxFIFOThresholdConfig), (16 bytes).
    Removing stm32f30x_spi.o(i.SPI_SSOutputCmd), (20 bytes).
    Removing stm32f30x_spi.o(i.SPI_SendData8), (4 bytes).
    Removing stm32f30x_spi.o(i.SPI_StructInit), (28 bytes).
    Removing stm32f30x_spi.o(i.SPI_TIModeCmd), (20 bytes).
    Removing stm32f30x_spi.o(i.SPI_TransmitCRC), (10 bytes).
    Removing stm32f30x_syscfg.o(.rev16_text), (4 bytes).
    Removing stm32f30x_syscfg.o(.revsh_text), (4 bytes).
    Removing stm32f30x_syscfg.o(i.SYSCFG_BreakConfig), (16 bytes).
    Removing stm32f30x_syscfg.o(i.SYSCFG_BypassParityCheckDisable), (16 bytes).
    Removing stm32f30x_syscfg.o(i.SYSCFG_ClearFlag), (16 bytes).
    Removing stm32f30x_syscfg.o(i.SYSCFG_DMAChannelRemapConfig), (44 bytes).
    Removing stm32f30x_syscfg.o(i.SYSCFG_DeInit), (40 bytes).
    Removing stm32f30x_syscfg.o(i.SYSCFG_EXTILineConfig), (40 bytes).
    Removing stm32f30x_syscfg.o(i.SYSCFG_EncoderRemapConfig), (24 bytes).
    Removing stm32f30x_syscfg.o(i.SYSCFG_GetFlagStatus), (20 bytes).
    Removing stm32f30x_syscfg.o(i.SYSCFG_I2CFastModePlusConfig), (24 bytes).
    Removing stm32f30x_syscfg.o(i.SYSCFG_ITConfig), (24 bytes).
    Removing stm32f30x_syscfg.o(i.SYSCFG_MemoryRemapConfig), (20 bytes).
    Removing stm32f30x_syscfg.o(i.SYSCFG_SRAMWRPEnable), (16 bytes).
    Removing stm32f30x_syscfg.o(i.SYSCFG_TriggerRemapConfig), (44 bytes).
    Removing stm32f30x_syscfg.o(i.SYSCFG_USBInterruptLineRemapCmd), (12 bytes).
    Removing stm32f30x_tim.o(.rev16_text), (4 bytes).
    Removing stm32f30x_tim.o(.revsh_text), (4 bytes).
    Removing stm32f30x_tim.o(i.TI1_Config), (40 bytes).
    Removing stm32f30x_tim.o(i.TI2_Config), (54 bytes).
    Removing stm32f30x_tim.o(i.TIM_ARRPreloadConfig), (20 bytes).
    Removing stm32f30x_tim.o(i.TIM_BDTRConfig), (32 bytes).
    Removing stm32f30x_tim.o(i.TIM_BDTRStructInit), (18 bytes).
    Removing stm32f30x_tim.o(i.TIM_Break1Cmd), (20 bytes).
    Removing stm32f30x_tim.o(i.TIM_Break1Config), (20 bytes).
    Removing stm32f30x_tim.o(i.TIM_Break2Cmd), (20 bytes).
    Removing stm32f30x_tim.o(i.TIM_Break2Config), (20 bytes).
    Removing stm32f30x_tim.o(i.TIM_CCPreloadControl), (22 bytes).
    Removing stm32f30x_tim.o(i.TIM_CCxCmd), (22 bytes).
    Removing stm32f30x_tim.o(i.TIM_CCxNCmd), (22 bytes).
    Removing stm32f30x_tim.o(i.TIM_ClearFlag), (8 bytes).
    Removing stm32f30x_tim.o(i.TIM_ClearOC1Ref), (12 bytes).
    Removing stm32f30x_tim.o(i.TIM_ClearOC2Ref), (14 bytes).
    Removing stm32f30x_tim.o(i.TIM_ClearOC3Ref), (12 bytes).
    Removing stm32f30x_tim.o(i.TIM_ClearOC4Ref), (14 bytes).
    Removing stm32f30x_tim.o(i.TIM_ClearOC5Ref), (12 bytes).
    Removing stm32f30x_tim.o(i.TIM_ClearOC6Ref), (14 bytes).
    Removing stm32f30x_tim.o(i.TIM_CounterModeConfig), (12 bytes).
    Removing stm32f30x_tim.o(i.TIM_CtrlPWMOutputs), (20 bytes).
    Removing stm32f30x_tim.o(i.TIM_DMACmd), (20 bytes).
    Removing stm32f30x_tim.o(i.TIM_DMAConfig), (8 bytes).
    Removing stm32f30x_tim.o(i.TIM_DeInit), (224 bytes).
    Removing stm32f30x_tim.o(i.TIM_ETRClockMode1Config), (20 bytes).
    Removing stm32f30x_tim.o(i.TIM_ETRClockMode2Config), (18 bytes).
    Removing stm32f30x_tim.o(i.TIM_ETRConfig), (24 bytes).
    Removing stm32f30x_tim.o(i.TIM_EncoderInterfaceConfig), (56 bytes).
    Removing stm32f30x_tim.o(i.TIM_ForcedOC1Config), (16 bytes).
    Removing stm32f30x_tim.o(i.TIM_ForcedOC2Config), (20 bytes).
    Removing stm32f30x_tim.o(i.TIM_ForcedOC3Config), (12 bytes).
    Removing stm32f30x_tim.o(i.TIM_ForcedOC4Config), (14 bytes).
    Removing stm32f30x_tim.o(i.TIM_ForcedOC5Config), (12 bytes).
    Removing stm32f30x_tim.o(i.TIM_ForcedOC6Config), (14 bytes).
    Removing stm32f30x_tim.o(i.TIM_GenerateEvent), (4 bytes).
    Removing stm32f30x_tim.o(i.TIM_GetCapture1), (4 bytes).
    Removing stm32f30x_tim.o(i.TIM_GetCapture2), (4 bytes).
    Removing stm32f30x_tim.o(i.TIM_GetCapture3), (4 bytes).
    Removing stm32f30x_tim.o(i.TIM_GetCapture4), (4 bytes).
    Removing stm32f30x_tim.o(i.TIM_GetCounter), (4 bytes).
    Removing stm32f30x_tim.o(i.TIM_GetFlagStatus), (14 bytes).
    Removing stm32f30x_tim.o(i.TIM_GetPrescaler), (4 bytes).
    Removing stm32f30x_tim.o(i.TIM_ICInit), (188 bytes).
    Removing stm32f30x_tim.o(i.TIM_ICStructInit), (16 bytes).
    Removing stm32f30x_tim.o(i.TIM_ITRxExternalClockConfig), (18 bytes).
    Removing stm32f30x_tim.o(i.TIM_InternalClockConfig), (12 bytes).
    Removing stm32f30x_tim.o(i.TIM_OC1FastConfig), (12 bytes).
    Removing stm32f30x_tim.o(i.TIM_OC1Init), (136 bytes).
    Removing stm32f30x_tim.o(i.TIM_OC1NPolarityConfig), (12 bytes).
    Removing stm32f30x_tim.o(i.TIM_OC1PolarityConfig), (12 bytes).
    Removing stm32f30x_tim.o(i.TIM_OC1PreloadConfig), (12 bytes).
    Removing stm32f30x_tim.o(i.TIM_OC2FastConfig), (14 bytes).
    Removing stm32f30x_tim.o(i.TIM_OC2Init), (120 bytes).
    Removing stm32f30x_tim.o(i.TIM_OC2NPolarityConfig), (14 bytes).
    Removing stm32f30x_tim.o(i.TIM_OC2PolarityConfig), (14 bytes).
    Removing stm32f30x_tim.o(i.TIM_OC2PreloadConfig), (14 bytes).
    Removing stm32f30x_tim.o(i.TIM_OC3FastConfig), (12 bytes).
    Removing stm32f30x_tim.o(i.TIM_OC3Init), (108 bytes).
    Removing stm32f30x_tim.o(i.TIM_OC3NPolarityConfig), (14 bytes).
    Removing stm32f30x_tim.o(i.TIM_OC3PolarityConfig), (14 bytes).
    Removing stm32f30x_tim.o(i.TIM_OC3PreloadConfig), (12 bytes).
    Removing stm32f30x_tim.o(i.TIM_OC4FastConfig), (14 bytes).
    Removing stm32f30x_tim.o(i.TIM_OC4Init), (84 bytes).
    Removing stm32f30x_tim.o(i.TIM_OC4PolarityConfig), (14 bytes).
    Removing stm32f30x_tim.o(i.TIM_OC4PreloadConfig), (14 bytes).
    Removing stm32f30x_tim.o(i.TIM_OC5Init), (84 bytes).
    Removing stm32f30x_tim.o(i.TIM_OC5PolarityConfig), (14 bytes).
    Removing stm32f30x_tim.o(i.TIM_OC5PreloadConfig), (12 bytes).
    Removing stm32f30x_tim.o(i.TIM_OC6Init), (80 bytes).
    Removing stm32f30x_tim.o(i.TIM_OC6PolarityConfig), (14 bytes).
    Removing stm32f30x_tim.o(i.TIM_OC6PreloadConfig), (14 bytes).
    Removing stm32f30x_tim.o(i.TIM_OCStructInit), (20 bytes).
    Removing stm32f30x_tim.o(i.TIM_PWMIConfig), (108 bytes).
    Removing stm32f30x_tim.o(i.TIM_PrescalerConfig), (6 bytes).
    Removing stm32f30x_tim.o(i.TIM_RemapConfig), (6 bytes).
    Removing stm32f30x_tim.o(i.TIM_SelectCCDMA), (22 bytes).
    Removing stm32f30x_tim.o(i.TIM_SelectCOM), (22 bytes).
    Removing stm32f30x_tim.o(i.TIM_SelectGC5C1), (20 bytes).
    Removing stm32f30x_tim.o(i.TIM_SelectGC5C2), (20 bytes).
    Removing stm32f30x_tim.o(i.TIM_SelectGC5C3), (20 bytes).
    Removing stm32f30x_tim.o(i.TIM_SelectHallSensor), (22 bytes).
    Removing stm32f30x_tim.o(i.TIM_SelectInputTrigger), (14 bytes).
    Removing stm32f30x_tim.o(i.TIM_SelectMasterSlaveMode), (18 bytes).
    Removing stm32f30x_tim.o(i.TIM_SelectOCREFClear), (18 bytes).
    Removing stm32f30x_tim.o(i.TIM_SelectOCxM), (76 bytes).
    Removing stm32f30x_tim.o(i.TIM_SelectOnePulseMode), (16 bytes).
    Removing stm32f30x_tim.o(i.TIM_SelectOutputTrigger), (18 bytes).
    Removing stm32f30x_tim.o(i.TIM_SelectOutputTrigger2), (16 bytes).
    Removing stm32f30x_tim.o(i.TIM_SelectSlaveMode), (20 bytes).
    Removing stm32f30x_tim.o(i.TIM_SetAutoreload), (4 bytes).
    Removing stm32f30x_tim.o(i.TIM_SetClockDivision), (16 bytes).
    Removing stm32f30x_tim.o(i.TIM_SetCompare1), (4 bytes).
    Removing stm32f30x_tim.o(i.TIM_SetCompare2), (4 bytes).
    Removing stm32f30x_tim.o(i.TIM_SetCompare3), (4 bytes).
    Removing stm32f30x_tim.o(i.TIM_SetCompare4), (4 bytes).
    Removing stm32f30x_tim.o(i.TIM_SetCompare5), (4 bytes).
    Removing stm32f30x_tim.o(i.TIM_SetCompare6), (4 bytes).
    Removing stm32f30x_tim.o(i.TIM_SetCounter), (4 bytes).
    Removing stm32f30x_tim.o(i.TIM_SetIC1Prescaler), (16 bytes).
    Removing stm32f30x_tim.o(i.TIM_SetIC2Prescaler), (18 bytes).
    Removing stm32f30x_tim.o(i.TIM_SetIC3Prescaler), (18 bytes).
    Removing stm32f30x_tim.o(i.TIM_SetIC4Prescaler), (26 bytes).
    Removing stm32f30x_tim.o(i.TIM_TIxExternalClockConfig), (46 bytes).
    Removing stm32f30x_tim.o(i.TIM_TimeBaseStructInit), (18 bytes).
    Removing stm32f30x_tim.o(i.TIM_UIFRemap), (20 bytes).
    Removing stm32f30x_tim.o(i.TIM_UpdateDisableConfig), (20 bytes).
    Removing stm32f30x_tim.o(i.TIM_UpdateRequestConfig), (20 bytes).
    Removing stm32f30x_usart.o(.rev16_text), (4 bytes).
    Removing stm32f30x_usart.o(.revsh_text), (4 bytes).
    Removing stm32f30x_usart.o(i.USART_AddressDetectionConfig), (16 bytes).
    Removing stm32f30x_usart.o(i.USART_AutoBaudRateCmd), (20 bytes).
    Removing stm32f30x_usart.o(i.USART_AutoBaudRateConfig), (16 bytes).
    Removing stm32f30x_usart.o(i.USART_ClearITPendingBit), (10 bytes).
    Removing stm32f30x_usart.o(i.USART_ClockInit), (28 bytes).
    Removing stm32f30x_usart.o(i.USART_ClockStructInit), (12 bytes).
    Removing stm32f30x_usart.o(i.USART_DECmd), (20 bytes).
    Removing stm32f30x_usart.o(i.USART_DEPolarityConfig), (16 bytes).
    Removing stm32f30x_usart.o(i.USART_DMACmd), (16 bytes).
    Removing stm32f30x_usart.o(i.USART_DMAReceptionErrorConfig), (16 bytes).
    Removing stm32f30x_usart.o(i.USART_DataInvCmd), (20 bytes).
    Removing stm32f30x_usart.o(i.USART_DeInit), (116 bytes).
    Removing stm32f30x_usart.o(i.USART_DirectionModeCmd), (16 bytes).
    Removing stm32f30x_usart.o(i.USART_GetITStatus), (58 bytes).
    Removing stm32f30x_usart.o(i.USART_HalfDuplexCmd), (20 bytes).
    Removing stm32f30x_usart.o(i.USART_ITConfig), (40 bytes).
    Removing stm32f30x_usart.o(i.USART_InvPinCmd), (16 bytes).
    Removing stm32f30x_usart.o(i.USART_IrDACmd), (20 bytes).
    Removing stm32f30x_usart.o(i.USART_IrDAConfig), (16 bytes).
    Removing stm32f30x_usart.o(i.USART_LINBreakDetectLengthConfig), (16 bytes).
    Removing stm32f30x_usart.o(i.USART_LINCmd), (20 bytes).
    Removing stm32f30x_usart.o(i.USART_MSBFirstCmd), (20 bytes).
    Removing stm32f30x_usart.o(i.USART_MuteModeCmd), (20 bytes).
    Removing stm32f30x_usart.o(i.USART_MuteModeWakeUpConfig), (16 bytes).
    Removing stm32f30x_usart.o(i.USART_OneBitMethodCmd), (20 bytes).
    Removing stm32f30x_usart.o(i.USART_OverSampling8Cmd), (20 bytes).
    Removing stm32f30x_usart.o(i.USART_OverrunDetectionConfig), (16 bytes).
    Removing stm32f30x_usart.o(i.USART_ReceiveData), (8 bytes).
    Removing stm32f30x_usart.o(i.USART_ReceiverTimeOutCmd), (20 bytes).
    Removing stm32f30x_usart.o(i.USART_RequestCmd), (16 bytes).
    Removing stm32f30x_usart.o(i.USART_STOPModeCmd), (20 bytes).
    Removing stm32f30x_usart.o(i.USART_SWAPPinCmd), (20 bytes).
    Removing stm32f30x_usart.o(i.USART_SetAddress), (18 bytes).
    Removing stm32f30x_usart.o(i.USART_SetAutoRetryCount), (18 bytes).
    Removing stm32f30x_usart.o(i.USART_SetBlockLength), (18 bytes).
    Removing stm32f30x_usart.o(i.USART_SetDEAssertionTime), (18 bytes).
    Removing stm32f30x_usart.o(i.USART_SetDEDeassertionTime), (18 bytes).
    Removing stm32f30x_usart.o(i.USART_SetGuardTime), (16 bytes).
    Removing stm32f30x_usart.o(i.USART_SetPrescaler), (16 bytes).
    Removing stm32f30x_usart.o(i.USART_SetReceiverTimeOut), (16 bytes).
    Removing stm32f30x_usart.o(i.USART_SmartCardCmd), (20 bytes).
    Removing stm32f30x_usart.o(i.USART_SmartCardNACKCmd), (20 bytes).
    Removing stm32f30x_usart.o(i.USART_StopModeWakeUpSourceConfig), (16 bytes).
    Removing stm32f30x_usart.o(i.USART_StructInit), (22 bytes).
    Removing stm32f30x_wwdg.o(.rev16_text), (4 bytes).
    Removing stm32f30x_wwdg.o(.revsh_text), (4 bytes).
    Removing stm32f30x_wwdg.o(i.WWDG_ClearFlag), (12 bytes).
    Removing stm32f30x_wwdg.o(i.WWDG_DeInit), (24 bytes).
    Removing stm32f30x_wwdg.o(i.WWDG_Enable), (16 bytes).
    Removing stm32f30x_wwdg.o(i.WWDG_EnableIT), (16 bytes).
    Removing stm32f30x_wwdg.o(i.WWDG_GetFlagStatus), (20 bytes).
    Removing stm32f30x_wwdg.o(i.WWDG_SetCounter), (16 bytes).
    Removing stm32f30x_wwdg.o(i.WWDG_SetPrescaler), (20 bytes).
    Removing stm32f30x_wwdg.o(i.WWDG_SetWindowValue), (28 bytes).
    Removing startup_stm32f334x8.o(HEAP), (512 bytes).

709 unused section(s) (total 25105 bytes) removed from the image.

==============================================================================

Adding Veneers to the image

    Adding TT veneer (10 bytes, Long) for call to 'PID_Calc' from main.o(i.TIM3_IRQHandler).
    Adding TT veneer (10 bytes, Long) for call to '__aeabi_fsub' from hp_pid_code.o(RAMCODE).
    Adding TT veneer (10 bytes, Long) for call to '__aeabi_fmul' from hp_pid_code.o(RAMCODE).
    Adding TT veneer (10 bytes, Long) for call to '__aeabi_fadd' from hp_pid_code.o(RAMCODE).
    Adding TT veneer (10 bytes, Long) for call to '__aeabi_cfrcmple' from hp_pid_code.o(RAMCODE).
    Adding TT veneer (10 bytes, Long) for call to '__aeabi_cfcmple' from hp_pid_code.o(RAMCODE).

6 Veneer(s) (total 60 bytes) added to the image.

==============================================================================

Image Symbol Table

    Local Symbols

    Symbol Name                              Value     Ov Type        Size  Object(Section)

    ../clib/microlib/division.c              0x00000000   Number         0  uidiv.o ABSOLUTE
    ../clib/microlib/division.c              0x00000000   Number         0  uldiv.o ABSOLUTE
    ../clib/microlib/init/entry.s            0x00000000   Number         0  entry11a.o ABSOLUTE
    ../clib/microlib/init/entry.s            0x00000000   Number         0  entry10b.o ABSOLUTE
    ../clib/microlib/init/entry.s            0x00000000   Number         0  entry10a.o ABSOLUTE
    ../clib/microlib/init/entry.s            0x00000000   Number         0  entry5.o ABSOLUTE
    ../clib/microlib/init/entry.s            0x00000000   Number         0  entry11b.o ABSOLUTE
    ../clib/microlib/init/entry.s            0x00000000   Number         0  entry9a.o ABSOLUTE
    ../clib/microlib/init/entry.s            0x00000000   Number         0  entry2.o ABSOLUTE
    ../clib/microlib/init/entry.s            0x00000000   Number         0  entry8b.o ABSOLUTE
    ../clib/microlib/init/entry.s            0x00000000   Number         0  entry8a.o ABSOLUTE
    ../clib/microlib/init/entry.s            0x00000000   Number         0  entry7b.o ABSOLUTE
    ../clib/microlib/init/entry.s            0x00000000   Number         0  entry7a.o ABSOLUTE
    ../clib/microlib/init/entry.s            0x00000000   Number         0  entry.o ABSOLUTE
    ../clib/microlib/init/entry.s            0x00000000   Number         0  entry9b.o ABSOLUTE
    ../clib/microlib/longlong.c              0x00000000   Number         0  llshl.o ABSOLUTE
    ../clib/microlib/longlong.c              0x00000000   Number         0  llushr.o ABSOLUTE
    ../clib/microlib/longlong.c              0x00000000   Number         0  llsshr.o ABSOLUTE
    ../clib/microlib/printf/printf.c         0x00000000   Number         0  printfb.o ABSOLUTE
    ../clib/microlib/printf/printf.c         0x00000000   Number         0  printfa.o ABSOLUTE
    ../clib/microlib/printf/printf.c         0x00000000   Number         0  printf7.o ABSOLUTE
    ../clib/microlib/printf/printf.c         0x00000000   Number         0  printf8.o ABSOLUTE
    ../clib/microlib/printf/printf.c         0x00000000   Number         0  printf2.o ABSOLUTE
    ../clib/microlib/printf/printf.c         0x00000000   Number         0  printf1.o ABSOLUTE
    ../clib/microlib/printf/printf.c         0x00000000   Number         0  printf0.o ABSOLUTE
    ../clib/microlib/printf/printf.c         0x00000000   Number         0  printf3.o ABSOLUTE
    ../clib/microlib/printf/printf.c         0x00000000   Number         0  printf5.o ABSOLUTE
    ../clib/microlib/printf/printf.c         0x00000000   Number         0  printf4.o ABSOLUTE
    ../clib/microlib/printf/printf.c         0x00000000   Number         0  printf6.o ABSOLUTE
    ../clib/microlib/printf/stubs.s          0x00000000   Number         0  stubs.o ABSOLUTE
    ../clib/microlib/stdio/streams.c         0x00000000   Number         0  stdout.o ABSOLUTE
    ../clib/microlib/stubs.s                 0x00000000   Number         0  iusefp.o ABSOLUTE
    ../fplib/microlib/d2f.c                  0x00000000   Number         0  d2f.o ABSOLUTE
    ../fplib/microlib/f2d.c                  0x00000000   Number         0  f2d.o ABSOLUTE
    ../fplib/microlib/fpadd.c                0x00000000   Number         0  dadd.o ABSOLUTE
    ../fplib/microlib/fpadd.c                0x00000000   Number         0  fadd.o ABSOLUTE
    ../fplib/microlib/fpdiv.c                0x00000000   Number         0  ddiv.o ABSOLUTE
    ../fplib/microlib/fpdiv.c                0x00000000   Number         0  fdiv.o ABSOLUTE
    ../fplib/microlib/fpepilogue.c           0x00000000   Number         0  fepilogue.o ABSOLUTE
    ../fplib/microlib/fpepilogue.c           0x00000000   Number         0  depilogue.o ABSOLUTE
    ../fplib/microlib/fpfix.c                0x00000000   Number         0  ffixui.o ABSOLUTE
    ../fplib/microlib/fpfix.c                0x00000000   Number         0  dfixul.o ABSOLUTE
    ../fplib/microlib/fpfix.c                0x00000000   Number         0  dfixui.o ABSOLUTE
    ../fplib/microlib/fpflt.c                0x00000000   Number         0  dfltui.o ABSOLUTE
    ../fplib/microlib/fpflt.c                0x00000000   Number         0  ffltui.o ABSOLUTE
    ../fplib/microlib/fpmul.c                0x00000000   Number         0  fmul.o ABSOLUTE
    ../fplib/microlib/fpmul.c                0x00000000   Number         0  dmul.o ABSOLUTE
    ../fplib/microlib/fpscalb.c              0x00000000   Number         0  dscalb.o ABSOLUTE
    ..\DPlib\DPlib.c                         0x00000000   Number         0  dplib.o ABSOLUTE
    ..\\api\\oled.c                          0x00000000   Number         0  oled.o ABSOLUTE
    ..\\driver\\adc.c                        0x00000000   Number         0  adc.o ABSOLUTE
    ..\\driver\\hrpwm.c                      0x00000000   Number         0  hrpwm.o ABSOLUTE
    ..\\driver\\onboard_led.c                0x00000000   Number         0  onboard_led.o ABSOLUTE
    ..\\driver\\timer.c                      0x00000000   Number         0  timer.o ABSOLUTE
    ..\\driver\\usart.c                      0x00000000   Number         0  usart.o ABSOLUTE
    ..\\driver\\virtual_i2c.c                0x00000000   Number         0  virtual_i2c.o ABSOLUTE
    ..\\fwlib\\src\\stm32f30x_adc.c          0x00000000   Number         0  stm32f30x_adc.o ABSOLUTE
    ..\\fwlib\\src\\stm32f30x_can.c          0x00000000   Number         0  stm32f30x_can.o ABSOLUTE
    ..\\fwlib\\src\\stm32f30x_comp.c         0x00000000   Number         0  stm32f30x_comp.o ABSOLUTE
    ..\\fwlib\\src\\stm32f30x_crc.c          0x00000000   Number         0  stm32f30x_crc.o ABSOLUTE
    ..\\fwlib\\src\\stm32f30x_dac.c          0x00000000   Number         0  stm32f30x_dac.o ABSOLUTE
    ..\\fwlib\\src\\stm32f30x_dbgmcu.c       0x00000000   Number         0  stm32f30x_dbgmcu.o ABSOLUTE
    ..\\fwlib\\src\\stm32f30x_dma.c          0x00000000   Number         0  stm32f30x_dma.o ABSOLUTE
    ..\\fwlib\\src\\stm32f30x_exti.c         0x00000000   Number         0  stm32f30x_exti.o ABSOLUTE
    ..\\fwlib\\src\\stm32f30x_flash.c        0x00000000   Number         0  stm32f30x_flash.o ABSOLUTE
    ..\\fwlib\\src\\stm32f30x_gpio.c         0x00000000   Number         0  stm32f30x_gpio.o ABSOLUTE
    ..\\fwlib\\src\\stm32f30x_hrtim.c        0x00000000   Number         0  stm32f30x_hrtim.o ABSOLUTE
    ..\\fwlib\\src\\stm32f30x_i2c.c          0x00000000   Number         0  stm32f30x_i2c.o ABSOLUTE
    ..\\fwlib\\src\\stm32f30x_iwdg.c         0x00000000   Number         0  stm32f30x_iwdg.o ABSOLUTE
    ..\\fwlib\\src\\stm32f30x_misc.c         0x00000000   Number         0  stm32f30x_misc.o ABSOLUTE
    ..\\fwlib\\src\\stm32f30x_opamp.c        0x00000000   Number         0  stm32f30x_opamp.o ABSOLUTE
    ..\\fwlib\\src\\stm32f30x_pwr.c          0x00000000   Number         0  stm32f30x_pwr.o ABSOLUTE
    ..\\fwlib\\src\\stm32f30x_rcc.c          0x00000000   Number         0  stm32f30x_rcc.o ABSOLUTE
    ..\\fwlib\\src\\stm32f30x_rtc.c          0x00000000   Number         0  stm32f30x_rtc.o ABSOLUTE
    ..\\fwlib\\src\\stm32f30x_spi.c          0x00000000   Number         0  stm32f30x_spi.o ABSOLUTE
    ..\\fwlib\\src\\stm32f30x_syscfg.c       0x00000000   Number         0  stm32f30x_syscfg.o ABSOLUTE
    ..\\fwlib\\src\\stm32f30x_tim.c          0x00000000   Number         0  stm32f30x_tim.o ABSOLUTE
    ..\\fwlib\\src\\stm32f30x_usart.c        0x00000000   Number         0  stm32f30x_usart.o ABSOLUTE
    ..\\fwlib\\src\\stm32f30x_wwdg.c         0x00000000   Number         0  stm32f30x_wwdg.o ABSOLUTE
    ..\\main\\main.c                         0x00000000   Number         0  main.o ABSOLUTE
    ..\\main\\stm32f3xx_it.c                 0x00000000   Number         0  stm32f3xx_it.o ABSOLUTE
    ..\\main\\system_stm32f30x.c             0x00000000   Number         0  system_stm32f30x.o ABSOLUTE
    ..\alg\hp_pid_code.c                     0x00000000   Number         0  hp_pid_code.o ABSOLUTE
    ..\api\oled.c                            0x00000000   Number         0  oled.o ABSOLUTE
    ..\cm4_core\startup_stm32f334x8.s        0x00000000   Number         0  startup_stm32f334x8.o ABSOLUTE
    ..\driver\adc.c                          0x00000000   Number         0  adc.o ABSOLUTE
    ..\driver\hrpwm.c                        0x00000000   Number         0  hrpwm.o ABSOLUTE
    ..\driver\onboard_led.c                  0x00000000   Number         0  onboard_led.o ABSOLUTE
    ..\driver\timer.c                        0x00000000   Number         0  timer.o ABSOLUTE
    ..\driver\usart.c                        0x00000000   Number         0  usart.o ABSOLUTE
    ..\driver\virtual_i2c.c                  0x00000000   Number         0  virtual_i2c.o ABSOLUTE
    ..\fwlib\src\stm32f30x_adc.c             0x00000000   Number         0  stm32f30x_adc.o ABSOLUTE
    ..\fwlib\src\stm32f30x_can.c             0x00000000   Number         0  stm32f30x_can.o ABSOLUTE
    ..\fwlib\src\stm32f30x_comp.c            0x00000000   Number         0  stm32f30x_comp.o ABSOLUTE
    ..\fwlib\src\stm32f30x_crc.c             0x00000000   Number         0  stm32f30x_crc.o ABSOLUTE
    ..\fwlib\src\stm32f30x_dac.c             0x00000000   Number         0  stm32f30x_dac.o ABSOLUTE
    ..\fwlib\src\stm32f30x_dbgmcu.c          0x00000000   Number         0  stm32f30x_dbgmcu.o ABSOLUTE
    ..\fwlib\src\stm32f30x_dma.c             0x00000000   Number         0  stm32f30x_dma.o ABSOLUTE
    ..\fwlib\src\stm32f30x_exti.c            0x00000000   Number         0  stm32f30x_exti.o ABSOLUTE
    ..\fwlib\src\stm32f30x_flash.c           0x00000000   Number         0  stm32f30x_flash.o ABSOLUTE
    ..\fwlib\src\stm32f30x_gpio.c            0x00000000   Number         0  stm32f30x_gpio.o ABSOLUTE
    ..\fwlib\src\stm32f30x_hrtim.c           0x00000000   Number         0  stm32f30x_hrtim.o ABSOLUTE
    ..\fwlib\src\stm32f30x_i2c.c             0x00000000   Number         0  stm32f30x_i2c.o ABSOLUTE
    ..\fwlib\src\stm32f30x_iwdg.c            0x00000000   Number         0  stm32f30x_iwdg.o ABSOLUTE
    ..\fwlib\src\stm32f30x_misc.c            0x00000000   Number         0  stm32f30x_misc.o ABSOLUTE
    ..\fwlib\src\stm32f30x_opamp.c           0x00000000   Number         0  stm32f30x_opamp.o ABSOLUTE
    ..\fwlib\src\stm32f30x_pwr.c             0x00000000   Number         0  stm32f30x_pwr.o ABSOLUTE
    ..\fwlib\src\stm32f30x_rcc.c             0x00000000   Number         0  stm32f30x_rcc.o ABSOLUTE
    ..\fwlib\src\stm32f30x_rtc.c             0x00000000   Number         0  stm32f30x_rtc.o ABSOLUTE
    ..\fwlib\src\stm32f30x_spi.c             0x00000000   Number         0  stm32f30x_spi.o ABSOLUTE
    ..\fwlib\src\stm32f30x_syscfg.c          0x00000000   Number         0  stm32f30x_syscfg.o ABSOLUTE
    ..\fwlib\src\stm32f30x_tim.c             0x00000000   Number         0  stm32f30x_tim.o ABSOLUTE
    ..\fwlib\src\stm32f30x_usart.c           0x00000000   Number         0  stm32f30x_usart.o ABSOLUTE
    ..\fwlib\src\stm32f30x_wwdg.c            0x00000000   Number         0  stm32f30x_wwdg.o ABSOLUTE
    ..\main\main.c                           0x00000000   Number         0  main.o ABSOLUTE
    ..\main\stm32f3xx_it.c                   0x00000000   Number         0  stm32f3xx_it.o ABSOLUTE
    ..\main\system_stm32f30x.c               0x00000000   Number         0  system_stm32f30x.o ABSOLUTE
    cdrcmple.s                               0x00000000   Number         0  cdrcmple.o ABSOLUTE
    cfcmple.s                                0x00000000   Number         0  cfcmple.o ABSOLUTE
    cfrcmple.s                               0x00000000   Number         0  cfrcmple.o ABSOLUTE
    dc.s                                     0x00000000   Number         0  dc.o ABSOLUTE
    handlers.s                               0x00000000   Number         0  handlers.o ABSOLUTE
    init.s                                   0x00000000   Number         0  init.o ABSOLUTE
    RESET                                    0x08000000   Section      392  startup_stm32f334x8.o(RESET)
    .ARM.Collect$$$$00000000                 0x08000188   Section        0  entry.o(.ARM.Collect$$$$00000000)
    .ARM.Collect$$$$00000001                 0x08000188   Section        4  entry2.o(.ARM.Collect$$$$00000001)
    .ARM.Collect$$$$00000004                 0x0800018c   Section        4  entry5.o(.ARM.Collect$$$$00000004)
    .ARM.Collect$$$$00000008                 0x08000190   Section        0  entry7b.o(.ARM.Collect$$$$00000008)
    .ARM.Collect$$$$0000000A                 0x08000190   Section        0  entry8b.o(.ARM.Collect$$$$0000000A)
    .ARM.Collect$$$$0000000B                 0x08000190   Section        8  entry9a.o(.ARM.Collect$$$$0000000B)
    .ARM.Collect$$$$0000000D                 0x08000198   Section        0  entry10a.o(.ARM.Collect$$$$0000000D)
    .ARM.Collect$$$$0000000F                 0x08000198   Section        0  entry11a.o(.ARM.Collect$$$$0000000F)
    .ARM.Collect$$$$00002712                 0x08000198   Section        4  entry2.o(.ARM.Collect$$$$00002712)
    __lit__00000000                          0x08000198   Data           4  entry2.o(.ARM.Collect$$$$00002712)
    .text                                    0x0800019c   Section       36  startup_stm32f334x8.o(.text)
    .text                                    0x080001c0   Section        0  fadd.o(.text)
    .text                                    0x08000270   Section        0  fmul.o(.text)
    .text                                    0x080002d4   Section        0  fdiv.o(.text)
    .text                                    0x08000350   Section        0  dadd.o(.text)
    .text                                    0x0800049e   Section        0  dmul.o(.text)
    .text                                    0x08000582   Section        0  ddiv.o(.text)
    .text                                    0x08000660   Section        0  dscalb.o(.text)
    .text                                    0x0800068e   Section        0  ffltui.o(.text)
    .text                                    0x08000698   Section        0  dfltui.o(.text)
    .text                                    0x080006b2   Section        0  ffixui.o(.text)
    .text                                    0x080006da   Section        0  dfixui.o(.text)
    .text                                    0x0800070c   Section        0  f2d.o(.text)
    .text                                    0x08000732   Section        0  d2f.o(.text)
    .text                                    0x0800076c   Section       20  cfcmple.o(.text)
    .text                                    0x08000780   Section       20  cfrcmple.o(.text)
    .text                                    0x08000794   Section        0  uidiv.o(.text)
    .text                                    0x080007c0   Section        0  uldiv.o(.text)
    .text                                    0x08000822   Section        0  llshl.o(.text)
    .text                                    0x08000840   Section        0  llushr.o(.text)
    .text                                    0x08000860   Section        0  llsshr.o(.text)
    .text                                    0x08000884   Section        0  fepilogue.o(.text)
    .text                                    0x08000884   Section        0  iusefp.o(.text)
    .text                                    0x080008f2   Section        0  depilogue.o(.text)
    .text                                    0x080009ac   Section        0  dfixul.o(.text)
    .text                                    0x080009dc   Section       48  cdrcmple.o(.text)
    .text                                    0x08000a0c   Section       36  init.o(.text)
    i.ADC_Cmd                                0x08000a3a   Section        0  stm32f30x_adc.o(i.ADC_Cmd)
    i.ADC_CommonInit                         0x08000a50   Section        0  stm32f30x_adc.o(i.ADC_CommonInit)
    i.ADC_GetCalibrationStatus               0x08000aa4   Section        0  stm32f30x_adc.o(i.ADC_GetCalibrationStatus)
    i.ADC_GetFlagStatus                      0x08000ab2   Section        0  stm32f30x_adc.o(i.ADC_GetFlagStatus)
    i.ADC_GetInjectedConversionValue         0x08000ac0   Section        0  stm32f30x_adc.o(i.ADC_GetInjectedConversionValue)
    i.ADC_Init                               0x08000ad0   Section        0  stm32f30x_adc.o(i.ADC_Init)
    i.ADC_InjectedChannelSampleTimeConfig    0x08000b0c   Section        0  stm32f30x_adc.o(i.ADC_InjectedChannelSampleTimeConfig)
    i.ADC_InjectedInit                       0x08000b4a   Section        0  stm32f30x_adc.o(i.ADC_InjectedInit)
    i.ADC_SelectCalibrationMode              0x08000b76   Section        0  stm32f30x_adc.o(i.ADC_SelectCalibrationMode)
    i.ADC_StartCalibration                   0x08000b86   Section        0  stm32f30x_adc.o(i.ADC_StartCalibration)
    i.ADC_StartInjectedConversion            0x08000b90   Section        0  stm32f30x_adc.o(i.ADC_StartInjectedConversion)
    i.ADC_VoltageRegulatorCmd                0x08000b9a   Section        0  stm32f30x_adc.o(i.ADC_VoltageRegulatorCmd)
    i.ADC_init                               0x08000bb6   Section        0  adc.o(i.ADC_init)
    i.BusFault_Handler                       0x08000cac   Section        0  stm32f3xx_it.o(i.BusFault_Handler)
    i.DebugMon_Handler                       0x08000cae   Section        0  stm32f3xx_it.o(i.DebugMon_Handler)
    i.Delay_ms                               0x08000cb0   Section        0  system_stm32f30x.o(i.Delay_ms)
    i.EXTI0_IRQHandler                       0x08000cc4   Section        0  stm32f3xx_it.o(i.EXTI0_IRQHandler)
    i.GPIO_Init                              0x08000cc6   Section        0  stm32f30x_gpio.o(i.GPIO_Init)
    i.GPIO_PinAFConfig                       0x08000d3a   Section        0  stm32f30x_gpio.o(i.GPIO_PinAFConfig)
    i.HRTIM1_TIMA_IRQHandler                 0x08000d5c   Section        0  hrpwm.o(i.HRTIM1_TIMA_IRQHandler)
    i.HRTIM_ADCTriggerConfig                 0x08000d7c   Section        0  stm32f30x_hrtim.o(i.HRTIM_ADCTriggerConfig)
    i.HRTIM_ClearITPendingBit                0x08000dda   Section        0  stm32f30x_hrtim.o(i.HRTIM_ClearITPendingBit)
    i.HRTIM_DLLCalibrationStart              0x08000dfe   Section        0  stm32f30x_hrtim.o(i.HRTIM_DLLCalibrationStart)
    i.HRTIM_DeadTimeConfig                   0x08000e20   Section        0  stm32f30x_hrtim.o(i.HRTIM_DeadTimeConfig)
    i.HRTIM_GetCommonFlagStatus              0x08000e5c   Section        0  stm32f30x_hrtim.o(i.HRTIM_GetCommonFlagStatus)
    i.HRTIM_GetITStatus                      0x08000e6c   Section        0  stm32f30x_hrtim.o(i.HRTIM_GetITStatus)
    i.HRTIM_MasterBase_Config                0x08000eaa   Section        0  stm32f30x_hrtim.o(i.HRTIM_MasterBase_Config)
    HRTIM_MasterBase_Config                  0x08000eab   Thumb Code    42  stm32f30x_hrtim.o(i.HRTIM_MasterBase_Config)
    i.HRTIM_OutputConfig                     0x08000ed4   Section        0  stm32f30x_hrtim.o(i.HRTIM_OutputConfig)
    HRTIM_OutputConfig                       0x08000ed5   Thumb Code   142  stm32f30x_hrtim.o(i.HRTIM_OutputConfig)
    i.HRTIM_SlaveSetCompare                  0x08000f62   Section        0  stm32f30x_hrtim.o(i.HRTIM_SlaveSetCompare)
    i.HRTIM_TimingUnitBase_Config            0x08000f8e   Section        0  stm32f30x_hrtim.o(i.HRTIM_TimingUnitBase_Config)
    HRTIM_TimingUnitBase_Config              0x08000f8f   Thumb Code    48  stm32f30x_hrtim.o(i.HRTIM_TimingUnitBase_Config)
    i.HRTIM_TimingUnitWaveform_Config        0x08000fbe   Section        0  stm32f30x_hrtim.o(i.HRTIM_TimingUnitWaveform_Config)
    HRTIM_TimingUnitWaveform_Config          0x08000fbf   Thumb Code   160  stm32f30x_hrtim.o(i.HRTIM_TimingUnitWaveform_Config)
    i.HRTIM_WaveformCompareConfig            0x0800105e   Section        0  stm32f30x_hrtim.o(i.HRTIM_WaveformCompareConfig)
    i.HRTIM_WaveformCounterStart             0x080010d6   Section        0  stm32f30x_hrtim.o(i.HRTIM_WaveformCounterStart)
    i.HRTIM_WaveformOutputConfig             0x080010de   Section        0  stm32f30x_hrtim.o(i.HRTIM_WaveformOutputConfig)
    i.HRTIM_WaveformOutputStart              0x080010e2   Section        0  stm32f30x_hrtim.o(i.HRTIM_WaveformOutputStart)
    i.HRTIM_WaveformOutputStop               0x080010e8   Section        0  stm32f30x_hrtim.o(i.HRTIM_WaveformOutputStop)
    i.HRTIM_WaveformTimerConfig              0x080010ee   Section        0  stm32f30x_hrtim.o(i.HRTIM_WaveformTimerConfig)
    i.HRTIM_Waveform_Init                    0x08001146   Section        0  stm32f30x_hrtim.o(i.HRTIM_Waveform_Init)
    i.HardFault_Handler                      0x080011ba   Section        0  stm32f3xx_it.o(i.HardFault_Handler)
    i.HrPWM_CHA_Init                         0x080011bc   Section        0  hrpwm.o(i.HrPWM_CHA_Init)
    i.HrPWM_CHA_Update                       0x080013c0   Section        0  hrpwm.o(i.HrPWM_CHA_Update)
    i.LED1_Off                               0x080013ec   Section        0  onboard_led.o(i.LED1_Off)
    i.LED1_On                                0x080013f8   Section        0  onboard_led.o(i.LED1_On)
    i.LED1_Toggle                            0x08001404   Section        0  onboard_led.o(i.LED1_Toggle)
    i.LED2_Off                               0x08001414   Section        0  onboard_led.o(i.LED2_Off)
    i.LED2_On                                0x08001420   Section        0  onboard_led.o(i.LED2_On)
    i.LED2_Toggle                            0x0800142c   Section        0  onboard_led.o(i.LED2_Toggle)
    i.LED_Init                               0x0800143c   Section        0  onboard_led.o(i.LED_Init)
    i.MemManage_Handler                      0x0800147c   Section        0  stm32f3xx_it.o(i.MemManage_Handler)
    i.NMI_Handler                            0x0800147e   Section        0  stm32f3xx_it.o(i.NMI_Handler)
    i.NVIC_Init                              0x08001480   Section        0  stm32f30x_misc.o(i.NVIC_Init)
    i.PID_DeInit                             0x080014e4   Section        0  hp_pid_code.o(i.PID_DeInit)
    i.PID_init                               0x08001514   Section        0  hp_pid_code.o(i.PID_init)
    i.PendSV_Handler                         0x080015b0   Section        0  stm32f3xx_it.o(i.PendSV_Handler)
    i.RCC_ADCCLKConfig                       0x080015b4   Section        0  stm32f30x_rcc.o(i.RCC_ADCCLKConfig)
    i.RCC_AHBPeriphClockCmd                  0x080015d4   Section        0  stm32f30x_rcc.o(i.RCC_AHBPeriphClockCmd)
    i.RCC_APB1PeriphClockCmd                 0x080015ec   Section        0  stm32f30x_rcc.o(i.RCC_APB1PeriphClockCmd)
    i.RCC_APB2PeriphClockCmd                 0x08001604   Section        0  stm32f30x_rcc.o(i.RCC_APB2PeriphClockCmd)
    i.RCC_DeInit                             0x0800161c   Section        0  stm32f30x_rcc.o(i.RCC_DeInit)
    i.RCC_GetClocksFreq                      0x0800166c   Section        0  stm32f30x_rcc.o(i.RCC_GetClocksFreq)
    i.RCC_HRTIM1CLKConfig                    0x0800194c   Section        0  stm32f30x_rcc.o(i.RCC_HRTIM1CLKConfig)
    i.SVC_Handler                            0x08001964   Section        0  stm32f3xx_it.o(i.SVC_Handler)
    i.SysTick_Handler                        0x08001966   Section        0  stm32f3xx_it.o(i.SysTick_Handler)
    i.SystemInit                             0x0800196c   Section        0  system_stm32f30x.o(i.SystemInit)
    i.System_HSIClockInit                    0x080019d0   Section        0  system_stm32f30x.o(i.System_HSIClockInit)
    System_HSIClockInit                      0x080019d1   Thumb Code   144  system_stm32f30x.o(i.System_HSIClockInit)
    i.TIM3_IRQHandler                        0x08001a68   Section        0  main.o(i.TIM3_IRQHandler)
    i.TIMER3_init                            0x08001b30   Section        0  timer.o(i.TIMER3_init)
    i.TIM_ClearITPendingBit                  0x08001b8c   Section        0  stm32f30x_tim.o(i.TIM_ClearITPendingBit)
    i.TIM_Cmd                                0x08001b94   Section        0  stm32f30x_tim.o(i.TIM_Cmd)
    i.TIM_GetITStatus                        0x08001ba8   Section        0  stm32f30x_tim.o(i.TIM_GetITStatus)
    i.TIM_ITConfig                           0x08001bc0   Section        0  stm32f30x_tim.o(i.TIM_ITConfig)
    i.TIM_TimeBaseInit                       0x08001bd4   Section        0  stm32f30x_tim.o(i.TIM_TimeBaseInit)
    i.TimingDelay_Decrement                  0x08001c64   Section        0  system_stm32f30x.o(i.TimingDelay_Decrement)
    i.USART1_IRQHandler                      0x08001c78   Section        0  usart.o(i.USART1_IRQHandler)
    i.USART1_TxSend                          0x08001c7c   Section        0  usart.o(i.USART1_TxSend)
    i.USART1_init                            0x08001cb4   Section        0  usart.o(i.USART1_init)
    i.USART_ClearFlag                        0x08001d38   Section        0  stm32f30x_usart.o(i.USART_ClearFlag)
    i.USART_Cmd                              0x08001d3c   Section        0  stm32f30x_usart.o(i.USART_Cmd)
    i.USART_GetFlagStatus                    0x08001d50   Section        0  stm32f30x_usart.o(i.USART_GetFlagStatus)
    i.USART_Init                             0x08001d60   Section        0  stm32f30x_usart.o(i.USART_Init)
    i.USART_SendData                         0x08001e14   Section        0  stm32f30x_usart.o(i.USART_SendData)
    i.UsageFault_Handler                     0x08001e1c   Section        0  stm32f3xx_it.o(i.UsageFault_Handler)
    i.__0printf                              0x08001e20   Section        0  printfa.o(i.__0printf)
    i.__scatterload_copy                     0x08001e40   Section       14  handlers.o(i.__scatterload_copy)
    i.__scatterload_null                     0x08001e4e   Section        2  handlers.o(i.__scatterload_null)
    i.__scatterload_zeroinit                 0x08001e50   Section       14  handlers.o(i.__scatterload_zeroinit)
    i._fp_digits                             0x08001e60   Section        0  printfa.o(i._fp_digits)
    _fp_digits                               0x08001e61   Thumb Code   334  printfa.o(i._fp_digits)
    i._printf_core                           0x08001fc4   Section        0  printfa.o(i._printf_core)
    _printf_core                             0x08001fc5   Thumb Code  1744  printfa.o(i._printf_core)
    i._printf_post_padding                   0x080026a0   Section        0  printfa.o(i._printf_post_padding)
    _printf_post_padding                     0x080026a1   Thumb Code    36  printfa.o(i._printf_post_padding)
    i._printf_pre_padding                    0x080026c4   Section        0  printfa.o(i._printf_pre_padding)
    _printf_pre_padding                      0x080026c5   Thumb Code    46  printfa.o(i._printf_pre_padding)
    i.fputc                                  0x080026f2   Section        0  usart.o(i.fputc)
    i.main                                   0x08002700   Section        0  main.o(i.main)
    RAMCODE                                  0x20000000   Section        0  hp_pid_code.o(RAMCODE)
    .data                                    0x20000100   Section       40  main.o(.data)
    i                                        0x2000011c   Data           4  main.o(.data)
    .data                                    0x20000128   Section       24  system_stm32f30x.o(.data)
    TimingDelay                              0x2000012c   Data           4  system_stm32f30x.o(.data)
    .data                                    0x20000140   Section       48  stm32f30x_rcc.o(.data)
    APBAHBPrescTable                         0x20000140   Data          16  stm32f30x_rcc.o(.data)
    ADCPrescTable                            0x20000150   Data          32  stm32f30x_rcc.o(.data)
    .data                                    0x20000170   Section        4  stdout.o(.data)
    .bss                                     0x20000178   Section      176  main.o(.bss)
    .bss                                     0x20000228   Section       16  hrpwm.o(.bss)
    STACK                                    0x20000238   Section     1024  startup_stm32f334x8.o(STACK)

    Global Symbols

    Symbol Name                              Value     Ov Type        Size  Object(Section)

    BuildAttributes$$THM_ISAv4$E$P$D$K$B$S$7EM$PE$A:L22UL41UL21$X:L11$S22US41US21$IEEE1$IW$USESV6$~STKCKD$USESV7$~SHL$OTIME$ROPI$EBA8$MICROLIB$REQ8$PRES8$EABIv2 0x00000000   Number         0  anon$$obj.o ABSOLUTE
    __ARM_use_no_argv                        0x00000000   Number         0  main.o ABSOLUTE
    _printf_a                                0x00000000   Number         0  stubs.o ABSOLUTE
    _printf_c                                0x00000000   Number         0  stubs.o ABSOLUTE
    _printf_charcount                        0x00000000   Number         0  stubs.o ABSOLUTE
    _printf_d                                0x00000000   Number         0  stubs.o ABSOLUTE
    _printf_e                                0x00000000   Number         0  stubs.o ABSOLUTE
    _printf_f                                0x00000000   Number         0  stubs.o ABSOLUTE
    _printf_flags                            0x00000000   Number         0  stubs.o ABSOLUTE
    _printf_fp_dec                           0x00000000   Number         0  stubs.o ABSOLUTE
    _printf_fp_hex                           0x00000000   Number         0  stubs.o ABSOLUTE
    _printf_g                                0x00000000   Number         0  stubs.o ABSOLUTE
    _printf_i                                0x00000000   Number         0  stubs.o ABSOLUTE
    _printf_int_dec                          0x00000000   Number         0  stubs.o ABSOLUTE
    _printf_l                                0x00000000   Number         0  stubs.o ABSOLUTE
    _printf_lc                               0x00000000   Number         0  stubs.o ABSOLUTE
    _printf_ll                               0x00000000   Number         0  stubs.o ABSOLUTE
    _printf_lld                              0x00000000   Number         0  stubs.o ABSOLUTE
    _printf_lli                              0x00000000   Number         0  stubs.o ABSOLUTE
    _printf_llo                              0x00000000   Number         0  stubs.o ABSOLUTE
    _printf_llu                              0x00000000   Number         0  stubs.o ABSOLUTE
    _printf_llx                              0x00000000   Number         0  stubs.o ABSOLUTE
    _printf_longlong_dec                     0x00000000   Number         0  stubs.o ABSOLUTE
    _printf_longlong_hex                     0x00000000   Number         0  stubs.o ABSOLUTE
    _printf_longlong_oct                     0x00000000   Number         0  stubs.o ABSOLUTE
    _printf_ls                               0x00000000   Number         0  stubs.o ABSOLUTE
    _printf_mbtowc                           0x00000000   Number         0  stubs.o ABSOLUTE
    _printf_n                                0x00000000   Number         0  stubs.o ABSOLUTE
    _printf_o                                0x00000000   Number         0  stubs.o ABSOLUTE
    _printf_p                                0x00000000   Number         0  stubs.o ABSOLUTE
    _printf_percent                          0x00000000   Number         0  stubs.o ABSOLUTE
    _printf_pre_padding                      0x00000000   Number         0  stubs.o ABSOLUTE
    _printf_return_value                     0x00000000   Number         0  stubs.o ABSOLUTE
    _printf_s                                0x00000000   Number         0  stubs.o ABSOLUTE
    _printf_sizespec                         0x00000000   Number         0  stubs.o ABSOLUTE
    _printf_str                              0x00000000   Number         0  stubs.o ABSOLUTE
    _printf_truncate_signed                  0x00000000   Number         0  stubs.o ABSOLUTE
    _printf_truncate_unsigned                0x00000000   Number         0  stubs.o ABSOLUTE
    _printf_u                                0x00000000   Number         0  stubs.o ABSOLUTE
    _printf_wc                               0x00000000   Number         0  stubs.o ABSOLUTE
    _printf_wctomb                           0x00000000   Number         0  stubs.o ABSOLUTE
    _printf_widthprec                        0x00000000   Number         0  stubs.o ABSOLUTE
    _printf_x                                0x00000000   Number         0  stubs.o ABSOLUTE
    __cpp_initialize__aeabi_                  - Undefined Weak Reference
    __cxa_finalize                            - Undefined Weak Reference
    __decompress                              - Undefined Weak Reference
    _clock_init                               - Undefined Weak Reference
    _microlib_exit                            - Undefined Weak Reference
    __Vectors_Size                           0x00000188   Number         0  startup_stm32f334x8.o ABSOLUTE
    __Vectors                                0x08000000   Data           4  startup_stm32f334x8.o(RESET)
    __Vectors_End                            0x08000188   Data           0  startup_stm32f334x8.o(RESET)
    __main                                   0x08000189   Thumb Code     0  entry.o(.ARM.Collect$$$$00000000)
    _main_stk                                0x08000189   Thumb Code     0  entry2.o(.ARM.Collect$$$$00000001)
    _main_scatterload                        0x0800018d   Thumb Code     0  entry5.o(.ARM.Collect$$$$00000004)
    __main_after_scatterload                 0x08000191   Thumb Code     0  entry5.o(.ARM.Collect$$$$00000004)
    _main_clock                              0x08000191   Thumb Code     0  entry7b.o(.ARM.Collect$$$$00000008)
    _main_cpp_init                           0x08000191   Thumb Code     0  entry8b.o(.ARM.Collect$$$$0000000A)
    _main_init                               0x08000191   Thumb Code     0  entry9a.o(.ARM.Collect$$$$0000000B)
    __rt_final_cpp                           0x08000199   Thumb Code     0  entry10a.o(.ARM.Collect$$$$0000000D)
    __rt_final_exit                          0x08000199   Thumb Code     0  entry11a.o(.ARM.Collect$$$$0000000F)
    Reset_Handler                            0x0800019d   Thumb Code     8  startup_stm32f334x8.o(.text)
    ADC1_2_IRQHandler                        0x080001b7   Thumb Code     0  startup_stm32f334x8.o(.text)
    CAN1_RX0_IRQHandler                      0x080001b7   Thumb Code     0  startup_stm32f334x8.o(.text)
    CAN1_RX1_IRQHandler                      0x080001b7   Thumb Code     0  startup_stm32f334x8.o(.text)
    CAN1_SCE_IRQHandler                      0x080001b7   Thumb Code     0  startup_stm32f334x8.o(.text)
    CAN1_TX_IRQHandler                       0x080001b7   Thumb Code     0  startup_stm32f334x8.o(.text)
    COMP2_IRQHandler                         0x080001b7   Thumb Code     0  startup_stm32f334x8.o(.text)
    COMP4_6_IRQHandler                       0x080001b7   Thumb Code     0  startup_stm32f334x8.o(.text)
    DMA1_Channel1_IRQHandler                 0x080001b7   Thumb Code     0  startup_stm32f334x8.o(.text)
    DMA1_Channel2_IRQHandler                 0x080001b7   Thumb Code     0  startup_stm32f334x8.o(.text)
    DMA1_Channel3_IRQHandler                 0x080001b7   Thumb Code     0  startup_stm32f334x8.o(.text)
    DMA1_Channel4_IRQHandler                 0x080001b7   Thumb Code     0  startup_stm32f334x8.o(.text)
    DMA1_Channel5_IRQHandler                 0x080001b7   Thumb Code     0  startup_stm32f334x8.o(.text)
    DMA1_Channel6_IRQHandler                 0x080001b7   Thumb Code     0  startup_stm32f334x8.o(.text)
    DMA1_Channel7_IRQHandler                 0x080001b7   Thumb Code     0  startup_stm32f334x8.o(.text)
    EXTI15_10_IRQHandler                     0x080001b7   Thumb Code     0  startup_stm32f334x8.o(.text)
    EXTI1_IRQHandler                         0x080001b7   Thumb Code     0  startup_stm32f334x8.o(.text)
    EXTI2_TS_IRQHandler                      0x080001b7   Thumb Code     0  startup_stm32f334x8.o(.text)
    EXTI3_IRQHandler                         0x080001b7   Thumb Code     0  startup_stm32f334x8.o(.text)
    EXTI4_IRQHandler                         0x080001b7   Thumb Code     0  startup_stm32f334x8.o(.text)
    EXTI9_5_IRQHandler                       0x080001b7   Thumb Code     0  startup_stm32f334x8.o(.text)
    FLASH_IRQHandler                         0x080001b7   Thumb Code     0  startup_stm32f334x8.o(.text)
    FPU_IRQHandler                           0x080001b7   Thumb Code     0  startup_stm32f334x8.o(.text)
    HRTIM1_FLT_IRQHandler                    0x080001b7   Thumb Code     0  startup_stm32f334x8.o(.text)
    HRTIM1_Master_IRQHandler                 0x080001b7   Thumb Code     0  startup_stm32f334x8.o(.text)
    HRTIM1_TIMB_IRQHandler                   0x080001b7   Thumb Code     0  startup_stm32f334x8.o(.text)
    HRTIM1_TIMC_IRQHandler                   0x080001b7   Thumb Code     0  startup_stm32f334x8.o(.text)
    HRTIM1_TIMD_IRQHandler                   0x080001b7   Thumb Code     0  startup_stm32f334x8.o(.text)
    HRTIM1_TIME_IRQHandler                   0x080001b7   Thumb Code     0  startup_stm32f334x8.o(.text)
    I2C1_ER_IRQHandler                       0x080001b7   Thumb Code     0  startup_stm32f334x8.o(.text)
    I2C1_EV_IRQHandler                       0x080001b7   Thumb Code     0  startup_stm32f334x8.o(.text)
    PVD_IRQHandler                           0x080001b7   Thumb Code     0  startup_stm32f334x8.o(.text)
    RCC_IRQHandler                           0x080001b7   Thumb Code     0  startup_stm32f334x8.o(.text)
    RTC_Alarm_IRQHandler                     0x080001b7   Thumb Code     0  startup_stm32f334x8.o(.text)
    RTC_WKUP_IRQHandler                      0x080001b7   Thumb Code     0  startup_stm32f334x8.o(.text)
    SPI1_IRQHandler                          0x080001b7   Thumb Code     0  startup_stm32f334x8.o(.text)
    TAMPER_STAMP_IRQHandler                  0x080001b7   Thumb Code     0  startup_stm32f334x8.o(.text)
    TIM1_BRK_TIM15_IRQHandler                0x080001b7   Thumb Code     0  startup_stm32f334x8.o(.text)
    TIM1_CC_IRQHandler                       0x080001b7   Thumb Code     0  startup_stm32f334x8.o(.text)
    TIM1_TRG_COM_TIM17_IRQHandler            0x080001b7   Thumb Code     0  startup_stm32f334x8.o(.text)
    TIM1_UP_TIM16_IRQHandler                 0x080001b7   Thumb Code     0  startup_stm32f334x8.o(.text)
    TIM2_IRQHandler                          0x080001b7   Thumb Code     0  startup_stm32f334x8.o(.text)
    TIM6_DAC1_IRQHandler                     0x080001b7   Thumb Code     0  startup_stm32f334x8.o(.text)
    TIM7_DAC2_IRQHandler                     0x080001b7   Thumb Code     0  startup_stm32f334x8.o(.text)
    USART2_IRQHandler                        0x080001b7   Thumb Code     0  startup_stm32f334x8.o(.text)
    USART3_IRQHandler                        0x080001b7   Thumb Code     0  startup_stm32f334x8.o(.text)
    WWDG_IRQHandler                          0x080001b7   Thumb Code     0  startup_stm32f334x8.o(.text)
    __aeabi_fadd                             0x080001c1   Thumb Code   164  fadd.o(.text)
    __aeabi_fsub                             0x08000265   Thumb Code     6  fadd.o(.text)
    __aeabi_frsub                            0x0800026b   Thumb Code     6  fadd.o(.text)
    __aeabi_fmul                             0x08000271   Thumb Code   100  fmul.o(.text)
    __aeabi_fdiv                             0x080002d5   Thumb Code   124  fdiv.o(.text)
    __aeabi_dadd                             0x08000351   Thumb Code   322  dadd.o(.text)
    __aeabi_dsub                             0x08000493   Thumb Code     6  dadd.o(.text)
    __aeabi_drsub                            0x08000499   Thumb Code     6  dadd.o(.text)
    __aeabi_dmul                             0x0800049f   Thumb Code   228  dmul.o(.text)
    __aeabi_ddiv                             0x08000583   Thumb Code   222  ddiv.o(.text)
    __ARM_scalbn                             0x08000661   Thumb Code    46  dscalb.o(.text)
    scalbn                                   0x08000661   Thumb Code     0  dscalb.o(.text)
    __aeabi_ui2f                             0x0800068f   Thumb Code    10  ffltui.o(.text)
    __aeabi_ui2d                             0x08000699   Thumb Code    26  dfltui.o(.text)
    __aeabi_f2uiz                            0x080006b3   Thumb Code    40  ffixui.o(.text)
    __aeabi_d2uiz                            0x080006db   Thumb Code    50  dfixui.o(.text)
    __aeabi_f2d                              0x0800070d   Thumb Code    38  f2d.o(.text)
    __aeabi_d2f                              0x08000733   Thumb Code    56  d2f.o(.text)
    __aeabi_cfcmpeq                          0x0800076d   Thumb Code     0  cfcmple.o(.text)
    __aeabi_cfcmple                          0x0800076d   Thumb Code    20  cfcmple.o(.text)
    __aeabi_cfrcmple                         0x08000781   Thumb Code    20  cfrcmple.o(.text)
    __aeabi_uidiv                            0x08000795   Thumb Code     0  uidiv.o(.text)
    __aeabi_uidivmod                         0x08000795   Thumb Code    44  uidiv.o(.text)
    __aeabi_uldivmod                         0x080007c1   Thumb Code    98  uldiv.o(.text)
    __aeabi_llsl                             0x08000823   Thumb Code    30  llshl.o(.text)
    _ll_shift_l                              0x08000823   Thumb Code     0  llshl.o(.text)
    __aeabi_llsr                             0x08000841   Thumb Code    32  llushr.o(.text)
    _ll_ushift_r                             0x08000841   Thumb Code     0  llushr.o(.text)
    __aeabi_lasr                             0x08000861   Thumb Code    36  llsshr.o(.text)
    _ll_sshift_r                             0x08000861   Thumb Code     0  llsshr.o(.text)
    __I$use$fp                               0x08000885   Thumb Code     0  iusefp.o(.text)
    _float_round                             0x08000885   Thumb Code    18  fepilogue.o(.text)
    _float_epilogue                          0x08000897   Thumb Code    92  fepilogue.o(.text)
    _double_round                            0x080008f3   Thumb Code    30  depilogue.o(.text)
    _double_epilogue                         0x08000911   Thumb Code   156  depilogue.o(.text)
    __aeabi_d2ulz                            0x080009ad   Thumb Code    48  dfixul.o(.text)
    __aeabi_cdrcmple                         0x080009dd   Thumb Code    48  cdrcmple.o(.text)
    __scatterload                            0x08000a0d   Thumb Code    28  init.o(.text)
    __scatterload_rt2                        0x08000a0d   Thumb Code     0  init.o(.text)
    Long Thumb to Thumb Veneer to PID_Calc   0x08000a31   Thumb Code    10  anon$$obj.o(Veneer$$Code)
    ADC_Cmd                                  0x08000a3b   Thumb Code    20  stm32f30x_adc.o(i.ADC_Cmd)
    ADC_CommonInit                           0x08000a51   Thumb Code    72  stm32f30x_adc.o(i.ADC_CommonInit)
    ADC_GetCalibrationStatus                 0x08000aa5   Thumb Code    14  stm32f30x_adc.o(i.ADC_GetCalibrationStatus)
    ADC_GetFlagStatus                        0x08000ab3   Thumb Code    14  stm32f30x_adc.o(i.ADC_GetFlagStatus)
    ADC_GetInjectedConversionValue           0x08000ac1   Thumb Code    16  stm32f30x_adc.o(i.ADC_GetInjectedConversionValue)
    ADC_Init                                 0x08000ad1   Thumb Code    54  stm32f30x_adc.o(i.ADC_Init)
    ADC_InjectedChannelSampleTimeConfig      0x08000b0d   Thumb Code    62  stm32f30x_adc.o(i.ADC_InjectedChannelSampleTimeConfig)
    ADC_InjectedInit                         0x08000b4b   Thumb Code    44  stm32f30x_adc.o(i.ADC_InjectedInit)
    ADC_SelectCalibrationMode                0x08000b77   Thumb Code    16  stm32f30x_adc.o(i.ADC_SelectCalibrationMode)
    ADC_StartCalibration                     0x08000b87   Thumb Code    10  stm32f30x_adc.o(i.ADC_StartCalibration)
    ADC_StartInjectedConversion              0x08000b91   Thumb Code    10  stm32f30x_adc.o(i.ADC_StartInjectedConversion)
    ADC_VoltageRegulatorCmd                  0x08000b9b   Thumb Code    28  stm32f30x_adc.o(i.ADC_VoltageRegulatorCmd)
    ADC_init                                 0x08000bb7   Thumb Code   246  adc.o(i.ADC_init)
    BusFault_Handler                         0x08000cad   Thumb Code     2  stm32f3xx_it.o(i.BusFault_Handler)
    DebugMon_Handler                         0x08000caf   Thumb Code     2  stm32f3xx_it.o(i.DebugMon_Handler)
    Delay_ms                                 0x08000cb1   Thumb Code    16  system_stm32f30x.o(i.Delay_ms)
    EXTI0_IRQHandler                         0x08000cc5   Thumb Code     2  stm32f3xx_it.o(i.EXTI0_IRQHandler)
    GPIO_Init                                0x08000cc7   Thumb Code   116  stm32f30x_gpio.o(i.GPIO_Init)
    GPIO_PinAFConfig                         0x08000d3b   Thumb Code    32  stm32f30x_gpio.o(i.GPIO_PinAFConfig)
    HRTIM1_TIMA_IRQHandler                   0x08000d5d   Thumb Code    28  hrpwm.o(i.HRTIM1_TIMA_IRQHandler)
    HRTIM_ADCTriggerConfig                   0x08000d7d   Thumb Code    94  stm32f30x_hrtim.o(i.HRTIM_ADCTriggerConfig)
    HRTIM_ClearITPendingBit                  0x08000ddb   Thumb Code    36  stm32f30x_hrtim.o(i.HRTIM_ClearITPendingBit)
    HRTIM_DLLCalibrationStart                0x08000dff   Thumb Code    34  stm32f30x_hrtim.o(i.HRTIM_DLLCalibrationStart)
    HRTIM_DeadTimeConfig                     0x08000e21   Thumb Code    56  stm32f30x_hrtim.o(i.HRTIM_DeadTimeConfig)
    HRTIM_GetCommonFlagStatus                0x08000e5d   Thumb Code    16  stm32f30x_hrtim.o(i.HRTIM_GetCommonFlagStatus)
    HRTIM_GetITStatus                        0x08000e6d   Thumb Code    62  stm32f30x_hrtim.o(i.HRTIM_GetITStatus)
    HRTIM_SlaveSetCompare                    0x08000f63   Thumb Code    44  stm32f30x_hrtim.o(i.HRTIM_SlaveSetCompare)
    HRTIM_WaveformCompareConfig              0x0800105f   Thumb Code   120  stm32f30x_hrtim.o(i.HRTIM_WaveformCompareConfig)
    HRTIM_WaveformCounterStart               0x080010d7   Thumb Code     8  stm32f30x_hrtim.o(i.HRTIM_WaveformCounterStart)
    HRTIM_WaveformOutputConfig               0x080010df   Thumb Code     4  stm32f30x_hrtim.o(i.HRTIM_WaveformOutputConfig)
    HRTIM_WaveformOutputStart                0x080010e3   Thumb Code     6  stm32f30x_hrtim.o(i.HRTIM_WaveformOutputStart)
    HRTIM_WaveformOutputStop                 0x080010e9   Thumb Code     6  stm32f30x_hrtim.o(i.HRTIM_WaveformOutputStop)
    HRTIM_WaveformTimerConfig                0x080010ef   Thumb Code    88  stm32f30x_hrtim.o(i.HRTIM_WaveformTimerConfig)
    HRTIM_Waveform_Init                      0x08001147   Thumb Code   116  stm32f30x_hrtim.o(i.HRTIM_Waveform_Init)
    HardFault_Handler                        0x080011bb   Thumb Code     2  stm32f3xx_it.o(i.HardFault_Handler)
    HrPWM_CHA_Init                           0x080011bd   Thumb Code   486  hrpwm.o(i.HrPWM_CHA_Init)
    HrPWM_CHA_Update                         0x080013c1   Thumb Code    40  hrpwm.o(i.HrPWM_CHA_Update)
    LED1_Off                                 0x080013ed   Thumb Code     8  onboard_led.o(i.LED1_Off)
    LED1_On                                  0x080013f9   Thumb Code     8  onboard_led.o(i.LED1_On)
    LED1_Toggle                              0x08001405   Thumb Code    12  onboard_led.o(i.LED1_Toggle)
    LED2_Off                                 0x08001415   Thumb Code     8  onboard_led.o(i.LED2_Off)
    LED2_On                                  0x08001421   Thumb Code     8  onboard_led.o(i.LED2_On)
    LED2_Toggle                              0x0800142d   Thumb Code    12  onboard_led.o(i.LED2_Toggle)
    LED_Init                                 0x0800143d   Thumb Code    58  onboard_led.o(i.LED_Init)
    MemManage_Handler                        0x0800147d   Thumb Code     2  stm32f3xx_it.o(i.MemManage_Handler)
    NMI_Handler                              0x0800147f   Thumb Code     2  stm32f3xx_it.o(i.NMI_Handler)
    NVIC_Init                                0x08001481   Thumb Code    94  stm32f30x_misc.o(i.NVIC_Init)
    PID_DeInit                               0x080014e5   Thumb Code    46  hp_pid_code.o(i.PID_DeInit)
    PID_init                                 0x08001515   Thumb Code   152  hp_pid_code.o(i.PID_init)
    PendSV_Handler                           0x080015b1   Thumb Code     2  stm32f3xx_it.o(i.PendSV_Handler)
    RCC_ADCCLKConfig                         0x080015b5   Thumb Code    28  stm32f30x_rcc.o(i.RCC_ADCCLKConfig)
    RCC_AHBPeriphClockCmd                    0x080015d5   Thumb Code    18  stm32f30x_rcc.o(i.RCC_AHBPeriphClockCmd)
    RCC_APB1PeriphClockCmd                   0x080015ed   Thumb Code    18  stm32f30x_rcc.o(i.RCC_APB1PeriphClockCmd)
    RCC_APB2PeriphClockCmd                   0x08001605   Thumb Code    18  stm32f30x_rcc.o(i.RCC_APB2PeriphClockCmd)
    RCC_DeInit                               0x0800161d   Thumb Code    64  stm32f30x_rcc.o(i.RCC_DeInit)
    RCC_GetClocksFreq                        0x0800166d   Thumb Code   718  stm32f30x_rcc.o(i.RCC_GetClocksFreq)
    RCC_HRTIM1CLKConfig                      0x0800194d   Thumb Code    18  stm32f30x_rcc.o(i.RCC_HRTIM1CLKConfig)
    SVC_Handler                              0x08001965   Thumb Code     2  stm32f3xx_it.o(i.SVC_Handler)
    SysTick_Handler                          0x08001967   Thumb Code     4  stm32f3xx_it.o(i.SysTick_Handler)
    SystemInit                               0x0800196d   Thumb Code    78  system_stm32f30x.o(i.SystemInit)
    TIM3_IRQHandler                          0x08001a69   Thumb Code   158  main.o(i.TIM3_IRQHandler)
    TIMER3_init                              0x08001b31   Thumb Code    86  timer.o(i.TIMER3_init)
    TIM_ClearITPendingBit                    0x08001b8d   Thumb Code     8  stm32f30x_tim.o(i.TIM_ClearITPendingBit)
    TIM_Cmd                                  0x08001b95   Thumb Code    20  stm32f30x_tim.o(i.TIM_Cmd)
    TIM_GetITStatus                          0x08001ba9   Thumb Code    24  stm32f30x_tim.o(i.TIM_GetITStatus)
    TIM_ITConfig                             0x08001bc1   Thumb Code    20  stm32f30x_tim.o(i.TIM_ITConfig)
    TIM_TimeBaseInit                         0x08001bd5   Thumb Code   108  stm32f30x_tim.o(i.TIM_TimeBaseInit)
    TimingDelay_Decrement                    0x08001c65   Thumb Code    16  system_stm32f30x.o(i.TimingDelay_Decrement)
    USART1_IRQHandler                        0x08001c79   Thumb Code     2  usart.o(i.USART1_IRQHandler)
    USART1_TxSend                            0x08001c7d   Thumb Code    50  usart.o(i.USART1_TxSend)
    USART1_init                              0x08001cb5   Thumb Code   122  usart.o(i.USART1_init)
    USART_ClearFlag                          0x08001d39   Thumb Code     4  stm32f30x_usart.o(i.USART_ClearFlag)
    USART_Cmd                                0x08001d3d   Thumb Code    20  stm32f30x_usart.o(i.USART_Cmd)
    USART_GetFlagStatus                      0x08001d51   Thumb Code    14  stm32f30x_usart.o(i.USART_GetFlagStatus)
    USART_Init                               0x08001d61   Thumb Code   164  stm32f30x_usart.o(i.USART_Init)
    USART_SendData                           0x08001e15   Thumb Code     8  stm32f30x_usart.o(i.USART_SendData)
    UsageFault_Handler                       0x08001e1d   Thumb Code     2  stm32f3xx_it.o(i.UsageFault_Handler)
    __0printf                                0x08001e21   Thumb Code    22  printfa.o(i.__0printf)
    __1printf                                0x08001e21   Thumb Code     0  printfa.o(i.__0printf)
    __2printf                                0x08001e21   Thumb Code     0  printfa.o(i.__0printf)
    __c89printf                              0x08001e21   Thumb Code     0  printfa.o(i.__0printf)
    printf                                   0x08001e21   Thumb Code     0  printfa.o(i.__0printf)
    __scatterload_copy                       0x08001e41   Thumb Code    14  handlers.o(i.__scatterload_copy)
    __scatterload_null                       0x08001e4f   Thumb Code     2  handlers.o(i.__scatterload_null)
    __scatterload_zeroinit                   0x08001e51   Thumb Code    14  handlers.o(i.__scatterload_zeroinit)
    fputc                                    0x080026f3   Thumb Code    14  usart.o(i.fputc)
    main                                     0x08002701   Thumb Code   688  main.o(i.main)
    Region$$Table$$Base                      0x08002a4c   Number         0  anon$$obj.o(Region$$Table)
    Region$$Table$$Limit                     0x08002a7c   Number         0  anon$$obj.o(Region$$Table)
    PID_Calc                                 0x20000001   Thumb Code   112  hp_pid_code.o(RAMCODE)
    PI_Calc                                  0x20000071   Thumb Code    92  hp_pid_code.o(RAMCODE)
    Long Thumb to Thumb Veneer to __aeabi_fsub 0x200000cd   Thumb Code    10  anon$$obj.o(Veneer$$Code)
    Long Thumb to Thumb Veneer to __aeabi_fmul 0x200000d7   Thumb Code    10  anon$$obj.o(Veneer$$Code)
    Long Thumb to Thumb Veneer to __aeabi_fadd 0x200000e1   Thumb Code    10  anon$$obj.o(Veneer$$Code)
    Long Thumb to Thumb Veneer to __aeabi_cfrcmple 0x200000eb   Thumb Code    10  anon$$obj.o(Veneer$$Code)
    Long Thumb to Thumb Veneer to __aeabi_cfcmple 0x200000f5   Thumb Code    10  anon$$obj.o(Veneer$$Code)
    ADC_VIPWR_Value                          0x20000100   Data           2  main.o(.data)
    ADC_VOPWR_Value                          0x20000102   Data           2  main.o(.data)
    ADC_VOEXT_Value                          0x20000104   Data           2  main.o(.data)
    ADC_IOPWR_Value                          0x20000106   Data           2  main.o(.data)
    VIPWR                                    0x20000108   Data           4  main.o(.data)
    VOPWR                                    0x2000010c   Data           4  main.o(.data)
    VOEXT                                    0x20000110   Data           4  main.o(.data)
    IOPWR                                    0x20000114   Data           4  main.o(.data)
    VoutREF                                  0x20000118   Data           4  main.o(.data)
    PWM_Period                               0x20000120   Data           4  main.o(.data)
    PWM_Duty                                 0x20000124   Data           4  main.o(.data)
    SystemCoreClock                          0x20000128   Data           4  system_stm32f30x.o(.data)
    AHBPrescTable                            0x20000130   Data          16  system_stm32f30x.o(.data)
    __stdout                                 0x20000170   Data           4  stdout.o(.data)
    pid_voltage_loop                         0x20000178   Data          88  main.o(.bss)
    pid_current_loop                         0x200001d0   Data          88  main.o(.bss)
    HRTIM_BaseInitStructure                  0x20000228   Data          16  hrpwm.o(.bss)
    __initial_sp                             0x20000638   Data           0  startup_stm32f334x8.o(STACK)



==============================================================================

Memory Map of the image

  Image Entry point : 0x08000189

  Load Region LR_IROM1 (Base: 0x08000000, Size: 0x00002bf0, Max: 0x00010000, ABSOLUTE)

    Execution Region ER_IROM1 (Base: 0x08000000, Size: 0x00002a7c, Max: 0x00010000, ABSOLUTE)

    Base Addr    Size         Type   Attr      Idx    E Section Name        Object

    0x08000000   0x00000188   Data   RO         4944    RESET               startup_stm32f334x8.o
    0x08000188   0x00000000   Code   RO         4949  * .ARM.Collect$$$$00000000  mc_w.l(entry.o)
    0x08000188   0x00000004   Code   RO         5243    .ARM.Collect$$$$00000001  mc_w.l(entry2.o)
    0x0800018c   0x00000004   Code   RO         5246    .ARM.Collect$$$$00000004  mc_w.l(entry5.o)
    0x08000190   0x00000000   Code   RO         5248    .ARM.Collect$$$$00000008  mc_w.l(entry7b.o)
    0x08000190   0x00000000   Code   RO         5250    .ARM.Collect$$$$0000000A  mc_w.l(entry8b.o)
    0x08000190   0x00000008   Code   RO         5251    .ARM.Collect$$$$0000000B  mc_w.l(entry9a.o)
    0x08000198   0x00000000   Code   RO         5253    .ARM.Collect$$$$0000000D  mc_w.l(entry10a.o)
    0x08000198   0x00000000   Code   RO         5255    .ARM.Collect$$$$0000000F  mc_w.l(entry11a.o)
    0x08000198   0x00000004   Code   RO         5244    .ARM.Collect$$$$00002712  mc_w.l(entry2.o)
    0x0800019c   0x00000024   Code   RO         4945    .text               startup_stm32f334x8.o
    0x080001c0   0x000000b0   Code   RO         5213    .text               mf_w.l(fadd.o)
    0x08000270   0x00000064   Code   RO         5215    .text               mf_w.l(fmul.o)
    0x080002d4   0x0000007c   Code   RO         5217    .text               mf_w.l(fdiv.o)
    0x08000350   0x0000014e   Code   RO         5219    .text               mf_w.l(dadd.o)
    0x0800049e   0x000000e4   Code   RO         5221    .text               mf_w.l(dmul.o)
    0x08000582   0x000000de   Code   RO         5223    .text               mf_w.l(ddiv.o)
    0x08000660   0x0000002e   Code   RO         5225    .text               mf_w.l(dscalb.o)
    0x0800068e   0x0000000a   Code   RO         5227    .text               mf_w.l(ffltui.o)
    0x08000698   0x0000001a   Code   RO         5229    .text               mf_w.l(dfltui.o)
    0x080006b2   0x00000028   Code   RO         5231    .text               mf_w.l(ffixui.o)
    0x080006da   0x00000032   Code   RO         5233    .text               mf_w.l(dfixui.o)
    0x0800070c   0x00000026   Code   RO         5235    .text               mf_w.l(f2d.o)
    0x08000732   0x00000038   Code   RO         5237    .text               mf_w.l(d2f.o)
    0x0800076a   0x00000002   PAD
    0x0800076c   0x00000014   Code   RO         5239    .text               mf_w.l(cfcmple.o)
    0x08000780   0x00000014   Code   RO         5241    .text               mf_w.l(cfrcmple.o)
    0x08000794   0x0000002c   Code   RO         5258    .text               mc_w.l(uidiv.o)
    0x080007c0   0x00000062   Code   RO         5260    .text               mc_w.l(uldiv.o)
    0x08000822   0x0000001e   Code   RO         5262    .text               mc_w.l(llshl.o)
    0x08000840   0x00000020   Code   RO         5264    .text               mc_w.l(llushr.o)
    0x08000860   0x00000024   Code   RO         5266    .text               mc_w.l(llsshr.o)
    0x08000884   0x00000000   Code   RO         5268    .text               mc_w.l(iusefp.o)
    0x08000884   0x0000006e   Code   RO         5269    .text               mf_w.l(fepilogue.o)
    0x080008f2   0x000000ba   Code   RO         5271    .text               mf_w.l(depilogue.o)
    0x080009ac   0x00000030   Code   RO         5273    .text               mf_w.l(dfixul.o)
    0x080009dc   0x00000030   Code   RO         5275    .text               mf_w.l(cdrcmple.o)
    0x08000a0c   0x00000024   Code   RO         5277    .text               mc_w.l(init.o)
    0x08000a30   0x0000000a   Ven    RO         5287    Veneer$$Code        anon$$obj.o
    0x08000a3a   0x00000014   Code   RO          728    i.ADC_Cmd           stm32f30x_adc.o
    0x08000a4e   0x00000002   PAD
    0x08000a50   0x00000054   Code   RO          729    i.ADC_CommonInit    stm32f30x_adc.o
    0x08000aa4   0x0000000e   Code   RO          738    i.ADC_GetCalibrationStatus  stm32f30x_adc.o
    0x08000ab2   0x0000000e   Code   RO          744    i.ADC_GetFlagStatus  stm32f30x_adc.o
    0x08000ac0   0x00000010   Code   RO          746    i.ADC_GetInjectedConversionValue  stm32f30x_adc.o
    0x08000ad0   0x0000003c   Code   RO          750    i.ADC_Init          stm32f30x_adc.o
    0x08000b0c   0x0000003e   Code   RO          751    i.ADC_InjectedChannelSampleTimeConfig  stm32f30x_adc.o
    0x08000b4a   0x0000002c   Code   RO          753    i.ADC_InjectedInit  stm32f30x_adc.o
    0x08000b76   0x00000010   Code   RO          757    i.ADC_SelectCalibrationMode  stm32f30x_adc.o
    0x08000b86   0x0000000a   Code   RO          765    i.ADC_StartCalibration  stm32f30x_adc.o
    0x08000b90   0x0000000a   Code   RO          767    i.ADC_StartInjectedConversion  stm32f30x_adc.o
    0x08000b9a   0x0000001c   Code   RO          773    i.ADC_VoltageRegulatorCmd  stm32f30x_adc.o
    0x08000bb6   0x000000f6   Code   RO          612    i.ADC_init          adc.o
    0x08000cac   0x00000002   Code   RO          168    i.BusFault_Handler  stm32f3xx_it.o
    0x08000cae   0x00000002   Code   RO          169    i.DebugMon_Handler  stm32f3xx_it.o
    0x08000cb0   0x00000014   Code   RO          250    i.Delay_ms          system_stm32f30x.o
    0x08000cc4   0x00000002   Code   RO          170    i.EXTI0_IRQHandler  stm32f3xx_it.o
    0x08000cc6   0x00000074   Code   RO         1917    i.GPIO_Init         stm32f30x_gpio.o
    0x08000d3a   0x00000020   Code   RO         1918    i.GPIO_PinAFConfig  stm32f30x_gpio.o
    0x08000d5a   0x00000002   PAD
    0x08000d5c   0x00000020   Code   RO          577    i.HRTIM1_TIMA_IRQHandler  hrpwm.o
    0x08000d7c   0x0000005e   Code   RO         2008    i.HRTIM_ADCTriggerConfig  stm32f30x_hrtim.o
    0x08000dda   0x00000024   Code   RO         2016    i.HRTIM_ClearITPendingBit  stm32f30x_hrtim.o
    0x08000dfe   0x00000022   Code   RO         2018    i.HRTIM_DLLCalibrationStart  stm32f30x_hrtim.o
    0x08000e20   0x0000003c   Code   RO         2021    i.HRTIM_DeadTimeConfig  stm32f30x_hrtim.o
    0x08000e5c   0x00000010   Code   RO         2030    i.HRTIM_GetCommonFlagStatus  stm32f30x_hrtim.o
    0x08000e6c   0x0000003e   Code   RO         2035    i.HRTIM_GetITStatus  stm32f30x_hrtim.o
    0x08000eaa   0x0000002a   Code   RO         2039    i.HRTIM_MasterBase_Config  stm32f30x_hrtim.o
    0x08000ed4   0x0000008e   Code   RO         2041    i.HRTIM_OutputConfig  stm32f30x_hrtim.o
    0x08000f62   0x0000002c   Code   RO         2061    i.HRTIM_SlaveSetCompare  stm32f30x_hrtim.o
    0x08000f8e   0x00000030   Code   RO         2068    i.HRTIM_TimingUnitBase_Config  stm32f30x_hrtim.o
    0x08000fbe   0x000000a0   Code   RO         2069    i.HRTIM_TimingUnitWaveform_Config  stm32f30x_hrtim.o
    0x0800105e   0x00000078   Code   RO         2071    i.HRTIM_WaveformCompareConfig  stm32f30x_hrtim.o
    0x080010d6   0x00000008   Code   RO         2072    i.HRTIM_WaveformCounterStart  stm32f30x_hrtim.o
    0x080010de   0x00000004   Code   RO         2076    i.HRTIM_WaveformOutputConfig  stm32f30x_hrtim.o
    0x080010e2   0x00000006   Code   RO         2077    i.HRTIM_WaveformOutputStart  stm32f30x_hrtim.o
    0x080010e8   0x00000006   Code   RO         2078    i.HRTIM_WaveformOutputStop  stm32f30x_hrtim.o
    0x080010ee   0x00000058   Code   RO         2080    i.HRTIM_WaveformTimerConfig  stm32f30x_hrtim.o
    0x08001146   0x00000074   Code   RO         2081    i.HRTIM_Waveform_Init  stm32f30x_hrtim.o
    0x080011ba   0x00000002   Code   RO          171    i.HardFault_Handler  stm32f3xx_it.o
    0x080011bc   0x00000204   Code   RO          578    i.HrPWM_CHA_Init    hrpwm.o
    0x080013c0   0x0000002c   Code   RO          579    i.HrPWM_CHA_Update  hrpwm.o
    0x080013ec   0x0000000c   Code   RO          465    i.LED1_Off          onboard_led.o
    0x080013f8   0x0000000c   Code   RO          466    i.LED1_On           onboard_led.o
    0x08001404   0x00000010   Code   RO          467    i.LED1_Toggle       onboard_led.o
    0x08001414   0x0000000c   Code   RO          468    i.LED2_Off          onboard_led.o
    0x08001420   0x0000000c   Code   RO          469    i.LED2_On           onboard_led.o
    0x0800142c   0x00000010   Code   RO          470    i.LED2_Toggle       onboard_led.o
    0x0800143c   0x00000040   Code   RO          471    i.LED_Init          onboard_led.o
    0x0800147c   0x00000002   Code   RO          172    i.MemManage_Handler  stm32f3xx_it.o
    0x0800147e   0x00000002   Code   RO          173    i.NMI_Handler       stm32f3xx_it.o
    0x08001480   0x00000064   Code   RO         2783    i.NVIC_Init         stm32f30x_misc.o
    0x080014e4   0x0000002e   Code   RO          417    i.PID_DeInit        hp_pid_code.o
    0x08001512   0x00000002   PAD
    0x08001514   0x0000009c   Code   RO          418    i.PID_init          hp_pid_code.o
    0x080015b0   0x00000002   Code   RO          174    i.PendSV_Handler    stm32f3xx_it.o
    0x080015b2   0x00000002   PAD
    0x080015b4   0x00000020   Code   RO         3005    i.RCC_ADCCLKConfig  stm32f30x_rcc.o
    0x080015d4   0x00000018   Code   RO         3006    i.RCC_AHBPeriphClockCmd  stm32f30x_rcc.o
    0x080015ec   0x00000018   Code   RO         3008    i.RCC_APB1PeriphClockCmd  stm32f30x_rcc.o
    0x08001604   0x00000018   Code   RO         3010    i.RCC_APB2PeriphClockCmd  stm32f30x_rcc.o
    0x0800161c   0x00000050   Code   RO         3017    i.RCC_DeInit        stm32f30x_rcc.o
    0x0800166c   0x000002e0   Code   RO         3018    i.RCC_GetClocksFreq  stm32f30x_rcc.o
    0x0800194c   0x00000018   Code   RO         3023    i.RCC_HRTIM1CLKConfig  stm32f30x_rcc.o
    0x08001964   0x00000002   Code   RO          175    i.SVC_Handler       stm32f3xx_it.o
    0x08001966   0x00000004   Code   RO          176    i.SysTick_Handler   stm32f3xx_it.o
    0x0800196a   0x00000002   PAD
    0x0800196c   0x00000064   Code   RO          253    i.SystemInit        system_stm32f30x.o
    0x080019d0   0x00000098   Code   RO          254    i.System_HSIClockInit  system_stm32f30x.o
    0x08001a68   0x000000c8   Code   RO            4    i.TIM3_IRQHandler   main.o
    0x08001b30   0x0000005c   Code   RO          692    i.TIMER3_init       timer.o
    0x08001b8c   0x00000008   Code   RO         3908    i.TIM_ClearITPendingBit  stm32f30x_tim.o
    0x08001b94   0x00000014   Code   RO         3915    i.TIM_Cmd           stm32f30x_tim.o
    0x08001ba8   0x00000018   Code   RO         3938    i.TIM_GetITStatus   stm32f30x_tim.o
    0x08001bc0   0x00000014   Code   RO         3942    i.TIM_ITConfig      stm32f30x_tim.o
    0x08001bd4   0x00000090   Code   RO         4002    i.TIM_TimeBaseInit  stm32f30x_tim.o
    0x08001c64   0x00000014   Code   RO          255    i.TimingDelay_Decrement  system_stm32f30x.o
    0x08001c78   0x00000002   Code   RO          520    i.USART1_IRQHandler  usart.o
    0x08001c7a   0x00000002   PAD
    0x08001c7c   0x00000038   Code   RO          522    i.USART1_TxSend     usart.o
    0x08001cb4   0x00000084   Code   RO          523    i.USART1_init       usart.o
    0x08001d38   0x00000004   Code   RO         4577    i.USART_ClearFlag   stm32f30x_usart.o
    0x08001d3c   0x00000014   Code   RO         4581    i.USART_Cmd         stm32f30x_usart.o
    0x08001d50   0x0000000e   Code   RO         4589    i.USART_GetFlagStatus  stm32f30x_usart.o
    0x08001d5e   0x00000002   PAD
    0x08001d60   0x000000b4   Code   RO         4593    i.USART_Init        stm32f30x_usart.o
    0x08001e14   0x00000008   Code   RO         4610    i.USART_SendData    stm32f30x_usart.o
    0x08001e1c   0x00000002   Code   RO          177    i.UsageFault_Handler  stm32f3xx_it.o
    0x08001e1e   0x00000002   PAD
    0x08001e20   0x00000020   Code   RO         5185    i.__0printf         mc_w.l(printfa.o)
    0x08001e40   0x0000000e   Code   RO         5281    i.__scatterload_copy  mc_w.l(handlers.o)
    0x08001e4e   0x00000002   Code   RO         5282    i.__scatterload_null  mc_w.l(handlers.o)
    0x08001e50   0x0000000e   Code   RO         5283    i.__scatterload_zeroinit  mc_w.l(handlers.o)
    0x08001e5e   0x00000002   PAD
    0x08001e60   0x00000164   Code   RO         5192    i._fp_digits        mc_w.l(printfa.o)
    0x08001fc4   0x000006dc   Code   RO         5193    i._printf_core      mc_w.l(printfa.o)
    0x080026a0   0x00000024   Code   RO         5194    i._printf_post_padding  mc_w.l(printfa.o)
    0x080026c4   0x0000002e   Code   RO         5195    i._printf_pre_padding  mc_w.l(printfa.o)
    0x080026f2   0x0000000e   Code   RO          525    i.fputc             usart.o
    0x08002700   0x0000034c   Code   RO            5    i.main              main.o
    0x08002a4c   0x00000030   Data   RO         5279    Region$$Table       anon$$obj.o


    Execution Region RW_IRAM1 (Base: 0x20000000, Size: 0x00000638, Max: 0x00002800, ABSOLUTE)

    Base Addr    Size         Type   Attr      Idx    E Section Name        Object

    0x20000000   0x000000cc   Code   RO          415    RAMCODE             hp_pid_code.o
    0x200000cc   0x0000000a   Ven    RO         5288    Veneer$$Code        anon$$obj.o
    0x200000d6   0x0000000a   Ven    RO         5289    Veneer$$Code        anon$$obj.o
    0x200000e0   0x0000000a   Ven    RO         5290    Veneer$$Code        anon$$obj.o
    0x200000ea   0x0000000a   Ven    RO         5291    Veneer$$Code        anon$$obj.o
    0x200000f4   0x0000000a   Ven    RO         5292    Veneer$$Code        anon$$obj.o
    0x200000fe   0x00000002   PAD
    0x20000100   0x00000028   Data   RW            7    .data               main.o
    0x20000128   0x00000018   Data   RW          256    .data               system_stm32f30x.o
    0x20000140   0x00000030   Data   RW         3045    .data               stm32f30x_rcc.o
    0x20000170   0x00000004   Data   RW         5257    .data               mc_w.l(stdout.o)
    0x20000174   0x00000004   PAD
    0x20000178   0x000000b0   Zero   RW            6    .bss                main.o
    0x20000228   0x00000010   Zero   RW          580    .bss                hrpwm.o
    0x20000238   0x00000400   Zero   RW         4942    STACK               startup_stm32f334x8.o


==============================================================================

Image component sizes


      Code (inc. data)   RO Data    RW Data    ZI Data      Debug   Object Name

       246          0          0          0          0        723   adc.o
       406          4          0          0          0       2179   hp_pid_code.o
       592         38          0          0         16       2351   hrpwm.o
      1044        198          0         40        176     418828   main.o
       144         30          0          0          0       3451   onboard_led.o
        36          8        392          0       1024        796   startup_stm32f334x8.o
       378         18          0          0          0       7486   stm32f30x_adc.o
       148          0          0          0          0       1711   stm32f30x_gpio.o
      1086         22          0          0          0      13215   stm32f30x_hrtim.o
       100          6          0          0          0       1024   stm32f30x_misc.o
       944         62          0         48          0       6444   stm32f30x_rcc.o
       216         36          0          0          0       4561   stm32f30x_tim.o
       226         16          0          0          0       3702   stm32f30x_usart.o
        22          0          0          0          0       4205   stm32f3xx_it.o
       292         38          0         24          0       2719   system_stm32f30x.o
        92          6          0          0          0        598   timer.o
       204         16          0          0          0       3922   usart.o

    ----------------------------------------------------------------------
      6254        498        440        112       1216     477915   Object Totals
        60          0         48          0          0          0   (incl. Generated)
        18          0          0          0          0          0   (incl. Padding)

    ----------------------------------------------------------------------

      Code (inc. data)   RO Data    RW Data    ZI Data      Debug   Library Member Name

         0          0          0          0          0          0   entry.o
         0          0          0          0          0          0   entry10a.o
         0          0          0          0          0          0   entry11a.o
         8          4          0          0          0          0   entry2.o
         4          0          0          0          0          0   entry5.o
         0          0          0          0          0          0   entry7b.o
         0          0          0          0          0          0   entry8b.o
         8          4          0          0          0          0   entry9a.o
        30          0          0          0          0          0   handlers.o
        36          8          0          0          0         68   init.o
         0          0          0          0          0          0   iusefp.o
        30          0          0          0          0         68   llshl.o
        36          0          0          0          0         68   llsshr.o
        32          0          0          0          0         68   llushr.o
      2226         90          0          0          0        444   printfa.o
         0          0          0          4          0          0   stdout.o
        44          0          0          0          0         80   uidiv.o
        98          0          0          0          0         92   uldiv.o
        48          0          0          0          0         68   cdrcmple.o
        20          0          0          0          0         68   cfcmple.o
        20          0          0          0          0         68   cfrcmple.o
        56          0          0          0          0         88   d2f.o
       334          0          0          0          0        148   dadd.o
       222          0          0          0          0        100   ddiv.o
       186          0          0          0          0        176   depilogue.o
        50          0          0          0          0         76   dfixui.o
        48          0          0          0          0         68   dfixul.o
        26          0          0          0          0         76   dfltui.o
       228          0          0          0          0         96   dmul.o
        46          0          0          0          0         80   dscalb.o
        38          0          0          0          0         68   f2d.o
       176          0          0          0          0        140   fadd.o
       124          0          0          0          0         88   fdiv.o
       110          0          0          0          0        168   fepilogue.o
        40          0          0          0          0         68   ffixui.o
        10          0          0          0          0         68   ffltui.o
       100          0          0          0          0         76   fmul.o

    ----------------------------------------------------------------------
      4438        106          0          4          4       2676   Library Totals
         4          0          0          0          4          0   (incl. Padding)

    ----------------------------------------------------------------------

      Code (inc. data)   RO Data    RW Data    ZI Data      Debug   Library Name

      2552        106          0          4          0        888   mc_w.l
      1882          0          0          0          0       1788   mf_w.l

    ----------------------------------------------------------------------
      4438        106          0          4          4       2676   Library Totals

    ----------------------------------------------------------------------

==============================================================================


      Code (inc. data)   RO Data    RW Data    ZI Data      Debug   

     10692        604        440        116       1220     475023   Grand Totals
     10692        604        440        116       1220     475023   ELF Image Totals
     10692        604        440        116          0          0   ROM Totals

==============================================================================

    Total RO  Size (Code + RO Data)                11132 (  10.87kB)
    Total RW  Size (RW Data + ZI Data)              1336 (   1.30kB)
    Total ROM Size (Code + RO Data + RW Data)      11248 (  10.98kB)

==============================================================================

