<html>
<body>
<pre>
<h1>礦ision Build Log</h1>
<h2>Tool Versions:</h2>
IDE-Version: μVision V5.15
Copyright (C) 2015 ARM Ltd and ARM Germany GmbH. All rights reserved.
License Information: Microsoft, Microsoft, LIC=FYKHL-05YE7-54XSV-P20VQ-82HWW-W3L2I
 
Tool Versions:
Toolchain:       MDK-ARM Standard  Version: 5.15.0
Toolchain Path:  D:\New_Keil\ARM\ARMCC\Bin
C Compiler:      Armcc.exe V5.05 update 2 (build 169)
Assembler:       Armasm.exe V5.05 update 2 (build 169)
Linker/Locator:  ArmLink.exe V5.05 update 2 (build 169)
Library Manager: ArmAr.exe V5.05 update 2 (build 169)
Hex Converter:   FromElf.exe V5.05 update 2 (build 169)
CPU DLL:         SARMCM3.DLL V5.15.0
Dialog DLL:      DCM.DLL V1.13.2.0
Target DLL:      Segger\JL2CM3.dll V2.99.15.0
Dialog DLL:      TCM.DLL V1.14.5.0
 
<h2>Project:</h2>
D:\STM32F4\CC_Library\待验证\STM32F334_Template\project\Syn-Buck.uvprojx
Project File Date:  07/30/2016

<h2>Output:</h2>
*** Using Compiler 'V5.05 update 2 (build 169)', folder: 'D:\New_Keil\ARM\ARMCC\Bin'
Build target 'stm32f334'
compiling main.c...
linking...
.\Objects\f334 DEMO.sct(13): warning: L6329W: Pattern *.o(RAMCODE) only matches removed unused sections.
Program Size: Code=1040 RO-data=424 RW-data=24 ZI-data=1024  
Finished: 0 information, 1 warning and 0 error messages.
".\Objects\Syn-Buck current-mode  control.axf" - 0 Error(s), 1 Warning(s).

<h2>Collection of Component include folders:</h2>
  D:\STM32F4\CC_Library\待验证\STM32F334_Template\project\RTE
  D:\New_Keil\PACK\Keil\STM32F3xx_DFP\1.3.0\Device\Include

<h2>Collection of Component Files used:</h2>
</pre>
</body>
</html>
